09-27 04:51:33.416: D/PowerManagerService(1677): updateUserActivitySummaryLocked: mWakefulness=Awake, mUserActivitySummary=0x4, nextTimeout=-1 (7532716 ms ago)
09-27 04:51:33.416: D/PowerManagerService(1677): updateDisplayPowerStateLocked: mDisplayReady=true, policy=2, mWakefulness=1, mWakeLockSummary=0x1, mUserActivitySummary=0x4, mBootCompleted=true, mScreenBrightnessBoostInProgress=false, mIsVrModeEnabled= false, sQuiescent=false
09-27 04:51:33.417: D/PowerManagerService(1677): releaseWakeLockInternal: lock=104353044 [CMWakeLock], flags=0x0
09-27 04:51:33.417: D/PowerManagerService(1677): updateWakeLockSummaryLocked: mWakefulness=Awake, mWakeLockSummary=0x1
09-27 04:51:33.417: D/PowerManagerService(1677): updateUserActivitySummaryLocked: mWakefulness=Awake, mUserActivitySummary=0x4, nextTimeout=-1 (7532717 ms ago)
09-27 04:51:33.417: D/PowerManagerService(1677): updateDisplayPowerStateLocked: mDisplayReady=true, policy=2, mWakefulness=1, mWakeLockSummary=0x1, mUserActivitySummary=0x4, mBootCompleted=true, mScreenBrightnessBoostInProgress=false, mIsVrModeEnabled= false, sQuiescent=false
09-27 04:51:33.418: D/PowerManagerService(1677): acquireWakeLockInternal: lock=143068933, flags=0x1, tag="Icing", ws=WorkSource{10014 com.google.android.gms}, uid=10014, pid=2592
09-27 04:51:33.418: D/PowerManagerService(1677): updateWakeLockSummaryLocked: mWakefulness=Awake, mWakeLockSummary=0x1
09-27 04:51:33.418: D/PowerManagerService(1677): updateUserActivitySummaryLocked: mWakefulness=Awake, mUserActivitySummary=0x4, nextTimeout=-1 (7532718 ms ago)
09-27 04:51:33.418: D/PowerManagerService(1677): updateDisplayPowerStateLocked: mDisplayReady=true, policy=2, mWakefulness=1, mWakeLockSummary=0x1, mUserActivitySummary=0x4, mBootCompleted=true, mScreenBrightnessBoostInProgress=false, mIsVrModeEnabled= false, sQuiescent=false
09-27 04:51:33.424: D/PowerManagerService(1677): releaseWakeLockInternal: lock=143068933 [Icing], flags=0x0
09-27 04:51:33.424: D/PowerManagerService(1677): updateWakeLockSummaryLocked: mWakefulness=Awake, mWakeLockSummary=0x1
09-27 04:51:33.424: D/PowerManagerService(1677): updateUserActivitySummaryLocked: mWakefulness=Awake, mUserActivitySummary=0x4, nextTimeout=-1 (7532724 ms ago)
09-27 04:51:33.424: D/PowerManagerService(1677): updateDisplayPowerStateLocked: mDisplayReady=true, policy=2, mWakefulness=1, mWakeLockSummary=0x1, mUserActivitySummary=0x4, mBootCompleted=true, mScreenBrightnessBoostInProgress=false, mIsVrModeEnabled= false, sQuiescent=false
09-27 04:51:33.425: D/PowerManagerService(1677): acquireWakeLockInternal: lock=69557038, flags=0x1, tag="*job*/com.google.android.calendar/com.google.android.apps.calendar.config.phenotypesupport.PhenotypeCommitJobService", ws=WorkSource{10045}, uid=1000, pid=1677
09-27 04:51:33.425: D/PowerManagerService(1677): updateWakeLockSummaryLocked: mWakefulness=Awake, mWakeLockSummary=0x1
09-27 04:51:33.425: D/PowerManagerService(1677): updateUserActivitySummaryLocked: mWakefulness=Awake, mUserActivitySummary=0x4, nextTimeout=-1 (7532725 ms ago)
09-27 04:51:33.425: D/PowerManagerService(1677): updateDisplayPowerStateLocked: mDisplayReady=true, policy=2, mWakefulness=1, mWakeLockSummary=0x1, mUserActivitySummary=0x4, mBootCompleted=true, mScreenBrightnessBoostInProgress=false, mIsVrModeEnabled= false, sQuiescent=false
09-27 04:51:33.461: I/zygote(1677): Background concurrent copying GC freed 34486(1906KB) AllocSpace objects, 4(144KB) LOS objects, 42% free, 11MB/19MB, paused 231us total 217.762ms
09-27 04:51:33.488: W/app_process(5781): Unexpected CPU variant for X86 using defaults: x86
09-27 04:51:33.490: I/app_process(5781): The ClassLoaderContext is a special shared library.
09-27 04:51:33.491: W/nativebridge(5781): Failed to bind-mount /system/lib/x86/cpuinfo as /proc/cpuinfo: No such file or directory
09-27 04:51:33.494: I/TestSupport(2592): AwaitCommitOperation: FlagOverride(com.google.android.gms.autofill, , Flag(autofill_enabled, false, 2, 0), true) committed
09-27 04:51:33.494: I/TestSupport(2592): AwaitCommitOperation: no more uncommitted overrides
09-27 04:51:33.514: D/PhenotypeManager(5784): Registered: Status{statusCode=SUCCESS, resolution=null}
09-27 04:51:33.515: D/AndroidRuntime(5781): Calling main entry com.android.commands.pm.Pm
09-27 04:51:33.524: I/app_process(5781): System.exit called, status: 0
09-27 04:51:33.524: I/AndroidRuntime(5781): VM exiting with result code 0.
09-27 04:51:33.556: I/BlobLobber(2374): Received new velour config
09-27 04:51:33.574: I/BlobLobber(2374): Canceling downloads: []
09-27 04:51:33.576: I/PTCommittedOperation(2263): Receive new configuration for com.google.android.gms
09-27 04:51:33.577: D/PowerManagerService(1677): acquireWakeLockInternal: lock=104353044, flags=0x1, tag="CMWakeLock", ws=WorkSource{10014 com.google.android.gms}, uid=10014, pid=2263
09-27 04:51:33.577: D/PowerManagerService(1677): updateWakeLockSummaryLocked: mWakefulness=Awake, mWakeLockSummary=0x1
09-27 04:51:33.577: D/PowerManagerService(1677): updateUserActivitySummaryLocked: mWakefulness=Awake, mUserActivitySummary=0x4, nextTimeout=-1 (7532877 ms ago)
09-27 04:51:33.577: D/PowerManagerService(1677): updateDisplayPowerStateLocked: mDisplayReady=true, policy=2, mWakefulness=1, mWakeLockSummary=0x1, mUserActivitySummary=0x4, mBootCompleted=true, mScreenBrightnessBoostInProgress=false, mIsVrModeEnabled= false, sQuiescent=false
09-27 04:51:33.578: D/PowerManagerService(1677): releaseWakeLockInternal: lock=104353044 [CMWakeLock], flags=0x0
09-27 04:51:33.578: D/PowerManagerService(1677): updateWakeLockSummaryLocked: mWakefulness=Awake, mWakeLockSummary=0x1
09-27 04:51:33.578: D/PowerManagerService(1677): updateUserActivitySummaryLocked: mWakefulness=Awake, mUserActivitySummary=0x4, nextTimeout=-1 (7532878 ms ago)
09-27 04:51:33.578: D/PowerManagerService(1677): updateDisplayPowerStateLocked: mDisplayReady=true, policy=2, mWakefulness=1, mWakeLockSummary=0x1, mUserActivitySummary=0x4, mBootCompleted=true, mScreenBrightnessBoostInProgress=false, mIsVrModeEnabled= false, sQuiescent=false
09-27 04:51:33.584: I/TestSupport(2592): AwaitCommitOperation: *
09-27 04:51:33.588: W/ModuleInitIntentOp(2592): Dropping unexpected action com.google.android.gms.phenotype.COMMITTED
09-27 04:51:33.594: D/PowerManagerService(1677): acquireWakeLockInternal: lock=143068933, flags=0x1, tag="Icing", ws=WorkSource{10014 com.google.android.gms}, uid=10014, pid=2592
09-27 04:51:33.594: D/PowerManagerService(1677): updateWakeLockSummaryLocked: mWakefulness=Awake, mWakeLockSummary=0x1
09-27 04:51:33.594: D/PowerManagerService(1677): updateUserActivitySummaryLocked: mWakefulness=Awake, mUserActivitySummary=0x4, nextTimeout=-1 (7532894 ms ago)
09-27 04:51:33.594: D/PowerManagerService(1677): updateDisplayPowerStateLocked: mDisplayReady=true, policy=2, mWakefulness=1, mWakeLockSummary=0x1, mUserActivitySummary=0x4, mBootCompleted=true, mScreenBrightnessBoostInProgress=false, mIsVrModeEnabled= false, sQuiescent=false
09-27 04:51:33.594: I/PhenotypeFlagCommitter(5784): Experiment Configs successfully retrieved for com.google.android.calendar
09-27 04:51:33.594: D/PowerManagerService(1677): releaseWakeLockInternal: lock=69557038 [*job*/com.google.android.calendar/com.google.android.apps.calendar.config.phenotypesupport.PhenotypeCommitJobService], flags=0x0
09-27 04:51:33.594: D/PowerManagerService(1677): updateWakeLockSummaryLocked: mWakefulness=Awake, mWakeLockSummary=0x1
09-27 04:51:33.594: D/PowerManagerService(1677): updateUserActivitySummaryLocked: mWakefulness=Awake, mUserActivitySummary=0x4, nextTimeout=-1 (7532894 ms ago)
09-27 04:51:33.594: D/PowerManagerService(1677): updateDisplayPowerStateLocked: mDisplayReady=true, policy=2, mWakefulness=1, mWakeLockSummary=0x1, mUserActivitySummary=0x4, mBootCompleted=true, mScreenBrightnessBoostInProgress=false, mIsVrModeEnabled= false, sQuiescent=false
09-27 04:51:33.598: D/PowerManagerService(1677): releaseWakeLockInternal: lock=143068933 [Icing], flags=0x0
09-27 04:51:33.598: D/PowerManagerService(1677): updateWakeLockSummaryLocked: mWakefulness=Awake, mWakeLockSummary=0x1
09-27 04:51:33.598: D/PowerManagerService(1677): updateUserActivitySummaryLocked: mWakefulness=Awake, mUserActivitySummary=0x4, nextTimeout=-1 (7532898 ms ago)
09-27 04:51:33.598: D/PowerManagerService(1677): updateDisplayPowerStateLocked: mDisplayReady=true, policy=2, mWakefulness=1, mWakeLockSummary=0x1, mUserActivitySummary=0x4, mBootCompleted=true, mScreenBrightnessBoostInProgress=false, mIsVrModeEnabled= false, sQuiescent=false
09-27 04:51:33.602: D/PowerManagerService(1677): acquireWakeLockInternal: lock=165242725, flags=0x1, tag="RILJ", ws=null, uid=1001, pid=1896
09-27 04:51:33.602: D/PowerManagerService(1677): updateWakeLockSummaryLocked: mWakefulness=Awake, mWakeLockSummary=0x1
09-27 04:51:33.603: D/PowerManagerService(1677): updateUserActivitySummaryLocked: mWakefulness=Awake, mUserActivitySummary=0x4, nextTimeout=-1 (7532903 ms ago)
09-27 04:51:33.603: D/PowerManagerService(1677): updateDisplayPowerStateLocked: mDisplayReady=true, policy=2, mWakefulness=1, mWakeLockSummary=0x1, mUserActivitySummary=0x4, mBootCompleted=true, mScreenBrightnessBoostInProgress=false, mIsVrModeEnabled= false, sQuiescent=false
09-27 04:51:33.603: D/PowerManagerService(1677): updateWakeLockWorkSourceInternal: lock=165242725 [RILJ], ws=WorkSource{10034 com.google.android.googlequicksearchbox}
09-27 04:51:33.604: D/PowerManagerService(1677): updateWakeLockWorkSourceInternal: lock=165242725 [RILJ], ws=null
09-27 04:51:33.604: D/PowerManagerService(1677): releaseWakeLockInternal: lock=165242725 [RILJ], flags=0x0
09-27 04:51:33.604: D/PowerManagerService(1677): updateWakeLockSummaryLocked: mWakefulness=Awake, mWakeLockSummary=0x1
09-27 04:51:33.604: D/PowerManagerService(1677): updateUserActivitySummaryLocked: mWakefulness=Awake, mUserActivitySummary=0x4, nextTimeout=-1 (7532904 ms ago)
09-27 04:51:33.604: D/PowerManagerService(1677): updateDisplayPowerStateLocked: mDisplayReady=true, policy=2, mWakefulness=1, mWakeLockSummary=0x1, mUserActivitySummary=0x4, mBootCompleted=true, mScreenBrightnessBoostInProgress=false, mIsVrModeEnabled= false, sQuiescent=false
09-27 04:51:33.617: I/WifiService(1677): getWifiEnabledState uid=10034
09-27 04:51:33.618: W/Settings(2374): Setting mobile_data has moved from android.provider.Settings.Secure to android.provider.Settings.Global.
09-27 04:51:33.618: I/ModelDownloadController(2374): Handle the downloaded hotword model
09-27 04:51:33.618: I/ModelDownloadController(2374): the model is already used
09-27 04:51:33.627: D/PowerManagerService(1677): acquireWakeLockInternal: lock=176035041, flags=0x1, tag="*job*/com.google.android.googlequicksearchbox/com.google.android.apps.gsa.tasks.BackgroundTasksJobService", ws=WorkSource{10034}, uid=1000, pid=1677
09-27 04:51:33.627: D/PowerManagerService(1677): updateWakeLockSummaryLocked: mWakefulness=Awake, mWakeLockSummary=0x1
09-27 04:51:33.627: D/PowerManagerService(1677): updateUserActivitySummaryLocked: mWakefulness=Awake, mUserActivitySummary=0x4, nextTimeout=-1 (7532927 ms ago)
09-27 04:51:33.627: D/PowerManagerService(1677): updateDisplayPowerStateLocked: mDisplayReady=true, policy=2, mWakefulness=1, mWakeLockSummary=0x1, mUserActivitySummary=0x4, mBootCompleted=true, mScreenBrightnessBoostInProgress=false, mIsVrModeEnabled= false, sQuiescent=false
09-27 04:51:33.638: W/BlobLobber(2374): Skipping download (already active): JyPhVyYMSjWAwdV7UP7PAGw
09-27 04:51:33.641: W/BlobLobber(2374): Skipping download (already active): main_apk
09-27 04:51:33.642: W/BlobLobber(2374): Skipping download (already active): J3CCaVwqnZi2S8GjTAsewCg
09-27 04:51:33.644: W/BlobLobber(2374): Skipping download (already active): JS8AJ5YXhxoOjmXRdireLqQ
09-27 04:51:33.645: W/BlobLobber(2374): Skipping download (already active): JzJiBqSJ3uJsIcBcShVJhdw
09-27 04:51:33.649: W/BlobLobber(2374): Skipping download (already active): Jp8pgu8pEaqBtMZDDI0GX0A
09-27 04:51:33.653: W/BlobLobber(2374): Skipping download (already active): JA14XSXdNIgW9ArBu2MwSnQ
09-27 04:51:33.658: W/BlobLobber(2374): Skipping download (already active): JedSVOyMNkvit8TBmhRdBGw
09-27 04:51:33.659: W/BlobLobber(2374): Skipping download (already active): JAuwinfsT7Wj9QRS5uES9KQ
09-27 04:51:33.661: W/BlobLobber(2374): Skipping download (already active): JfgZS4IowsVhv7i7yZwSdAA
09-27 04:51:33.662: W/BlobLobber(2374): Skipping download (already active): brain_en_us_201705_arm32_release_signed
09-27 04:51:33.668: D/PowerManagerService(1677): releaseWakeLockInternal: lock=176035041 [*job*/com.google.android.googlequicksearchbox/com.google.android.apps.gsa.tasks.BackgroundTasksJobService], flags=0x0
09-27 04:51:33.668: D/PowerManagerService(1677): updateWakeLockSummaryLocked: mWakefulness=Awake, mWakeLockSummary=0x1
09-27 04:51:33.668: D/PowerManagerService(1677): updateUserActivitySummaryLocked: mWakefulness=Awake, mUserActivitySummary=0x4, nextTimeout=-1 (7532968 ms ago)
09-27 04:51:33.668: D/PowerManagerService(1677): updateDisplayPowerStateLocked: mDisplayReady=true, policy=2, mWakefulness=1, mWakeLockSummary=0x1, mUserActivitySummary=0x4, mBootCompleted=true, mScreenBrightnessBoostInProgress=false, mIsVrModeEnabled= false, sQuiescent=false
09-27 04:51:33.701: I/TestSupport(2592): AwaitCommitOperation: FlagOverride(com.google.android.gms.autofill, , Flag(autofill_enabled, false, 2, 0), true) committed
09-27 04:51:33.701: I/TestSupport(2592): AwaitCommitOperation: no more uncommitted overrides
09-27 04:51:33.719: D/PowerManagerService(1677): acquireWakeLockInternal: lock=229960670, flags=0x1, tag="wake:CollectionChimeraSvc", ws=WorkSource{10014 com.google.android.gms}, uid=10014, pid=2263
09-27 04:51:33.720: D/PowerManagerService(1677): updateWakeLockSummaryLocked: mWakefulness=Awake, mWakeLockSummary=0x1
09-27 04:51:33.720: D/PowerManagerService(1677): updateUserActivitySummaryLocked: mWakefulness=Awake, mUserActivitySummary=0x4, nextTimeout=-1 (7533020 ms ago)
09-27 04:51:33.720: D/PowerManagerService(1677): updateDisplayPowerStateLocked: mDisplayReady=true, policy=2, mWakefulness=1, mWakeLockSummary=0x1, mUserActivitySummary=0x4, mBootCompleted=true, mScreenBrightnessBoostInProgress=false, mIsVrModeEnabled= false, sQuiescent=false
09-27 04:51:33.754: D/PowerManagerService(1677): releaseWakeLockInternal: lock=229960670 [wake:CollectionChimeraSvc], flags=0x0
09-27 04:51:33.754: D/PowerManagerService(1677): updateWakeLockSummaryLocked: mWakefulness=Awake, mWakeLockSummary=0x1
09-27 04:51:33.754: D/PowerManagerService(1677): updateUserActivitySummaryLocked: mWakefulness=Awake, mUserActivitySummary=0x4, nextTimeout=-1 (7533054 ms ago)
09-27 04:51:33.754: D/PowerManagerService(1677): updateDisplayPowerStateLocked: mDisplayReady=true, policy=2, mWakefulness=1, mWakeLockSummary=0x1, mUserActivitySummary=0x4, mBootCompleted=true, mScreenBrightnessBoostInProgress=false, mIsVrModeEnabled= false, sQuiescent=false
09-27 04:51:33.776: I/TSDRIVER(5592): Handled command: PACKAGE
09-27 04:51:33.789: E/aiph(2263): Phenotype API error. Event a <
09-27 04:51:33.789: E/aiph(2263):   a: ""
09-27 04:51:33.789: E/aiph(2263):   b: 0
09-27 04:51:33.789: E/aiph(2263):   d: 17
09-27 04:51:33.789: E/aiph(2263):   e: "LOCAL.com.google.android.agsa.QSB"
09-27 04:51:33.789: E/aiph(2263):   f: 0
09-27 04:51:33.789: E/aiph(2263):   g: 0
09-27 04:51:33.789: E/aiph(2263):   h: 0
09-27 04:51:33.789: E/aiph(2263):   i: ""
09-27 04:51:33.789: E/aiph(2263):   j: ""
09-27 04:51:33.789: E/aiph(2263): >
09-27 04:51:33.789: E/aiph(2263): d: 219
09-27 04:51:33.789: E/aiph(2263): g: # botx@f56fa7f9
09-27 04:51:33.789: E/aiph(2263): , EventCode: 7
09-27 04:51:33.789: E/aiph(2263): [CONTEXT service_id=51 ]
09-27 04:51:33.789: E/aiph(2263): aiod: 29505: No config packages for log source, or config package not registered
09-27 04:51:33.789: E/aiph(2263): 	at aipu.a(:com.google.android.gms@13280022@13.2.80 (040700-211705629):61)
09-27 04:51:33.789: E/aiph(2263): 	at aipt.b(:com.google.android.gms@13280022@13.2.80 (040700-211705629):6)
09-27 04:51:33.789: E/aiph(2263): 	at aiph.a(:com.google.android.gms@13280022@13.2.80 (040700-211705629):85)
09-27 04:51:33.789: E/aiph(2263): 	at aiph.a(:com.google.android.gms@13280022@13.2.80 (040700-211705629):77)
09-27 04:51:33.789: E/aiph(2263): 	at wwk.run(:com.google.android.gms@13280022@13.2.80 (040700-211705629):29)
09-27 04:51:33.789: E/aiph(2263): 	at bdbk.run(:com.google.android.gms@13280022@13.2.80 (040700-211705629):2)
09-27 04:51:33.789: E/aiph(2263): 	at qcr.run(:com.google.android.gms@13280022@13.2.80 (040700-211705629):21)
09-27 04:51:33.789: E/aiph(2263): 	at java.util.concurrent.ThreadPoolExecutor.runWorker(ThreadPoolExecutor.java:1162)
09-27 04:51:33.789: E/aiph(2263): 	at java.util.concurrent.ThreadPoolExecutor$Worker.run(ThreadPoolExecutor.java:636)
09-27 04:51:33.789: E/aiph(2263): 	at qiv.run(Unknown Source:7)
09-27 04:51:33.789: E/aiph(2263): 	at java.lang.Thread.run(Thread.java:764)
09-27 04:51:33.790: E/AsyncOperation(2263): serviceID=51, operation=GetExperimentTokensOperationCall
09-27 04:51:33.790: E/AsyncOperation(2263): OperationException[Status{statusCode=No config packages for log source, or config package not registered, resolution=null}]
09-27 04:51:33.790: E/AsyncOperation(2263): 	at aiph.a(:com.google.android.gms@13280022@13.2.80 (040700-211705629):95)
09-27 04:51:33.790: E/AsyncOperation(2263): 	at aiph.a(:com.google.android.gms@13280022@13.2.80 (040700-211705629):77)
09-27 04:51:33.790: E/AsyncOperation(2263): 	at wwk.run(:com.google.android.gms@13280022@13.2.80 (040700-211705629):29)
09-27 04:51:33.790: E/AsyncOperation(2263): 	at bdbk.run(:com.google.android.gms@13280022@13.2.80 (040700-211705629):2)
09-27 04:51:33.790: E/AsyncOperation(2263): 	at qcr.run(:com.google.android.gms@13280022@13.2.80 (040700-211705629):21)
09-27 04:51:33.790: E/AsyncOperation(2263): 	at java.util.concurrent.ThreadPoolExecutor.runWorker(ThreadPoolExecutor.java:1162)
09-27 04:51:33.790: E/AsyncOperation(2263): 	at java.util.concurrent.ThreadPoolExecutor$Worker.run(ThreadPoolExecutor.java:636)
09-27 04:51:33.790: E/AsyncOperation(2263): 	at qiv.run(Unknown Source:7)
09-27 04:51:33.790: E/AsyncOperation(2263): 	at java.lang.Thread.run(Thread.java:764)
09-27 04:51:33.796: D/PowerManagerService(1677): releaseWakeLockInternal: lock=94384787 [*job*/com.google.android.googlequicksearchbox/com.google.android.apps.gsa.tasks.BackgroundTasksJobService], flags=0x0
09-27 04:51:33.796: D/PowerManagerService(1677): updateWakeLockSummaryLocked: mWakefulness=Awake, mWakeLockSummary=0x1
09-27 04:51:33.796: D/PowerManagerService(1677): updateUserActivitySummaryLocked: mWakefulness=Awake, mUserActivitySummary=0x4, nextTimeout=-1 (7533096 ms ago)
09-27 04:51:33.796: D/PowerManagerService(1677): updateDisplayPowerStateLocked: mDisplayReady=true, policy=2, mWakefulness=1, mWakeLockSummary=0x1, mUserActivitySummary=0x4, mBootCompleted=true, mScreenBrightnessBoostInProgress=false, mIsVrModeEnabled= false, sQuiescent=false
09-27 04:51:33.807: I/aiqy(2263): Scheduling adaptive one off task with window [14400, 604800] in seconds [CONTEXT service_id=51 ]
09-27 04:51:33.819: E/NetworkScheduler(2263): Invalid component specified.
09-27 04:51:33.821: D/PowerManagerService(1677): releaseWakeLockInternal: lock=203344788 [*net_scheduler*], flags=0x0
09-27 04:51:33.821: D/PowerManagerService(1677): updateWakeLockSummaryLocked: mWakefulness=Awake, mWakeLockSummary=0x0
09-27 04:51:33.821: D/PowerManagerService(1677): updateUserActivitySummaryLocked: mWakefulness=Awake, mUserActivitySummary=0x4, nextTimeout=-1 (7533121 ms ago)
09-27 04:51:33.821: D/PowerManagerService(1677): updateDisplayPowerStateLocked: mDisplayReady=true, policy=2, mWakefulness=1, mWakeLockSummary=0x0, mUserActivitySummary=0x4, mBootCompleted=true, mScreenBrightnessBoostInProgress=false, mIsVrModeEnabled= false, sQuiescent=false
09-27 04:51:33.821: D/PowerManagerService(1677): Releasing suspend blocker "PowerManagerService.WakeLocks".
09-27 04:51:33.825: D/PowerManagerService(1677): acquireWakeLockInternal: lock=124805260, flags=0x1, tag="*net_scheduler*", ws=WorkSource{10014 com.google.android.gms}, uid=10014, pid=2263
09-27 04:51:33.825: D/PowerManagerService(1677): updateWakeLockSummaryLocked: mWakefulness=Awake, mWakeLockSummary=0x1
09-27 04:51:33.825: D/PowerManagerService(1677): updateUserActivitySummaryLocked: mWakefulness=Awake, mUserActivitySummary=0x4, nextTimeout=-1 (7533125 ms ago)
09-27 04:51:33.825: D/PowerManagerService(1677): updateDisplayPowerStateLocked: mDisplayReady=true, policy=2, mWakefulness=1, mWakeLockSummary=0x1, mUserActivitySummary=0x4, mBootCompleted=true, mScreenBrightnessBoostInProgress=false, mIsVrModeEnabled= false, sQuiescent=false
09-27 04:51:33.825: D/PowerManagerService(1677): Acquiring suspend blocker "PowerManagerService.WakeLocks".
09-27 04:51:33.829: D/PowerManagerService(1677): releaseWakeLockInternal: lock=124805260 [*net_scheduler*], flags=0x0
09-27 04:51:33.829: D/PowerManagerService(1677): updateWakeLockSummaryLocked: mWakefulness=Awake, mWakeLockSummary=0x0
09-27 04:51:33.829: D/PowerManagerService(1677): updateUserActivitySummaryLocked: mWakefulness=Awake, mUserActivitySummary=0x4, nextTimeout=-1 (7533129 ms ago)
09-27 04:51:33.829: D/PowerManagerService(1677): updateDisplayPowerStateLocked: mDisplayReady=true, policy=2, mWakefulness=1, mWakeLockSummary=0x0, mUserActivitySummary=0x4, mBootCompleted=true, mScreenBrightnessBoostInProgress=false, mIsVrModeEnabled= false, sQuiescent=false
09-27 04:51:33.829: D/PowerManagerService(1677): Releasing suspend blocker "PowerManagerService.WakeLocks".
09-27 04:51:33.909: D/AndroidRuntime(5847): >>>>>> START com.android.internal.os.RuntimeInit uid 0 <<<<<<
09-27 04:51:33.966: W/app_process(5847): Unexpected CPU variant for X86 using defaults: x86
09-27 04:51:33.982: I/app_process(5847): The ClassLoaderContext is a special shared library.
09-27 04:51:33.983: W/nativebridge(5847): Failed to bind-mount /system/lib/x86/cpuinfo as /proc/cpuinfo: No such file or directory
09-27 04:51:33.999: D/AndroidRuntime(5847): Calling main entry com.android.commands.am.Am
09-27 04:51:34.002: I/ActivityManager(1677): Force stopping com.google.android.apps.mtaas.tools appid=10083 user=0: start instr
09-27 04:51:34.009: W/zygote(5856): Unexpected CPU variant for X86 using defaults: x86
09-27 04:51:34.013: I/ActivityManager(1677): Start proc 5856:com.google.android.apps.mtaas.tools/u0a83 for added application com.google.android.apps.mtaas.tools
09-27 04:51:34.023: D/ChangeLocale(5856): Instrumentation completed successfully
09-27 04:51:34.024: I/ActivityManager(1677): Force stopping com.google.android.apps.mtaas.tools appid=10083 user=0: finished inst
09-27 04:51:34.024: I/ActivityManager(1677): Killing 5856:com.google.android.apps.mtaas.tools/u0a83 (adj 0): stop com.google.android.apps.mtaas.tools
09-27 04:51:34.024: W/system_server(1677): kill(-5856, 9) failed: No such process
09-27 04:51:34.024: W/Binder(1677): Outgoing transactions from this process must be FLAG_ONEWAY
09-27 04:51:34.024: W/Binder(1677): java.lang.Throwable
09-27 04:51:34.024: W/Binder(1677): 	at android.os.BinderProxy.transact(Binder.java:752)
09-27 04:51:34.024: W/Binder(1677): 	at android.app.IInstrumentationWatcher$Stub$Proxy.instrumentationFinished(IInstrumentationWatcher.java:160)
09-27 04:51:34.024: W/Binder(1677): 	at com.android.server.am.InstrumentationReporter$MyThread.run(InstrumentationReporter.java:86)
09-27 04:51:34.025: D/AndroidRuntime(5847): Shutting down VM
09-27 04:51:34.075: W/system_server(1677): kill(-5856, 9) failed: No such process
09-27 04:51:34.076: I/system_server(1677): Successfully killed process cgroup uid 10083 pid 5856 in 51ms
09-27 04:51:34.257: I/Remoter(1528): Saved screenshot to '/data/screenshots/__pmv__-0078.jpg'
09-27 04:51:34.683: D/AutofillUI(1677): destroySaveUiUiThread(): already destroyed
09-27 04:51:34.900: I/zygote(5617): Waiting for a blocking GC ProfileSaver
09-27 04:51:34.996: D/AndroidRuntime(5915): >>>>>> START com.android.internal.os.RuntimeInit uid 0 <<<<<<
09-27 04:51:35.053: W/app_process(5915): Unexpected CPU variant for X86 using defaults: x86
09-27 04:51:35.054: I/app_process(5915): The ClassLoaderContext is a special shared library.
09-27 04:51:35.054: W/nativebridge(5915): Failed to bind-mount /system/lib/x86/cpuinfo as /proc/cpuinfo: No such file or directory
09-27 04:51:35.070: D/AndroidRuntime(5915): Calling main entry com.android.commands.input.Input
09-27 04:51:35.070: I/Input(5915): injectKeyEvent: KeyEvent { action=ACTION_DOWN, keyCode=KEYCODE_HOME, scanCode=0, metaState=0, flags=0x0, repeatCount=0, eventTime=7534369, downTime=7534369, deviceId=-1, source=0x101 }
09-27 04:51:35.071: D/PowerManagerService(1677): userActivityNoUpdateLocked: eventTime=7534369, event=1, flags=0x0, uid=1000
09-27 04:51:35.071: D/PowerManagerService(1677): updateUserActivitySummaryLocked: mWakefulness=Awake, mUserActivitySummary=0x1, nextTimeout=7587369 (in 52999 ms)
09-27 04:51:35.071: D/PowerManagerService(1677): updateDisplayPowerStateLocked: mDisplayReady=false, policy=3, mWakefulness=1, mWakeLockSummary=0x0, mUserActivitySummary=0x1, mBootCompleted=true, mScreenBrightnessBoostInProgress=false, mIsVrModeEnabled= false, sQuiescent=false
09-27 04:51:35.072: D/PowerManagerService(1677): updateDisplayPowerStateLocked: mDisplayReady=true, policy=3, mWakefulness=1, mWakeLockSummary=0x0, mUserActivitySummary=0x1, mBootCompleted=true, mScreenBrightnessBoostInProgress=false, mIsVrModeEnabled= false, sQuiescent=false
09-27 04:51:35.072: I/Input(5915): injectKeyEvent: KeyEvent { action=ACTION_UP, keyCode=KEYCODE_HOME, scanCode=0, metaState=0, flags=0x0, repeatCount=0, eventTime=7534369, downTime=7534369, deviceId=-1, source=0x101 }
09-27 04:51:35.074: D/PowerManagerService(1677): userActivityNoUpdateLocked: eventTime=7534373, event=0, flags=0x0, uid=1000
09-27 04:51:35.074: D/PowerManagerService(1677): updateUserActivitySummaryLocked: mWakefulness=Awake, mUserActivitySummary=0x1, nextTimeout=7587373 (in 53000 ms)
09-27 04:51:35.074: D/PowerManagerService(1677): updateDisplayPowerStateLocked: mDisplayReady=true, policy=3, mWakefulness=1, mWakeLockSummary=0x0, mUserActivitySummary=0x1, mBootCompleted=true, mScreenBrightnessBoostInProgress=false, mIsVrModeEnabled= false, sQuiescent=false
09-27 04:51:35.074: I/ActivityManager(1677): START u0 {act=android.intent.action.MAIN cat=[android.intent.category.HOME] flg=0x10200000 cmp=com.android.launcher3/.Launcher (has extras)} from uid 1000
09-27 04:51:35.076: D/AndroidRuntime(5915): Shutting down VM
09-27 04:51:35.077: I/GceLights(1677): set_light: dev 0xe11349b0 state 0xcc5dc240
09-27 04:51:35.077: I/GceLights(1677): set_light: state value -16053493
09-27 04:51:35.092: I/GceLights(1677): set_light: dev 0xe11349b0 state 0xcc5dc240
09-27 04:51:35.092: I/GceLights(1677): set_light: state value -15856114
09-27 04:51:35.109: I/GceLights(1677): set_light: dev 0xe11349b0 state 0xcc5dc240
09-27 04:51:35.109: I/GceLights(1677): set_light: state value -15658735
09-27 04:51:35.126: I/GceLights(1677): set_light: dev 0xe11349b0 state 0xcc5dc240
09-27 04:51:35.126: I/GceLights(1677): set_light: state value -15461356
09-27 04:51:35.142: I/GceLights(1677): set_light: dev 0xe11349b0 state 0xcc5dc240
09-27 04:51:35.142: I/GceLights(1677): set_light: state value -15263977
09-27 04:51:35.159: I/GceLights(1677): set_light: dev 0xe11349b0 state 0xcc5dc240
09-27 04:51:35.159: I/GceLights(1677): set_light: state value -15066598
09-27 04:51:35.195: I/GceLights(1677): set_light: dev 0xe11349b0 state 0xcc5dc240
09-27 04:51:35.195: I/GceLights(1677): set_light: state value -14671840
09-27 04:51:35.209: I/GceLights(1677): set_light: dev 0xe11349b0 state 0xcc5dc240
09-27 04:51:35.209: I/GceLights(1677): set_light: state value -14474461
09-27 04:51:35.226: I/GceLights(1677): set_light: dev 0xe11349b0 state 0xcc5dc240
09-27 04:51:35.226: I/GceLights(1677): set_light: state value -14277082
09-27 04:51:35.242: I/GceLights(1677): set_light: dev 0xe11349b0 state 0xcc5dc240
09-27 04:51:35.242: I/GceLights(1677): set_light: state value -14079703
09-27 04:51:35.261: I/GceLights(1677): set_light: dev 0xe11349b0 state 0xcc5dc240
09-27 04:51:35.261: I/GceLights(1677): set_light: state value -13882324
09-27 04:51:35.276: I/GceLights(1677): set_light: dev 0xe11349b0 state 0xcc5dc240
09-27 04:51:35.276: I/GceLights(1677): set_light: state value -13684945
09-27 04:51:35.292: I/GceLights(1677): set_light: dev 0xe11349b0 state 0xcc5dc240
09-27 04:51:35.292: I/GceLights(1677): set_light: state value -13487566
09-27 04:51:35.309: I/GceLights(1677): set_light: dev 0xe11349b0 state 0xcc5dc240
09-27 04:51:35.309: I/GceLights(1677): set_light: state value -13290187
09-27 04:51:35.326: I/GceLights(1677): set_light: dev 0xe11349b0 state 0xcc5dc240
09-27 04:51:35.326: I/GceLights(1677): set_light: state value -13092808
09-27 04:51:35.358: I/GceLights(1677): set_light: dev 0xe11349b0 state 0xcc5dc240
09-27 04:51:35.358: I/GceLights(1677): set_light: state value -12895429
09-27 04:51:35.360: I/GceLights(1677): set_light: dev 0xe11349b0 state 0xcc5dc240
09-27 04:51:35.360: I/GceLights(1677): set_light: state value -12698050
09-27 04:51:35.360: I/ActivityManager(1677): START u0 {flg=0x10000000 cmp=com.google.android.apps.mtaas.backdrop/.BackdropActivity} from uid 0
09-27 04:51:35.375: D/PowerManagerService(1677): acquireWakeLockInternal: lock=32668741, flags=0x1, tag="*launch*", ws=WorkSource{10085}, uid=1000, pid=1677
09-27 04:51:35.375: D/PowerManagerService(1677): updateWakeLockSummaryLocked: mWakefulness=Awake, mWakeLockSummary=0x1
09-27 04:51:35.375: D/PowerManagerService(1677): updateUserActivitySummaryLocked: mWakefulness=Awake, mUserActivitySummary=0x1, nextTimeout=7587373 (in 52699 ms)
09-27 04:51:35.375: D/PowerManagerService(1677): updateDisplayPowerStateLocked: mDisplayReady=true, policy=3, mWakefulness=1, mWakeLockSummary=0x1, mUserActivitySummary=0x1, mBootCompleted=true, mScreenBrightnessBoostInProgress=false, mIsVrModeEnabled= false, sQuiescent=false
09-27 04:51:35.375: D/PowerManagerService(1677): Acquiring suspend blocker "PowerManagerService.WakeLocks".
09-27 04:51:35.376: I/GceLights(1677): set_light: dev 0xe11349b0 state 0xcc5dc240
09-27 04:51:35.376: I/GceLights(1677): set_light: state value -12500671
09-27 04:51:35.377: W/System(1677): ClassLoader referenced unknown path: 
09-27 04:51:35.392: I/GceLights(1677): set_light: dev 0xe11349b0 state 0xcc5dc240
09-27 04:51:35.392: I/GceLights(1677): set_light: state value -12303292
09-27 04:51:35.409: I/GceLights(1677): set_light: dev 0xe11349b0 state 0xcc5dc240
09-27 04:51:35.409: I/GceLights(1677): set_light: state value -12105913
09-27 04:51:35.442: I/GceLights(1677): set_light: dev 0xe11349b0 state 0xcc5dc240
09-27 04:51:35.442: I/GceLights(1677): set_light: state value -11908534
09-27 04:51:35.445: I/GceGrallocRegionRegistry(1535): Mapped gralloc-1535.31 hnd=0xf63a34c0 fd=8 base=0xefcf1000 format=RGBA_8888(0x1) width=1440 height=2392
09-27 04:51:35.445: I/GceGrallocRegionRegistry(1535): Unmapped gralloc-1535.31 hnd=0xf63a34c0 fd=8 base=0xefcf1000
09-27 04:51:35.445: I/GceGrallocRegionRegistry(1538): Mapped gralloc-1535.31 hnd=0xed411300 fd=63 base=0xdffe7000 format=RGBA_8888(0x1) width=1440 height=2392
09-27 04:51:35.446: D/vndksupport(1677): Loading /vendor/lib/hw/android.hardware.graphics.mapper@2.0-impl.so from current namespace instead of sphal namespace.
09-27 04:51:35.447: D/vndksupport(1677): Loading /vendor/lib/hw/gralloc.gce_x86.so from current namespace instead of sphal namespace.
09-27 04:51:35.449: I/GceLights(1677): set_light: dev 0xe11349b0 state 0xcc5dc240
09-27 04:51:35.449: I/GceLights(1677): set_light: state value -11711155
09-27 04:51:35.449: I/GceGrallocRegionRegistry(1677): Mapped gralloc-1535.31 hnd=0xc789fbc0 fd=199 base=0xc2a1c000 format=RGBA_8888(0x1) width=1440 height=2392
09-27 04:51:35.459: I/GceLights(1677): set_light: dev 0xe11349b0 state 0xcc5dc240
09-27 04:51:35.459: I/GceLights(1677): set_light: state value -11513776
09-27 04:51:35.471: I/Remoter(1528): Saved screenshot to '/data/screenshots/__pmv__-0079.jpg'
09-27 04:51:35.492: I/GceLights(1677): set_light: dev 0xe11349b0 state 0xcc5dc240
09-27 04:51:35.492: I/GceLights(1677): set_light: state value -11119018
09-27 04:51:35.525: I/GceLights(1677): set_light: dev 0xe11349b0 state 0xcc5dc240
09-27 04:51:35.526: I/GceLights(1677): set_light: state value -10921639
09-27 04:51:35.526: I/GceLights(1677): set_light: dev 0xe11349b0 state 0xcc5dc240
09-27 04:51:35.526: I/GceLights(1677): set_light: state value -10724260
09-27 04:51:35.542: I/GceLights(1677): set_light: dev 0xe11349b0 state 0xcc5dc240
09-27 04:51:35.542: I/GceLights(1677): set_light: state value -10526881
09-27 04:51:35.559: I/GceLights(1677): set_light: dev 0xe11349b0 state 0xcc5dc240
09-27 04:51:35.559: I/GceLights(1677): set_light: state value -10329502
09-27 04:51:35.575: I/GceLights(1677): set_light: dev 0xe11349b0 state 0xcc5dc240
09-27 04:51:35.575: I/GceLights(1677): set_light: state value -10132123
09-27 04:51:35.586: I/ActivityManager(1677): Start proc 5938:com.google.android.apps.mtaas.backdrop/u0a85 for activity com.google.android.apps.mtaas.backdrop/.BackdropActivity
09-27 04:51:35.588: E/memtrack(1677): Couldn't load memtrack module
09-27 04:51:35.588: W/android.os.Debug(1677): failed to get memory consumption info: -1
09-27 04:51:35.607: I/GceLights(1677): set_light: dev 0xe11349b0 state 0xcc5dc240
09-27 04:51:35.607: I/GceLights(1677): set_light: state value -10066330
09-27 04:51:35.661: W/zygote(5938): Unexpected CPU variant for X86 using defaults: x86
09-27 04:51:35.880: I/BackdropActivity(5938): android_id: 4511334129602068284
09-27 04:51:35.960: D/NotificationSQLiteLog(1677): Pruned event entries: 0
09-27 04:51:35.974: D/OpenGLRenderer(5938): HWUI GL Pipeline
09-27 04:51:36.472: I/GceGrallocRegionRegistry(1535): Mapped gralloc-1535.32 hnd=0xf63a3480 fd=8 base=0xefcf1000 format=RGBA_8888(0x1) width=1440 height=2392
09-27 04:51:36.473: I/GceGrallocRegionRegistry(1538): Mapped gralloc-1535.32 hnd=0xedad9880 fd=68 base=0xd674f000 format=RGBA_8888(0x1) width=1440 height=2392
09-27 04:51:36.473: I/GceGrallocRegionRegistry(1535): Mapped gralloc-1535.33 hnd=0xf63a3540 fd=9 base=0xeefc0000 format=RGBA_8888(0x1) width=1440 height=2392
09-27 04:51:36.473: I/GceGrallocRegionRegistry(1538): Mapped gralloc-1535.33 hnd=0xed411140 fd=69 base=0xd5a1e000 format=RGBA_8888(0x1) width=1440 height=2392
09-27 04:51:36.474: I/GceGrallocRegionRegistry(1535): Mapped gralloc-1535.34 hnd=0xf5f90000 fd=10 base=0xee192000 format=RGBA_8888(0x1) width=1440 height=2392
09-27 04:51:36.474: I/GceGrallocRegionRegistry(1535): Unmapped gralloc-1535.34 hnd=0xf5f90000 fd=10 base=0xee192000
09-27 04:51:36.474: I/GceGrallocRegionRegistry(1535): Unmapped gralloc-1535.33 hnd=0xf63a3540 fd=9 base=0xeefc0000
09-27 04:51:36.474: W//system/bin/hwservicemanager(1460): getTransport: Cannot find entry android.hardware.configstore@1.0::ISurfaceFlingerConfigs/default in either framework or device manifest.
09-27 04:51:36.475: I/GceGrallocRegionRegistry(1535): Unmapped gralloc-1535.32 hnd=0xf63a3480 fd=8 base=0xefcf1000
09-27 04:51:36.475: I/com.google.android.apps.mtaas.backdrop(5938): android::hardware::configstore::V1_0::ISurfaceFlingerConfigs::hasWideColorDisplay retrieved: 0
09-27 04:51:36.475: I/OpenGLRenderer(5938): Initialized EGL, version 1.4
09-27 04:51:36.476: D/OpenGLRenderer(5938): Swap behavior 1
09-27 04:51:36.478: I/GceGrallocRegionRegistry(1538): Mapped gralloc-1535.34 hnd=0xed411200 fd=70 base=0xd4ced000 format=RGBA_8888(0x1) width=1440 height=2392
09-27 04:51:36.701: I/FTLNetworkMonitor(5938): Network Info: [type: MOBILE[LTE], state: CONNECTED/CONNECTED, reason: connected, extra: epc.tmobile.com, failover: false, available: true, roaming: false]
09-27 04:51:36.701: I/GceGrallocRegionRegistry(2337): Unmapped gralloc-1535.19 hnd=0xce27fe00 fd=60 base=0xbee4a000
09-27 04:51:36.702: I/FTLNetworkMonitor(5938): Network Info: [type: MOBILE[LTE], state: CONNECTED/CONNECTED, reason: connected, extra: epc.tmobile.com, failover: false, available: true, roaming: false]
09-27 04:51:36.702: I/GceGrallocRegionRegistry(2337): Unmapped gralloc-1535.20 hnd=0xcb5c90c0 fd=59 base=0xbfc5c000
09-27 04:51:36.703: I/GceGrallocRegionRegistry(2337): Unmapped gralloc-1535.21 hnd=0xc9d67840 fd=58 base=0xc0a6e000
09-27 04:51:36.704: I/Choreographer(5938): Skipped 38 frames!  The application may be doing too much work on its main thread.
09-27 04:51:36.711: I/GceGrallocRegionRegistry(1538): Unmapped gralloc-1535.21 hnd=0xed411340 fd=47 base=0xdd7bb000
09-27 04:51:36.713: I/GceGrallocRegionRegistry(1538): Unmapped gralloc-1535.20 hnd=0xedad9600 fd=46 base=0xdf0f4000
09-27 04:51:36.743: I/Choreographer(2337): Skipped 48 frames!  The application may be doing too much work on its main thread.
09-27 04:51:36.761: I/Choreographer(1831): Skipped 57 frames!  The application may be doing too much work on its main thread.
09-27 04:51:36.764: E/memtrack(1677): Couldn't load memtrack module
09-27 04:51:36.764: W/android.os.Debug(1677): failed to get memory consumption info: -1
09-27 04:51:36.897: W/System(1831): ClassLoader referenced unknown path: 
09-27 04:51:36.920: I/Remoter(1528): Saved screenshot to '/data/screenshots/__pmv__-0080.jpg'
09-27 04:51:36.995: E/memtrack(1677): Couldn't load memtrack module
09-27 04:51:36.995: W/android.os.Debug(1677): failed to get memory consumption info: -1
09-27 04:51:37.045: D/AndroidRuntime(5937): >>>>>> START com.android.internal.os.RuntimeInit uid 0 <<<<<<
09-27 04:51:37.049: W/app_process(5937): Could not reserve sentinel fault page
09-27 04:51:37.149: W/app_process(5937): Unexpected CPU variant for X86 using defaults: x86
09-27 04:51:37.150: E/memtrack(1677): Couldn't load memtrack module
09-27 04:51:37.150: W/android.os.Debug(1677): failed to get memory consumption info: -1
09-27 04:51:37.152: I/app_process(5937): The ClassLoaderContext is a special shared library.
09-27 04:51:37.152: W/nativebridge(5937): Failed to bind-mount /system/lib/x86/cpuinfo as /proc/cpuinfo: No such file or directory
09-27 04:51:37.182: D/AndroidRuntime(5937): Calling main entry com.android.commands.input.Input
09-27 04:51:37.185: I/Input(5937): injectMotionEvent: MotionEvent { action=ACTION_DOWN, actionButton=0, id[0]=0, x[0]=0.0, y[0]=0.0, toolType[0]=TOOL_TYPE_UNKNOWN, buttonState=0, metaState=0, flags=0x0, edgeFlags=0x0, pointerCount=1, historySize=0, eventTime=7536481, downTime=7536481, deviceId=6, source=0x1002 }
09-27 04:51:37.185: D/PowerManagerService(1677): userActivityNoUpdateLocked: eventTime=7536481, event=2, flags=0x0, uid=1000
09-27 04:51:37.185: D/PowerManagerService(1677): updateUserActivitySummaryLocked: mWakefulness=Awake, mUserActivitySummary=0x1, nextTimeout=7589481 (in 52996 ms)
09-27 04:51:37.186: D/PowerManagerService(1677): updateDisplayPowerStateLocked: mDisplayReady=true, policy=3, mWakefulness=1, mWakeLockSummary=0x1, mUserActivitySummary=0x1, mBootCompleted=true, mScreenBrightnessBoostInProgress=false, mIsVrModeEnabled= false, sQuiescent=false
09-27 04:51:37.193: D/StatusBar(1831): disable<e i a s b h r c s q >
09-27 04:51:37.196: I/Input(5937): injectMotionEvent: MotionEvent { action=ACTION_UP, actionButton=0, id[0]=0, x[0]=0.0, y[0]=0.0, toolType[0]=TOOL_TYPE_UNKNOWN, buttonState=0, metaState=0, flags=0x0, edgeFlags=0x0, pointerCount=1, historySize=0, eventTime=7536481, downTime=7536481, deviceId=6, source=0x1002 }
09-27 04:51:37.222: I/GceGrallocRegionRegistry(1831): Unmapped gralloc-1535.27 hnd=0xe1150c00 fd=78 base=0xcb703000
09-27 04:51:37.222: I/GceGrallocRegionRegistry(1831): Unmapped gralloc-1535.28 hnd=0xc8b7d840 fd=79 base=0xcb67a000
09-27 04:51:37.242: D/AndroidRuntime(5937): Shutting down VM
09-27 04:51:37.365: I/GceGrallocRegionRegistry(1535): Mapped gralloc-1535.35 hnd=0xf5f90100 fd=8 base=0xefc10000 format=RGBA_8888(0x1) width=1440 height=2560
09-27 04:51:37.365: I/GceGrallocRegionRegistry(1535): Unmapped gralloc-1535.35 hnd=0xf5f90100 fd=8 base=0xefc10000
09-27 04:51:37.365: I/GceGrallocRegionRegistry(1538): Mapped gralloc-1535.35 hnd=0xed4112c0 fd=46 base=0xdf1d5000 format=RGBA_8888(0x1) width=1440 height=2560
09-27 04:51:37.366: I/GceGrallocRegionRegistry(1831): Mapped gralloc-1535.35 hnd=0xccb6cdc0 fd=79 base=0xc1b6e000 format=RGBA_8888(0x1) width=1440 height=2560
09-27 04:51:37.392: I/GceGrallocRegionRegistry(1538): Unmapped gralloc-1535.27 hnd=0xed411240 fd=43 base=0xe0e7d000
09-27 04:51:37.464: I/GceGrallocRegionRegistry(1535): Mapped gralloc-1535.36 hnd=0xf5f90140 fd=8 base=0xefc10000 format=RGBA_8888(0x1) width=1440 height=2560
09-27 04:51:37.464: I/GceGrallocRegionRegistry(1538): Mapped gralloc-1535.36 hnd=0xedad9cc0 fd=47 base=0xdd7bb000 format=RGBA_8888(0x1) width=1440 height=2560
09-27 04:51:37.464: I/GceGrallocRegionRegistry(1535): Unmapped gralloc-1535.36 hnd=0xf5f90140 fd=8 base=0xefc10000
09-27 04:51:37.464: I/GceGrallocRegionRegistry(1831): Mapped gralloc-1535.36 hnd=0xc9f68600 fd=83 base=0xc0d5c000 format=RGBA_8888(0x1) width=1440 height=2560
09-27 04:51:37.489: I/GceGrallocRegionRegistry(1538): Unmapped gralloc-1535.34 hnd=0xed411200 fd=70 base=0xd4ced000
09-27 04:51:37.489: I/GceGrallocRegionRegistry(1535): Mapped gralloc-1535.37 hnd=0xf5f90100 fd=8 base=0xefcf1000 format=RGBA_8888(0x1) width=1440 height=2392
09-27 04:51:37.489: I/GceGrallocRegionRegistry(1535): Unmapped gralloc-1535.37 hnd=0xf5f90100 fd=8 base=0xefcf1000
09-27 04:51:37.489: I/GceGrallocRegionRegistry(1538): Mapped gralloc-1535.37 hnd=0xed4113c0 fd=49 base=0xd4ced000 format=RGBA_8888(0x1) width=1440 height=2392
09-27 04:51:37.490: D/vndksupport(5938): Loading /vendor/lib/hw/android.hardware.graphics.mapper@2.0-impl.so from current namespace instead of sphal namespace.
09-27 04:51:37.490: D/vndksupport(5938): Loading /vendor/lib/hw/gralloc.gce_x86.so from current namespace instead of sphal namespace.
09-27 04:51:37.492: I/GceGrallocRegionRegistry(1538): Unmapped gralloc-1535.28 hnd=0xedad9780 fd=20 base=0xd82fe000
09-27 04:51:37.503: D/StatusBar(1831): disable<e i a s b h r c s q >
09-27 04:51:37.511: I/GceGrallocRegionRegistry(5938): Mapped gralloc-1535.37 hnd=0xcc308dc0 fd=45 base=0xc92dd000 format=RGBA_8888(0x1) width=1440 height=2392
09-27 04:51:37.511: D/vndksupport(5938): Loading /vendor/lib/hw/gralloc.gce_x86.so from current namespace instead of sphal namespace.
09-27 04:51:37.530: I/zygote(1831): Deoptimizing void com.android.systemui.statusbar.stack.StackScrollState.resetViewState(com.android.systemui.statusbar.ExpandableView) due to JIT same target
09-27 04:51:37.531: I/zygote(1831): Deoptimizing boolean com.android.systemui.statusbar.stack.ViewState.isAnimating(android.view.View) due to JIT inline cache
09-27 04:51:37.560: I/ActivityManager(1677): Displayed com.google.android.apps.mtaas.backdrop/.BackdropActivity: +1s983ms
09-27 04:51:37.560: I/Choreographer(5938): Skipped 49 frames!  The application may be doing too much work on its main thread.
09-27 04:51:37.611: I/GceGrallocRegionRegistry(1538): Unmapped gralloc-1535.33 hnd=0xed411140 fd=69 base=0xd5a1e000
09-27 04:51:37.611: I/GceGrallocRegionRegistry(1535): Mapped gralloc-1535.38 hnd=0xf5f90140 fd=8 base=0xefcf1000 format=RGBA_8888(0x1) width=1440 height=2392
09-27 04:51:37.611: I/GceGrallocRegionRegistry(1535): Unmapped gralloc-1535.38 hnd=0xf5f90140 fd=8 base=0xefcf1000
09-27 04:51:37.611: I/GceGrallocRegionRegistry(1538): Mapped gralloc-1535.38 hnd=0xed411600 fd=52 base=0xd5a1e000 format=RGBA_8888(0x1) width=1440 height=2392
09-27 04:51:37.611: I/GceGrallocRegionRegistry(5938): Mapped gralloc-1535.38 hnd=0xce424d40 fd=46 base=0xc85ac000 format=RGBA_8888(0x1) width=1440 height=2392
09-27 04:51:37.778: E/memtrack(1677): Couldn't load memtrack module
09-27 04:51:37.778: W/android.os.Debug(1677): failed to get memory consumption info: -1
09-27 04:51:37.959: D/PowerManagerService(1677): releaseWakeLockInternal: lock=32668741 [*launch*], flags=0x0
09-27 04:51:37.960: D/PowerManagerService(1677): updateWakeLockSummaryLocked: mWakefulness=Awake, mWakeLockSummary=0x0
09-27 04:51:37.960: D/PowerManagerService(1677): updateUserActivitySummaryLocked: mWakefulness=Awake, mUserActivitySummary=0x1, nextTimeout=7589481 (in 52222 ms)
09-27 04:51:37.960: D/PowerManagerService(1677): updateDisplayPowerStateLocked: mDisplayReady=true, policy=3, mWakefulness=1, mWakeLockSummary=0x0, mUserActivitySummary=0x1, mBootCompleted=true, mScreenBrightnessBoostInProgress=false, mIsVrModeEnabled= false, sQuiescent=false
09-27 04:51:37.960: D/PowerManagerService(1677): Releasing suspend blocker "PowerManagerService.WakeLocks".
09-27 04:51:37.968: I/GceGrallocRegionRegistry(1538): Unmapped gralloc-1535.32 hnd=0xedad9880 fd=68 base=0xd674f000
09-27 04:51:37.968: I/GceGrallocRegionRegistry(1535): Mapped gralloc-1535.39 hnd=0xf5f90100 fd=8 base=0xefcf1000 format=RGBA_8888(0x1) width=1440 height=2392
09-27 04:51:37.968: I/GceGrallocRegionRegistry(1535): Unmapped gralloc-1535.39 hnd=0xf5f90100 fd=8 base=0xefcf1000
09-27 04:51:37.969: I/GceGrallocRegionRegistry(1538): Mapped gralloc-1535.39 hnd=0xedad9880 fd=62 base=0xd674f000 format=RGBA_8888(0x1) width=1440 height=2392
09-27 04:51:37.969: I/GceGrallocRegionRegistry(5938): Mapped gralloc-1535.39 hnd=0xcd690540 fd=47 base=0xc787b000 format=RGBA_8888(0x1) width=1440 height=2392
09-27 04:51:37.976: I/GceGrallocRegionRegistry(1677): Unmapped gralloc-1535.31 hnd=0xc789fbc0 fd=199 base=0xc2a1c000
09-27 04:51:37.983: I/GceGrallocRegionRegistry(1538): Unmapped gralloc-1535.31 hnd=0xed411300 fd=63 base=0xdffe7000
09-27 04:51:37.993: I/zygote(2337): Deoptimizing int android.support.v7.widget.RecyclerView$5.getChildCount() due to JIT inline cache
09-27 04:51:38.011: I/zygote(1831): Do full code cache collection, code=249KB, data=156KB
09-27 04:51:38.011: I/zygote(1831): After code cache collection, code=221KB, data=131KB
09-27 04:51:38.017: E/memtrack(1677): Couldn't load memtrack module
09-27 04:51:38.017: W/android.os.Debug(1677): failed to get memory consumption info: -1
09-27 04:51:38.036: I/GceGrallocRegionRegistry(1538): Unmapped gralloc-1535.19 hnd=0xedad94c0 fd=37 base=0xe11a1000
09-27 04:51:38.149: I/Remoter(1528): Saved screenshot to '/data/screenshots/__pmv__-0081.jpg'
09-27 04:51:38.378: I/GAV2(5784): Thread[GAThread,5,main]: No campaign data found.
09-27 04:51:38.378: I/zygote(5802): Waiting for a blocking GC ProfileSaver
09-27 04:51:38.447: I/zygote(5802): WaitForGcToComplete blocked ProfileSaver on HeapTrim for 69.056ms
09-27 04:51:38.639: D/PowerManagerService(1677): acquireWakeLockInternal: lock=264215941, flags=0x1, tag="*alarm*", ws=WorkSource{10034}, uid=1000, pid=1677
09-27 04:51:38.639: D/PowerManagerService(1677): updateWakeLockSummaryLocked: mWakefulness=Awake, mWakeLockSummary=0x1
09-27 04:51:38.639: D/PowerManagerService(1677): updateUserActivitySummaryLocked: mWakefulness=Awake, mUserActivitySummary=0x1, nextTimeout=7589481 (in 51543 ms)
09-27 04:51:38.639: D/PowerManagerService(1677): updateDisplayPowerStateLocked: mDisplayReady=true, policy=3, mWakefulness=1, mWakeLockSummary=0x1, mUserActivitySummary=0x1, mBootCompleted=true, mScreenBrightnessBoostInProgress=false, mIsVrModeEnabled= false, sQuiescent=false
09-27 04:51:38.639: D/PowerManagerService(1677): Acquiring suspend blocker "PowerManagerService.WakeLocks".
09-27 04:51:38.640: D/PowerManagerService(1677): updateWakeLockWorkSourceInternal: lock=264215941 [*alarm*], ws=WorkSource{10014 com.google.android.gms}
09-27 04:51:38.640: D/PowerManagerService(1677): releaseWakeLockInternal: lock=264215941 [*alarm*], flags=0x0
09-27 04:51:38.640: D/PowerManagerService(1677): updateWakeLockSummaryLocked: mWakefulness=Awake, mWakeLockSummary=0x0
09-27 04:51:38.640: D/PowerManagerService(1677): updateUserActivitySummaryLocked: mWakefulness=Awake, mUserActivitySummary=0x1, nextTimeout=7589481 (in 51542 ms)
09-27 04:51:38.640: D/PowerManagerService(1677): updateDisplayPowerStateLocked: mDisplayReady=true, policy=3, mWakefulness=1, mWakeLockSummary=0x0, mUserActivitySummary=0x1, mBootCompleted=true, mScreenBrightnessBoostInProgress=false, mIsVrModeEnabled= false, sQuiescent=false
09-27 04:51:38.640: D/PowerManagerService(1677): Releasing suspend blocker "PowerManagerService.WakeLocks".
09-27 04:51:38.653: I/Authzen(2592): [DeviceStateSyncManager] Device state updated successfully.
09-27 04:51:38.715: I/Choreographer(1831): Skipped 71 frames!  The application may be doing too much work on its main thread.
09-27 04:51:38.902: D/AndroidRuntime(5988): >>>>>> START com.android.internal.os.RuntimeInit uid 0 <<<<<<
09-27 04:51:39.112: D/StatusBar(1831): disable<e i a s b h r c s q >
09-27 04:51:39.177: W/app_process(5988): Unexpected CPU variant for X86 using defaults: x86
09-27 04:51:39.180: I/app_process(5988): The ClassLoaderContext is a special shared library.
09-27 04:51:39.180: W/nativebridge(5988): Failed to bind-mount /system/lib/x86/cpuinfo as /proc/cpuinfo: No such file or directory
09-27 04:51:39.279: I/zygote(1831): Deoptimizing void com.android.systemui.statusbar.phone.StatusBar.logNotificationVisibilityChanges(java.util.Collection, java.util.Collection) due to JIT inline cache
09-27 04:51:39.309: D/StatusBar(1831): disable<e i a s b h r c s q >
09-27 04:51:39.335: D/AndroidRuntime(5988): Calling main entry com.android.commands.am.Am
09-27 04:51:39.338: I/ActivityManager(1677): Force stopping com.google.android.apps.mtaas.loginutil appid=10084 user=0: start instr
09-27 04:51:39.349: I/ActivityManager(1677): Start proc 6001:com.google.android.apps.mtaas.loginutil/u0a84 for added application com.google.android.apps.mtaas.loginutil
09-27 04:51:39.351: W/zygote(6001): Unexpected CPU variant for X86 using defaults: x86
09-27 04:51:39.364: I/GceGrallocRegionRegistry(1831): Unmapped gralloc-1535.35 hnd=0xccb6cdc0 fd=79 base=0xc1b6e000
09-27 04:51:39.364: I/GceGrallocRegionRegistry(1831): Unmapped gralloc-1535.36 hnd=0xc9f68600 fd=83 base=0xc0d5c000
