09-27 04:51:06.864: I/Auth(2592): [SupervisedAccountIntentOperation] This operation is disabled
09-27 04:51:06.864: I/ChromeSync(2592): [Sync,SyncIntentOperation] Handling the intent: Intent { act=android.intent.action.PACKAGE_ADDED dat=package:com.google.android.apps.mtaas.loginutil flg=0x4000010 cmp=com.google.android.gms/.chimera.GmsIntentOperationService (has extras) }.
09-27 04:51:06.866: I/Finsky(4983): [2] com.google.android.finsky.externalreferrer.e.a(52): Package state data is missing for com.google.android.apps.mtaas.loginutil
09-27 04:51:06.868: I/ChromeSync(2592): [Persistence,AffiliationManager] No affiliation data for android://hYLDYwB34REMzRkkDCAO41RDCu83EJUgrh0yR4QTKzoWic4CFOf47MQAfK5OsrL3bydJNBPokUImRnqAa33Xng==@com.google.android.apps.mtaas.loginutil/. Marking affiliation data as stale...
09-27 04:51:06.870: I/ChromeSync(2592): [Persistence,AffiliationManager] Fetching affiliations from the server.
09-27 04:51:06.871: W/BroadcastQueue(1677): Background execution not allowed: receiving Intent { act=android.intent.action.PACKAGE_ADDED dat=package:com.google.android.apps.mtaas.loginutil flg=0x4000010 (has extras) } to com.google.android.googlequicksearchbox/com.google.android.apps.gsa.googlequicksearchbox.GelStubAppWatcher
09-27 04:51:06.872: I/FontsPackageChangeOp(2592): Package com.google.android.apps.mtaas.loginutil has no metadata
09-27 04:51:06.880: W/Finsky(4983): [2] com.google.android.finsky.application.impl.a.dw(1487): No account configured on this device.
09-27 04:51:06.881: D/PowerManagerService(1677): updateWakeLockWorkSourceInternal: lock=70667139 [Icing], ws=WorkSource{10014 com.google.android.gms, 10084 com.google.android.apps.mtaas.loginutil}
09-27 04:51:06.881: I/PeopleContactsSync(2592): triggerPendingContactsCleanup: no accounts
09-27 04:51:06.881: W/Finsky(4983): [2] com.google.android.finsky.application.impl.a.dw(1487): No account configured on this device.
09-27 04:51:06.884: I/Icing(2592): IndexChimeraService.getServiceInterface callingPackage=com.google.android.gms componentName=AppsCorpus serviceId=36
09-27 04:51:06.886: W/WearableService(2263): onGetService: Wear is not available on this device.
09-27 04:51:06.888: E/Finsky(4983): [2] com.google.android.finsky.wear.au.a(3): onConnectionFailed: ConnectionResult{statusCode=API_UNAVAILABLE, resolution=null, message=null}
09-27 04:51:06.888: W/Finsky(4983): [2] com.google.android.finsky.wear.cd.run(12): Dropping command=auto_install due to Gms not connected
09-27 04:51:06.888: I/Finsky(4983): [2] com.google.android.finsky.wear.WearSupportService.b(67): Stopping WearSupportService
09-27 04:51:06.888: W/Finsky(4983): [2] com.google.android.finsky.wear.cd.run(12): Dropping command=send_installed_apps due to Gms not connected
09-27 04:51:06.888: I/Finsky(4983): [2] com.google.android.finsky.wear.WearSupportService.b(67): Stopping WearSupportService
09-27 04:51:06.895: D/PowerManagerService(1677): updateWakeLockWorkSourceInternal: lock=70667139 [Icing], ws=WorkSource{10014 com.google.android.gms}
09-27 04:51:06.898: I/Icing(2592): IndexChimeraService.getServiceInterface callingPackage=com.google.android.gms componentName=AppsCorpus serviceId=32
09-27 04:51:06.909: D/AutofillUI(1677): destroySaveUiUiThread(): already destroyed
09-27 04:51:06.910: I/Icing(2592): Usage reports ok 0, Failed Usage reports 0, indexed 0, rejected 0, imm upload false
09-27 04:51:06.942: I/zygote(1677): Background concurrent copying GC freed 44886(2MB) AllocSpace objects, 23(1100KB) LOS objects, 42% free, 11MB/19MB, paused 58us total 121.195ms
09-27 04:51:06.943: I/Icing(2592): Usage reports ok 0, Failed Usage reports 0, indexed 0, rejected 0, imm upload false
09-27 04:51:07.128: I/Icing(2592): Indexing com.google.android.gms-apps from com.google.android.gms
09-27 04:51:07.144: I/Icing(2592): Indexing com.google.android.gms-internal.3p:MobileApplication from com.google.android.gms
09-27 04:51:07.149: I/Icing(2592): Indexing done com.google.android.gms-apps
09-27 04:51:07.151: I/Icing(2592): Indexing done com.google.android.gms-internal.3p:MobileApplication
09-27 04:51:07.435: I/Remoter(1528): Saved screenshot to '/data/screenshots/__pmv__-0057.jpg'
09-27 04:51:07.571: D/AndroidRuntime(5134): >>>>>> START com.android.internal.os.RuntimeInit uid 0 <<<<<<
09-27 04:51:07.630: W/app_process(5134): Unexpected CPU variant for X86 using defaults: x86
09-27 04:51:07.631: I/app_process(5134): The ClassLoaderContext is a special shared library.
09-27 04:51:07.631: W/nativebridge(5134): Failed to bind-mount /system/lib/x86/cpuinfo as /proc/cpuinfo: No such file or directory
09-27 04:51:07.648: D/AndroidRuntime(5134): Calling main entry com.android.commands.pm.Pm
09-27 04:51:07.706: I/Finsky(4983): [2] com.google.android.finsky.verifier.impl.PackageVerificationReceiver.onReceive(12): Verification requested, id = 2
09-27 04:51:07.708: W/Finsky(4983): [2] com.google.android.finsky.application.impl.a.dw(1487): No account configured on this device.
09-27 04:51:07.710: I/chatty(4983): uid=10028(com.android.vending) identical 3 lines
09-27 04:51:07.710: W/Finsky(4983): [2] com.google.android.finsky.application.impl.a.dw(1487): No account configured on this device.
09-27 04:51:07.715: I/Finsky(4983): [315] com.google.android.finsky.verifier.impl.ci.a(111): Skipping verification. Disabled by user setting
09-27 04:51:07.715: I/Finsky(4983): [315] com.google.android.finsky.verifier.impl.ci.a(119): Skipping anti malware verification due to pre-check failure
09-27 04:51:07.716: I/Finsky(4983): [2] com.google.android.finsky.verifier.impl.dr.c(191): Verifying id=2, result=1
09-27 04:51:07.718: W/Finsky(4983): [2] com.google.android.finsky.application.impl.a.dw(1487): No account configured on this device.
09-27 04:51:07.718: W/Finsky(4983): [2] com.google.android.finsky.application.impl.a.dw(1487): No account configured on this device.
09-27 04:51:07.719: I/Finsky(4983): [2] com.google.android.finsky.verifier.impl.dr.c(208): Verification complete: id=2, package_name=com.google.android.apps.mtaas.backdrop
09-27 04:51:07.722: D/PowerManagerService(1677): acquireWakeLockInternal: lock=226930068, flags=0x1, tag="*dexopt*", ws=WorkSource{-1}, uid=1000, pid=1677
09-27 04:51:07.722: D/PowerManagerService(1677): updateWakeLockSummaryLocked: mWakefulness=Awake, mWakeLockSummary=0x1
09-27 04:51:07.722: D/PowerManagerService(1677): updateUserActivitySummaryLocked: mWakefulness=Awake, mUserActivitySummary=0x4, nextTimeout=-1 (7507022 ms ago)
09-27 04:51:07.722: D/PowerManagerService(1677): updateDisplayPowerStateLocked: mDisplayReady=true, policy=2, mWakefulness=1, mWakeLockSummary=0x1, mUserActivitySummary=0x4, mBootCompleted=true, mScreenBrightnessBoostInProgress=false, mIsVrModeEnabled= false, sQuiescent=false
09-27 04:51:07.723: I/PackageManager.DexOptimizer(1677): Running dexopt (dexoptNeeded=1) on: /data/app/com.google.android.apps.mtaas.backdrop-1JClzf8-2PJM4Iq5RA4yAQ==/base.apk pkg=com.google.android.apps.mtaas.backdrop isa=x86 dexoptFlags=boot_complete,public target-filter=quicken oatDir=/data/app/com.google.android.apps.mtaas.backdrop-1JClzf8-2PJM4Iq5RA4yAQ==/oat sharedLibraries=PCL[]
09-27 04:51:07.733: W/dex2oat(5146): Unexpected CPU variant for X86 using defaults: x86
09-27 04:51:07.733: W/dex2oat(5146): Mismatch between dex2oat instruction set features (ISA: X86 Feature string: -ssse3,-sse4.1,-sse4.2,-avx,-avx2,-popcnt) and those of dex2oat executable (ISA: X86 Feature string: ssse3,-sse4.1,-sse4.2,-avx,-avx2,-popcnt) for the command line:
09-27 04:51:07.733: W/dex2oat(5146): /system/bin/dex2oat --zip-fd=7 --zip-location=base.apk --input-vdex-fd=-1 --output-vdex-fd=9 --oat-fd=8 --oat-location=/data/app/com.google.android.apps.mtaas.backdrop-1JClzf8-2PJM4Iq5RA4yAQ==/oat/x86/base.odex --instruction-set=x86 --instruction-set-variant=x86 --instruction-set-features=default --runtime-arg -Xms64m --runtime-arg -Xmx512m --compiler-filter=quicken --swap-fd=10 --classpath-dir=/data/app/com.google.android.apps.mtaas.backdrop-1JClzf8-2PJM4Iq5RA4yAQ== --class-loader-context=PCL[]
09-27 04:51:07.733: I/dex2oat(5146): /system/bin/dex2oat --input-vdex-fd=-1 --output-vdex-fd=9 --compiler-filter=quicken --classpath-dir=/data/app/com.google.android.apps.mtaas.backdrop-1JClzf8-2PJM4Iq5RA4yAQ== --class-loader-context=PCL[]
09-27 04:51:07.953: I/Icing(2592): Indexing com.google.android.gms-apps from com.google.android.gms
09-27 04:51:07.953: I/Icing(2592): Indexing done com.google.android.gms-apps
09-27 04:51:07.954: D/PowerManagerService(1677): releaseWakeLockInternal: lock=70667139 [Icing], flags=0x0
09-27 04:51:07.954: D/PowerManagerService(1677): updateWakeLockSummaryLocked: mWakefulness=Awake, mWakeLockSummary=0x1
09-27 04:51:07.954: D/PowerManagerService(1677): updateUserActivitySummaryLocked: mWakefulness=Awake, mUserActivitySummary=0x4, nextTimeout=-1 (7507254 ms ago)
09-27 04:51:07.954: D/PowerManagerService(1677): updateDisplayPowerStateLocked: mDisplayReady=true, policy=2, mWakefulness=1, mWakeLockSummary=0x1, mUserActivitySummary=0x4, mBootCompleted=true, mScreenBrightnessBoostInProgress=false, mIsVrModeEnabled= false, sQuiescent=false
09-27 04:51:07.986: I/dex2oat(5146): dex2oat took 253.204ms (375.191ms cpu) (threads: 2) arena alloc=3KB (3312B) java alloc=783KB (802456B) native alloc=2MB (2113360B) free=1520KB (1556656B)
09-27 04:51:07.990: D/PowerManagerService(1677): releaseWakeLockInternal: lock=226930068 [*dexopt*], flags=0x0
09-27 04:51:07.990: D/PowerManagerService(1677): updateWakeLockSummaryLocked: mWakefulness=Awake, mWakeLockSummary=0x1
09-27 04:51:07.990: D/PowerManagerService(1677): updateUserActivitySummaryLocked: mWakefulness=Awake, mUserActivitySummary=0x4, nextTimeout=-1 (7507290 ms ago)
09-27 04:51:07.990: D/PowerManagerService(1677): updateDisplayPowerStateLocked: mDisplayReady=true, policy=2, mWakefulness=1, mWakeLockSummary=0x1, mUserActivitySummary=0x4, mBootCompleted=true, mScreenBrightnessBoostInProgress=false, mIsVrModeEnabled= false, sQuiescent=false
09-27 04:51:08.012: V/BackupManagerService(1677): restoreAtInstall pkg=com.google.android.apps.mtaas.backdrop token=3 restoreSet=0
09-27 04:51:08.012: V/BackupManagerService(1677): Finishing install immediately
09-27 04:51:08.012: V/BackupManagerService(1677): [ 09-27 04:51:08.015  1546: 1724 E/         ]
09-27 04:51:08.012: V/BackupManagerService(1677): Couldn't opendir /data/app/vmdl2108112243.tmp: No such file or directory
09-27 04:51:08.015: E/installd(1546): Failed to delete /data/app/vmdl2108112243.tmp: No such file or directory
09-27 04:51:08.016: I/Pm(5134): Package com.google.android.apps.mtaas.backdrop installed in 367 ms
09-27 04:51:08.017: D/PackageInstaller(1677): Ignoring abandon after commit relinquished control
09-27 04:51:08.021: D/Avrcp(1785): AvrcpServiceBroadcastReceiver-> Action: android.intent.action.PACKAGE_ADDED
09-27 04:51:08.021: D/Avrcp(1785): AvrcpServiceBroadcastReceiver-> packageName: com.google.android.apps.mtaas.backdrop
09-27 04:51:08.021: D/Avrcp(1785): packageName: com.google.android.apps.mtaas.backdrop removed: false
09-27 04:51:08.028: I/app_process(5134): System.exit called, status: 0
09-27 04:51:08.028: I/AndroidRuntime(5134): VM exiting with result code 0.
09-27 04:51:08.030: W/BroadcastQueue(1677): Background execution not allowed: receiving Intent { act=android.intent.action.PACKAGE_ADDED dat=package:com.google.android.apps.mtaas.backdrop flg=0x4000010 (has extras) } to com.android.musicfx/.Compatibility$Receiver
09-27 04:51:08.031: D/Avrcp(1785): isBrowsableListUpdated: false
09-27 04:51:08.031: D/BluetoothMapAppObserver(1785): onReceive
09-27 04:51:08.031: D/BluetoothMapAppObserver(1785): The installed package is: com.google.android.apps.mtaas.backdrop
09-27 04:51:08.031: D/BluetoothMapAppObserver(1785): Found 0 application(s) with intent android.bluetooth.action.BLUETOOTH_MAP_PROVIDER
09-27 04:51:08.031: D/BluetoothMapAppObserver(1785): Found 0 application(s) with intent android.bluetooth.action.BLUETOOTH_MAP_IM_PROVIDER
09-27 04:51:08.033: W/Finsky(4983): [2] com.google.android.finsky.application.impl.a.dw(1487): No account configured on this device.
09-27 04:51:08.034: W/Finsky(4983): [2] com.google.android.finsky.application.impl.a.dw(1487): No account configured on this device.
09-27 04:51:08.035: I/InputReader(1677): Reconfiguring input devices.  changes=0x00000010
09-27 04:51:08.039: W/Finsky(4983): [2] com.google.android.finsky.application.impl.a.dw(1487): No account configured on this device.
09-27 04:51:08.043: I/Telecom(1677): DefaultDialerCache: Refreshing default dialer for user 0: now com.google.android.dialer: DDC.oR@AIQ
09-27 04:51:08.056: I/chatty(4983): uid=10028(com.android.vending) identical 5 lines
09-27 04:51:08.057: W/Finsky(4983): [2] com.google.android.finsky.application.impl.a.dw(1487): No account configured on this device.
09-27 04:51:08.058: D/CarrierSvcBindHelper(1896): No carrier app for: 0
09-27 04:51:08.059: W/Finsky(4983): [2] com.google.android.finsky.application.impl.a.dw(1487): No account configured on this device.
09-27 04:51:08.072: D/ImsResolver(1896): maybeAddedImsService, packageName: com.google.android.apps.mtaas.backdrop
09-27 04:51:08.072: D/CarrierConfigLoader(1896): mHandler: 9 phoneId: 0
09-27 04:51:08.073: I/Finsky(4983): [2] com.google.android.finsky.wear.WearSupportService.onStartCommand(21): Starting WearSupportService for auto_install
09-27 04:51:08.076: I/Finsky(4983): [2] com.google.android.finsky.wear.ar.a(80): Connecting to wearable; initiated by: com.google.android.finsky.wear.WearSupportService
09-27 04:51:08.077: I/Finsky(4983): [2] com.google.android.finsky.externalreferrer.e.a(52): Package state data is missing for com.google.android.apps.mtaas.backdrop
09-27 04:51:08.078: W/Finsky(4983): [2] com.google.android.finsky.application.impl.a.dw(1487): No account configured on this device.
09-27 04:51:08.079: W/Finsky(4983): [2] com.google.android.finsky.application.impl.a.dw(1487): No account configured on this device.
09-27 04:51:08.079: I/Finsky(4983): [2] com.google.android.finsky.wear.WearSupportService.onStartCommand(21): Starting WearSupportService for send_installed_apps
09-27 04:51:08.083: W/WearableService(2263): onGetService: Wear is not available on this device.
09-27 04:51:08.085: E/Finsky(4983): [2] com.google.android.finsky.wear.au.a(3): onConnectionFailed: ConnectionResult{statusCode=API_UNAVAILABLE, resolution=null, message=null}
09-27 04:51:08.085: W/Finsky(4983): [2] com.google.android.finsky.wear.cd.run(12): Dropping command=auto_install due to Gms not connected
09-27 04:51:08.085: I/Finsky(4983): [2] com.google.android.finsky.wear.WearSupportService.b(67): Stopping WearSupportService
09-27 04:51:08.087: W/Finsky(4983): [2] com.google.android.finsky.wear.cd.run(12): Dropping command=send_installed_apps due to Gms not connected
09-27 04:51:08.087: I/Finsky(4983): [2] com.google.android.finsky.wear.WearSupportService.b(67): Stopping WearSupportService
09-27 04:51:08.091: W/BroadcastQueue(1677): Background execution not allowed: receiving Intent { act=android.intent.action.PACKAGE_ADDED dat=package:com.google.android.apps.mtaas.backdrop flg=0x4000010 (has extras) } to com.google.android.googlequicksearchbox/com.google.android.apps.gsa.googlequicksearchbox.GelStubAppWatcher
09-27 04:51:08.102: D/AutofillUI(1677): destroySaveUiUiThread(): already destroyed
09-27 04:51:08.105: I/Auth(2592): [SupervisedAccountIntentOperation] onHandleIntent(): android.intent.action.PACKAGE_ADDED
09-27 04:51:08.105: I/Auth(2592): [SupervisedAccountIntentOperation] This operation is disabled
09-27 04:51:08.105: I/ChromeSync(2592): [Sync,SyncIntentOperation] Handling the intent: Intent { act=android.intent.action.PACKAGE_ADDED dat=package:com.google.android.apps.mtaas.backdrop flg=0x4000010 cmp=com.google.android.gms/.chimera.GmsIntentOperationService (has extras) }.
09-27 04:51:08.116: I/FontsPackageChangeOp(2592): Package com.google.android.apps.mtaas.backdrop has no metadata
09-27 04:51:08.117: I/ChromeSync(2592): [Persistence,AffiliationManager] No affiliation data for android://N50vJU0zrJ8WOzDt6r3GDtfqrkROFOSiqHcmppwn3vxaRC4hFpNn4UsL7XlvjtlfcWuDAQhmck0qjQPwsrpMNg==@com.google.android.apps.mtaas.backdrop/. Marking affiliation data as stale...
09-27 04:51:08.123: I/ChromeSync(2592): [Persistence,AffiliationManager] Fetching affiliations from the server.
09-27 04:51:08.141: D/PowerManagerService(1677): acquireWakeLockInternal: lock=70667139, flags=0x1, tag="Icing", ws=WorkSource{10014 com.google.android.gms}, uid=10014, pid=2592
09-27 04:51:08.142: D/PowerManagerService(1677): updateWakeLockSummaryLocked: mWakefulness=Awake, mWakeLockSummary=0x1
09-27 04:51:08.142: D/PowerManagerService(1677): updateUserActivitySummaryLocked: mWakefulness=Awake, mUserActivitySummary=0x4, nextTimeout=-1 (7507442 ms ago)
09-27 04:51:08.142: D/PowerManagerService(1677): updateDisplayPowerStateLocked: mDisplayReady=true, policy=2, mWakefulness=1, mWakeLockSummary=0x1, mUserActivitySummary=0x4, mBootCompleted=true, mScreenBrightnessBoostInProgress=false, mIsVrModeEnabled= false, sQuiescent=false
09-27 04:51:08.147: I/PeopleContactsSync(2592): triggerPendingContactsCleanup: no accounts
09-27 04:51:08.149: D/PowerManagerService(1677): updateWakeLockWorkSourceInternal: lock=70667139 [Icing], ws=WorkSource{10014 com.google.android.gms, 10085 com.google.android.apps.mtaas.backdrop}
09-27 04:51:08.164: D/PowerManagerService(1677): updateWakeLockWorkSourceInternal: lock=70667139 [Icing], ws=WorkSource{10085 com.google.android.apps.mtaas.backdrop}
09-27 04:51:08.167: D/PowerManagerService(1677): updateWakeLockWorkSourceInternal: lock=70667139 [Icing], ws=WorkSource{10014 com.google.android.gms, 10085 com.google.android.apps.mtaas.backdrop}
09-27 04:51:08.178: D/PowerManagerService(1677): updateWakeLockWorkSourceInternal: lock=70667139 [Icing], ws=WorkSource{10014 com.google.android.gms}
09-27 04:51:08.210: I/zygote(1677): Background concurrent copying GC freed 39518(2045KB) AllocSpace objects, 23(1100KB) LOS objects, 42% free, 11MB/19MB, paused 94us total 194.552ms
09-27 04:51:08.213: D/PowerManagerService(1677): updateWakeLockWorkSourceInternal: lock=70667139 [Icing], ws=WorkSource{10014 com.google.android.gms, 10064 com.google.android.inputmethod.latin}
09-27 04:51:08.214: I/Icing(2592): IndexChimeraService.getServiceInterface callingPackage=com.google.android.inputmethod.latin componentName=null serviceId=66
09-27 04:51:08.222: D/PowerManagerService(1677): updateWakeLockWorkSourceInternal: lock=70667139 [Icing], ws=WorkSource{10014 com.google.android.gms}
09-27 04:51:08.225: D/PowerManagerService(1677): updateWakeLockWorkSourceInternal: lock=70667139 [Icing], ws=WorkSource{10014 com.google.android.gms, 10064 com.google.android.inputmethod.latin}
09-27 04:51:08.236: I/Icing(2592): IndexChimeraService.getServiceInterface callingPackage=com.google.android.gms componentName=AppsCorpus serviceId=32
09-27 04:51:08.237: I/Icing(2592): IndexChimeraService.getServiceInterface callingPackage=com.google.android.gms componentName=AppsCorpus serviceId=36
09-27 04:51:08.246: D/PowerManagerService(1677): updateWakeLockWorkSourceInternal: lock=70667139 [Icing], ws=WorkSource{10014 com.google.android.gms}
09-27 04:51:08.247: D/PowerManagerService(1677): updateWakeLockWorkSourceInternal: lock=70667139 [Icing], ws=WorkSource{10014 com.google.android.gms, 10064 com.google.android.inputmethod.latin}
09-27 04:51:08.256: D/PowerManagerService(1677): updateWakeLockWorkSourceInternal: lock=70667139 [Icing], ws=WorkSource{10014 com.google.android.gms}
09-27 04:51:08.266: I/Icing(2592): Usage reports ok 0, Failed Usage reports 0, indexed 0, rejected 0, imm upload false
09-27 04:51:08.480: I/Remoter(1528): Saved screenshot to '/data/screenshots/__pmv__-0058.jpg'
09-27 04:51:08.526: D/PowerManagerService(1677): releaseWakeLockInternal: lock=226221397 [AudioMix], flags=0x0
09-27 04:51:08.526: D/PowerManagerService(1677): updateWakeLockSummaryLocked: mWakefulness=Awake, mWakeLockSummary=0x1
09-27 04:51:08.526: D/PowerManagerService(1677): updateUserActivitySummaryLocked: mWakefulness=Awake, mUserActivitySummary=0x4, nextTimeout=-1 (7507826 ms ago)
09-27 04:51:08.526: D/PowerManagerService(1677): updateDisplayPowerStateLocked: mDisplayReady=true, policy=2, mWakefulness=1, mWakeLockSummary=0x1, mUserActivitySummary=0x4, mBootCompleted=true, mScreenBrightnessBoostInProgress=false, mIsVrModeEnabled= false, sQuiescent=false
09-27 04:51:08.272: I/chatty(2592): uid=10014(com.google.android.gms) lowpool[12] identical 1 line
09-27 04:51:08.282: I/Icing(2592): Usage reports ok 0, Failed Usage reports 0, indexed 0, rejected 0, imm upload false
09-27 04:51:08.534: W/Finsky(4983): [2] com.google.android.finsky.application.impl.a.dw(1487): No account configured on this device.
09-27 04:51:08.679: D/AndroidRuntime(5171): >>>>>> START com.android.internal.os.RuntimeInit uid 0 <<<<<<
09-27 04:51:08.739: W/app_process(5171): Unexpected CPU variant for X86 using defaults: x86
09-27 04:51:08.740: I/app_process(5171): The ClassLoaderContext is a special shared library.
09-27 04:51:08.740: W/nativebridge(5171): Failed to bind-mount /system/lib/x86/cpuinfo as /proc/cpuinfo: No such file or directory
09-27 04:51:08.757: D/AndroidRuntime(5171): Calling main entry com.android.commands.pm.Pm
09-27 04:51:08.817: I/Finsky(4983): [2] com.google.android.finsky.verifier.impl.PackageVerificationReceiver.onReceive(12): Verification requested, id = 3
09-27 04:51:08.819: W/Finsky(4983): [2] com.google.android.finsky.application.impl.a.dw(1487): No account configured on this device.
09-27 04:51:08.821: I/chatty(4983): uid=10028(com.android.vending) identical 3 lines
09-27 04:51:08.821: W/Finsky(4983): [2] com.google.android.finsky.application.impl.a.dw(1487): No account configured on this device.
09-27 04:51:08.825: I/Finsky(4983): [314] com.google.android.finsky.verifier.impl.ci.a(111): Skipping verification. Disabled by user setting
09-27 04:51:08.825: I/Finsky(4983): [314] com.google.android.finsky.verifier.impl.ci.a(119): Skipping anti malware verification due to pre-check failure
09-27 04:51:08.826: I/Finsky(4983): [2] com.google.android.finsky.verifier.impl.dr.c(191): Verifying id=3, result=1
09-27 04:51:08.827: W/Finsky(4983): [2] com.google.android.finsky.application.impl.a.dw(1487): No account configured on this device.
09-27 04:51:08.827: W/Finsky(4983): [2] com.google.android.finsky.application.impl.a.dw(1487): No account configured on this device.
09-27 04:51:08.828: I/Finsky(4983): [2] com.google.android.finsky.verifier.impl.dr.c(208): Verification complete: id=3, package_name=com.google.android.apps.auth.test.support
09-27 04:51:08.830: I/PackageParser(1677): com.google.android.apps.auth.test.support: compat added android.permission.WRITE_EXTERNAL_STORAGE android.permission.READ_PHONE_STATE
09-27 04:51:08.832: D/PowerManagerService(1677): acquireWakeLockInternal: lock=226930068, flags=0x1, tag="*dexopt*", ws=WorkSource{-1}, uid=1000, pid=1677
09-27 04:51:08.832: D/PowerManagerService(1677): updateWakeLockSummaryLocked: mWakefulness=Awake, mWakeLockSummary=0x1
09-27 04:51:08.832: D/PowerManagerService(1677): updateUserActivitySummaryLocked: mWakefulness=Awake, mUserActivitySummary=0x4, nextTimeout=-1 (7508132 ms ago)
09-27 04:51:08.832: D/PowerManagerService(1677): updateDisplayPowerStateLocked: mDisplayReady=true, policy=2, mWakefulness=1, mWakeLockSummary=0x1, mUserActivitySummary=0x4, mBootCompleted=true, mScreenBrightnessBoostInProgress=false, mIsVrModeEnabled= false, sQuiescent=false
09-27 04:51:08.833: I/PackageManager.DexOptimizer(1677): Running dexopt (dexoptNeeded=1) on: /data/app/com.google.android.apps.auth.test.support-wa-Kd0IeBecEPG_bkvlpRA==/base.apk pkg=com.google.android.apps.auth.test.support isa=x86 dexoptFlags=boot_complete,public target-filter=quicken oatDir=/data/app/com.google.android.apps.auth.test.support-wa-Kd0IeBecEPG_bkvlpRA==/oat sharedLibraries=PCL[]
09-27 04:51:08.843: W/dex2oat(5183): Unexpected CPU variant for X86 using defaults: x86
09-27 04:51:08.843: W/dex2oat(5183): Mismatch between dex2oat instruction set features (ISA: X86 Feature string: -ssse3,-sse4.1,-sse4.2,-avx,-avx2,-popcnt) and those of dex2oat executable (ISA: X86 Feature string: ssse3,-sse4.1,-sse4.2,-avx,-avx2,-popcnt) for the command line:
09-27 04:51:08.843: W/dex2oat(5183): /system/bin/dex2oat --zip-fd=7 --zip-location=base.apk --input-vdex-fd=-1 --output-vdex-fd=9 --oat-fd=8 --oat-location=/data/app/com.google.android.apps.auth.test.support-wa-Kd0IeBecEPG_bkvlpRA==/oat/x86/base.odex --instruction-set=x86 --instruction-set-variant=x86 --instruction-set-features=default --runtime-arg -Xms64m --runtime-arg -Xmx512m --compiler-filter=quicken --swap-fd=10 --classpath-dir=/data/app/com.google.android.apps.auth.test.support-wa-Kd0IeBecEPG_bkvlpRA== --class-loader-context=PCL[]
09-27 04:51:08.843: I/dex2oat(5183): /system/bin/dex2oat --input-vdex-fd=-1 --output-vdex-fd=9 --compiler-filter=quicken --classpath-dir=/data/app/com.google.android.apps.auth.test.support-wa-Kd0IeBecEPG_bkvlpRA== --class-loader-context=PCL[]
09-27 04:51:08.957: I/dex2oat(5183): dex2oat took 114.309ms (180.663ms cpu) (threads: 2) arena alloc=1784B (1784B) java alloc=302KB (309856B) native alloc=1254KB (1284360B) free=1817KB (1861368B)
09-27 04:51:08.961: D/PowerManagerService(1677): releaseWakeLockInternal: lock=226930068 [*dexopt*], flags=0x0
09-27 04:51:08.961: D/PowerManagerService(1677): updateWakeLockSummaryLocked: mWakefulness=Awake, mWakeLockSummary=0x1
09-27 04:51:08.961: D/PowerManagerService(1677): updateUserActivitySummaryLocked: mWakefulness=Awake, mUserActivitySummary=0x4, nextTimeout=-1 (7508261 ms ago)
09-27 04:51:08.961: D/PowerManagerService(1677): updateDisplayPowerStateLocked: mDisplayReady=true, policy=2, mWakefulness=1, mWakeLockSummary=0x1, mUserActivitySummary=0x4, mBootCompleted=true, mScreenBrightnessBoostInProgress=false, mIsVrModeEnabled= false, sQuiescent=false
09-27 04:51:08.983: V/BackupManagerService(1677): restoreAtInstall pkg=com.google.android.apps.auth.test.support token=4 restoreSet=0
09-27 04:51:08.984: V/BackupManagerService(1677): Finishing install immediately
09-27 04:51:08.984: V/BackupManagerService(1677): [ 09-27 04:51:08.991  1546: 1724 E/         ]
09-27 04:51:08.984: V/BackupManagerService(1677): Couldn't opendir /data/app/vmdl1506817190.tmp: No such file or directory
09-27 04:51:08.991: E/installd(1546): Failed to delete /data/app/vmdl1506817190.tmp: No such file or directory
09-27 04:51:08.992: I/Pm(5171): Package com.google.android.apps.auth.test.support installed in 233 ms
09-27 04:51:08.993: D/PackageInstaller(1677): Ignoring abandon after commit relinquished control
09-27 04:51:08.993: I/app_process(5171): System.exit called, status: 0
09-27 04:51:08.993: I/AndroidRuntime(5171): VM exiting with result code 0.
09-27 04:51:08.997: W/BroadcastQueue(1677): Background execution not allowed: receiving Intent { act=android.intent.action.PACKAGE_ADDED dat=package:com.google.android.apps.auth.test.support flg=0x4000010 (has extras) } to com.android.musicfx/.Compatibility$Receiver
09-27 04:51:08.999: D/Avrcp(1785): AvrcpServiceBroadcastReceiver-> Action: android.intent.action.PACKAGE_ADDED
09-27 04:51:08.999: D/Avrcp(1785): AvrcpServiceBroadcastReceiver-> packageName: com.google.android.apps.auth.test.support
09-27 04:51:08.999: D/Avrcp(1785): packageName: com.google.android.apps.auth.test.support removed: false
09-27 04:51:09.002: W/Finsky(4983): [2] com.google.android.finsky.application.impl.a.dw(1487): No account configured on this device.
09-27 04:51:09.005: D/Avrcp(1785): isBrowsableListUpdated: false
09-27 04:51:09.005: D/BluetoothMapAppObserver(1785): onReceive
09-27 04:51:09.005: D/BluetoothMapAppObserver(1785): The installed package is: com.google.android.apps.auth.test.support
09-27 04:51:09.005: D/BluetoothMapAppObserver(1785): Found 0 application(s) with intent android.bluetooth.action.BLUETOOTH_MAP_PROVIDER
09-27 04:51:09.005: D/BluetoothMapAppObserver(1785): Found 0 application(s) with intent android.bluetooth.action.BLUETOOTH_MAP_IM_PROVIDER
09-27 04:51:09.006: W/Finsky(4983): [2] com.google.android.finsky.application.impl.a.dw(1487): No account configured on this device.
09-27 04:51:09.007: W/Finsky(4983): [2] com.google.android.finsky.application.impl.a.dw(1487): No account configured on this device.
09-27 04:51:09.008: I/InputReader(1677): Reconfiguring input devices.  changes=0x00000010
09-27 04:51:09.010: W/Finsky(4983): [2] com.google.android.finsky.application.impl.a.dw(1487): No account configured on this device.
09-27 04:51:09.012: I/Telecom(1677): DefaultDialerCache: Refreshing default dialer for user 0: now com.google.android.dialer: DDC.oR@AIg
09-27 04:51:09.022: I/chatty(4983): uid=10028(com.android.vending) identical 5 lines
09-27 04:51:09.025: W/Finsky(4983): [2] com.google.android.finsky.application.impl.a.dw(1487): No account configured on this device.
09-27 04:51:09.035: D/CarrierSvcBindHelper(1896): No carrier app for: 0
09-27 04:51:09.039: D/AutofillUI(1677): destroySaveUiUiThread(): already destroyed
09-27 04:51:09.042: I/Finsky(4983): [2] com.google.android.finsky.wear.WearSupportService.onStartCommand(21): Starting WearSupportService for auto_install
09-27 04:51:09.044: I/Finsky(4983): [2] com.google.android.finsky.wear.ar.a(80): Connecting to wearable; initiated by: com.google.android.finsky.wear.WearSupportService
09-27 04:51:09.046: I/Auth(2592): [SupervisedAccountIntentOperation] onHandleIntent(): android.intent.action.PACKAGE_ADDED
09-27 04:51:09.046: I/Auth(2592): [SupervisedAccountIntentOperation] This operation is disabled
09-27 04:51:09.046: I/ChromeSync(2592): [Sync,SyncIntentOperation] Handling the intent: Intent { act=android.intent.action.PACKAGE_ADDED dat=package:com.google.android.apps.auth.test.support flg=0x4000010 cmp=com.google.android.gms/.chimera.GmsIntentOperationService (has extras) }.
09-27 04:51:09.053: W/BroadcastQueue(1677): Background execution not allowed: receiving Intent { act=android.intent.action.PACKAGE_ADDED dat=package:com.google.android.apps.auth.test.support flg=0x4000010 (has extras) } to com.google.android.googlequicksearchbox/com.google.android.apps.gsa.googlequicksearchbox.GelStubAppWatcher
09-27 04:51:09.055: I/PeopleContactsSync(2592): triggerPendingContactsCleanup: no accounts
09-27 04:51:09.056: D/ImsResolver(1896): maybeAddedImsService, packageName: com.google.android.apps.auth.test.support
09-27 04:51:09.057: D/CarrierConfigLoader(1896): mHandler: 9 phoneId: 0
09-27 04:51:09.058: I/ChromeSync(2592): [Persistence,AffiliationManager] No affiliation data for android://7G-Efj82hZdHSUvuVB5_HPiHcWccXsypYCo6U8Kc9sLlMNs7HSOe_3VRyq6k0G49kSzhdL3KFII22IkttNSGIg==@com.google.android.apps.auth.test.support/. Marking affiliation data as stale...
09-27 04:51:09.060: I/ChromeSync(2592): [Persistence,AffiliationManager] Fetching affiliations from the server.
09-27 04:51:09.063: I/Finsky(4983): [2] com.google.android.finsky.wear.WearSupportService.onStartCommand(21): Starting WearSupportService for send_installed_apps
09-27 04:51:09.073: D/PowerManagerService(1677): updateWakeLockWorkSourceInternal: lock=70667139 [Icing], ws=WorkSource{10014 com.google.android.gms, 10086 com.google.android.apps.auth.test.support}
09-27 04:51:09.074: I/Icing(2592): IndexChimeraService.getServiceInterface callingPackage=com.google.android.gms componentName=AppsCorpus serviceId=32
09-27 04:51:09.074: I/Icing(2592): IndexChimeraService.getServiceInterface callingPackage=com.google.android.gms componentName=AppsCorpus serviceId=36
09-27 04:51:09.077: D/PowerManagerService(1677): updateWakeLockWorkSourceInternal: lock=70667139 [Icing], ws=WorkSource{10014 com.google.android.gms}
09-27 04:51:09.079: I/Finsky(4983): [2] com.google.android.finsky.externalreferrer.e.a(52): Package state data is missing for com.google.android.apps.auth.test.support
09-27 04:51:09.080: W/Finsky(4983): [2] com.google.android.finsky.application.impl.a.dw(1487): No account configured on this device.
09-27 04:51:09.081: W/Finsky(4983): [2] com.google.android.finsky.application.impl.a.dw(1487): No account configured on this device.
09-27 04:51:09.083: W/WearableService(2263): onGetService: Wear is not available on this device.
09-27 04:51:09.086: E/Finsky(4983): [2] com.google.android.finsky.wear.au.a(3): onConnectionFailed: ConnectionResult{statusCode=API_UNAVAILABLE, resolution=null, message=null}
09-27 04:51:09.086: W/Finsky(4983): [2] com.google.android.finsky.wear.cd.run(12): Dropping command=auto_install due to Gms not connected
09-27 04:51:09.086: I/Finsky(4983): [2] com.google.android.finsky.wear.WearSupportService.b(67): Stopping WearSupportService
09-27 04:51:09.089: W/Finsky(4983): [2] com.google.android.finsky.wear.cd.run(12): Dropping command=send_installed_apps due to Gms not connected
09-27 04:51:09.090: I/Finsky(4983): [2] com.google.android.finsky.wear.WearSupportService.b(67): Stopping WearSupportService
09-27 04:51:09.121: I/Icing(2592): Usage reports ok 0, Failed Usage reports 0, indexed 0, rejected 0, imm upload false
09-27 04:51:09.135: I/zygote(1677): Background concurrent copying GC freed 39792(2MB) AllocSpace objects, 23(1100KB) LOS objects, 42% free, 11MB/19MB, paused 58us total 148.558ms
09-27 04:51:09.136: I/Icing(2592): Usage reports ok 0, Failed Usage reports 0, indexed 0, rejected 0, imm upload false
09-27 04:51:09.287: I/Icing(2592): Indexing com.google.android.gms-apps from com.google.android.gms
09-27 04:51:09.299: I/Icing(2592): Indexing com.google.android.gms-internal.3p:MobileApplication from com.google.android.gms
09-27 04:51:09.304: I/Icing(2592): Indexing done com.google.android.gms-apps
09-27 04:51:09.306: I/Icing(2592): Indexing done com.google.android.gms-internal.3p:MobileApplication
09-27 04:51:09.523: I/Remoter(1528): Saved screenshot to '/data/screenshots/__pmv__-0059.jpg'
09-27 04:51:09.717: D/AndroidRuntime(5212): >>>>>> START com.android.internal.os.RuntimeInit uid 0 <<<<<<
09-27 04:51:09.773: W/app_process(5212): Unexpected CPU variant for X86 using defaults: x86
09-27 04:51:09.774: I/app_process(5212): The ClassLoaderContext is a special shared library.
09-27 04:51:09.775: W/nativebridge(5212): Failed to bind-mount /system/lib/x86/cpuinfo as /proc/cpuinfo: No such file or directory
09-27 04:51:09.791: D/AndroidRuntime(5212): Calling main entry com.android.commands.pm.Pm
09-27 04:51:09.848: I/Finsky(4983): [2] com.google.android.finsky.verifier.impl.PackageVerificationReceiver.onReceive(12): Verification requested, id = 4
09-27 04:51:09.850: W/Finsky(4983): [2] com.google.android.finsky.application.impl.a.dw(1487): No account configured on this device.
09-27 04:51:09.851: I/chatty(4983): uid=10028(com.android.vending) identical 3 lines
09-27 04:51:09.852: W/Finsky(4983): [2] com.google.android.finsky.application.impl.a.dw(1487): No account configured on this device.
09-27 04:51:09.855: I/Finsky(4983): [315] com.google.android.finsky.verifier.impl.ci.a(111): Skipping verification. Disabled by user setting
09-27 04:51:09.855: I/Finsky(4983): [315] com.google.android.finsky.verifier.impl.ci.a(119): Skipping anti malware verification due to pre-check failure
09-27 04:51:09.855: I/Finsky(4983): [2] com.google.android.finsky.verifier.impl.dr.c(191): Verifying id=4, result=1
09-27 04:51:09.857: W/Finsky(4983): [2] com.google.android.finsky.application.impl.a.dw(1487): No account configured on this device.
09-27 04:51:09.858: W/Finsky(4983): [2] com.google.android.finsky.application.impl.a.dw(1487): No account configured on this device.
09-27 04:51:09.858: I/Finsky(4983): [2] com.google.android.finsky.verifier.impl.dr.c(208): Verification complete: id=4, package_name=com.google.android.apps.mtaas.testloop
09-27 04:51:09.862: D/PowerManagerService(1677): acquireWakeLockInternal: lock=226930068, flags=0x1, tag="*dexopt*", ws=WorkSource{-1}, uid=1000, pid=1677
09-27 04:51:09.862: D/PowerManagerService(1677): updateWakeLockSummaryLocked: mWakefulness=Awake, mWakeLockSummary=0x1
09-27 04:51:09.862: D/PowerManagerService(1677): updateUserActivitySummaryLocked: mWakefulness=Awake, mUserActivitySummary=0x4, nextTimeout=-1 (7509162 ms ago)
09-27 04:51:09.862: D/PowerManagerService(1677): updateDisplayPowerStateLocked: mDisplayReady=true, policy=2, mWakefulness=1, mWakeLockSummary=0x1, mUserActivitySummary=0x4, mBootCompleted=true, mScreenBrightnessBoostInProgress=false, mIsVrModeEnabled= false, sQuiescent=false
09-27 04:51:09.863: I/PackageManager.DexOptimizer(1677): Running dexopt (dexoptNeeded=1) on: /data/app/com.google.android.apps.mtaas.testloop-vC9yjLf624mmxaMMg3vSOQ==/base.apk pkg=com.google.android.apps.mtaas.testloop isa=x86 dexoptFlags=boot_complete,public target-filter=quicken oatDir=/data/app/com.google.android.apps.mtaas.testloop-vC9yjLf624mmxaMMg3vSOQ==/oat sharedLibraries=PCL[]
09-27 04:51:09.873: W/dex2oat(5224): Unexpected CPU variant for X86 using defaults: x86
09-27 04:51:09.873: W/dex2oat(5224): Mismatch between dex2oat instruction set features (ISA: X86 Feature string: -ssse3,-sse4.1,-sse4.2,-avx,-avx2,-popcnt) and those of dex2oat executable (ISA: X86 Feature string: ssse3,-sse4.1,-sse4.2,-avx,-avx2,-popcnt) for the command line:
09-27 04:51:09.873: W/dex2oat(5224): /system/bin/dex2oat --zip-fd=7 --zip-location=base.apk --input-vdex-fd=-1 --output-vdex-fd=9 --oat-fd=8 --oat-location=/data/app/com.google.android.apps.mtaas.testloop-vC9yjLf624mmxaMMg3vSOQ==/oat/x86/base.odex --instruction-set=x86 --instruction-set-variant=x86 --instruction-set-features=default --runtime-arg -Xms64m --runtime-arg -Xmx512m --compiler-filter=quicken --swap-fd=10 --classpath-dir=/data/app/com.google.android.apps.mtaas.testloop-vC9yjLf624mmxaMMg3vSOQ== --class-loader-context=PCL[]
09-27 04:51:09.873: I/dex2oat(5224): /system/bin/dex2oat --input-vdex-fd=-1 --output-vdex-fd=9 --compiler-filter=quicken --classpath-dir=/data/app/com.google.android.apps.mtaas.testloop-vC9yjLf624mmxaMMg3vSOQ== --class-loader-context=PCL[]
09-27 04:51:10.129: I/dex2oat(5224): dex2oat took 255.928ms (419.787ms cpu) (threads: 2) arena alloc=2464B (2464B) java alloc=931KB (953960B) native alloc=2MB (2494448B) free=1148KB (1175568B)
09-27 04:51:10.133: D/PowerManagerService(1677): releaseWakeLockInternal: lock=226930068 [*dexopt*], flags=0x0
09-27 04:51:10.133: D/PowerManagerService(1677): updateWakeLockSummaryLocked: mWakefulness=Awake, mWakeLockSummary=0x1
09-27 04:51:10.133: D/PowerManagerService(1677): updateUserActivitySummaryLocked: mWakefulness=Awake, mUserActivitySummary=0x4, nextTimeout=-1 (7509433 ms ago)
09-27 04:51:10.133: D/PowerManagerService(1677): updateDisplayPowerStateLocked: mDisplayReady=true, policy=2, mWakefulness=1, mWakeLockSummary=0x1, mUserActivitySummary=0x4, mBootCompleted=true, mScreenBrightnessBoostInProgress=false, mIsVrModeEnabled= false, sQuiescent=false
09-27 04:51:10.142: I/Icing(2592): Indexing com.google.android.gms-apps from com.google.android.gms
09-27 04:51:10.142: I/Icing(2592): Indexing done com.google.android.gms-apps
09-27 04:51:10.145: D/PowerManagerService(1677): releaseWakeLockInternal: lock=70667139 [Icing], flags=0x0
09-27 04:51:10.145: D/PowerManagerService(1677): updateWakeLockSummaryLocked: mWakefulness=Awake, mWakeLockSummary=0x0
09-27 04:51:10.145: D/PowerManagerService(1677): updateUserActivitySummaryLocked: mWakefulness=Awake, mUserActivitySummary=0x4, nextTimeout=-1 (7509445 ms ago)
09-27 04:51:10.145: D/PowerManagerService(1677): updateDisplayPowerStateLocked: mDisplayReady=true, policy=2, mWakefulness=1, mWakeLockSummary=0x0, mUserActivitySummary=0x4, mBootCompleted=true, mScreenBrightnessBoostInProgress=false, mIsVrModeEnabled= false, sQuiescent=false
09-27 04:51:10.145: D/PowerManagerService(1677): Releasing suspend blocker "PowerManagerService.WakeLocks".
09-27 04:51:10.156: V/BackupManagerService(1677): restoreAtInstall pkg=com.google.android.apps.mtaas.testloop token=5 restoreSet=0
09-27 04:51:10.156: V/BackupManagerService(1677): Finishing install immediately
09-27 04:51:10.158: D/PowerManagerService(1677): acquireWakeLockInternal: lock=61058931, flags=0x1, tag="GnssLocationProvider", ws=null, uid=1000, pid=1677
09-27 04:51:10.158: D/PowerManagerService(1677): updateWakeLockSummaryLocked: mWakefulness=Awake, mWakeLockSummary=0x1
09-27 04:51:10.158: D/PowerManagerService(1677): updateUserActivitySummaryLocked: mWakefulness=Awake, mUserActivitySummary=0x4, nextTimeout=-1 (7509458 ms ago)
09-27 04:51:10.158: D/PowerManagerService(1677): updateDisplayPowerStateLocked: mDisplayReady=true, policy=2, mWakefulness=1, mWakeLockSummary=0x1, mUserActivitySummary=0x4, mBootCompleted=true, mScreenBrightnessBoostInProgress=false, mIsVrModeEnabled= false, sQuiescent=false
09-27 04:51:10.158: D/PowerManagerService(1677): Acquiring suspend blocker "PowerManagerService.WakeLocks".
09-27 04:51:10.159: I/GnssLocationProvider(1677): WakeLock acquired by sendMessage(SET_REQUEST, 0, com.android.server.location.GnssLocationProvider$GpsRequest@bf82601)
09-27 04:51:10.159: D/PowerManagerService(1677): releaseWakeLockInternal: lock=61058931 [GnssLocationProvider], flags=0x0
09-27 04:51:10.159: D/PowerManagerService(1677): updateWakeLockSummaryLocked: mWakefulness=Awake, mWakeLockSummary=0x0
09-27 04:51:10.159: D/PowerManagerService(1677): updateUserActivitySummaryLocked: mWakefulness=Awake, mUserActivitySummary=0x4, nextTimeout=-1 (7509459 ms ago)
09-27 04:51:10.159: D/PowerManagerService(1677): updateDisplayPowerStateLocked: mDisplayReady=true, policy=2, mWakefulness=1, mWakeLockSummary=0x0, mUserActivitySummary=0x4, mBootCompleted=true, mScreenBrightnessBoostInProgress=false, mIsVrModeEnabled= false, sQuiescent=false
09-27 04:51:10.160: D/VoldConnector(1677): SND -> {7 volume remount_uid 10087 read}
09-27 04:51:10.160: D/vold(1462): Remounting 10087 as mode read
09-27 04:51:10.163: D/VoldConnector(1677): RCV <- {200 7 Command succeeded}
09-27 04:51:10.163: D/VoldConnector(1677): SND -> {8 volume remount_uid 10087 write}
09-27 04:51:10.164: D/PowerManagerService(1677): Releasing suspend blocker "PowerManagerService.WakeLocks".
09-27 04:51:10.164: I/GnssLocationProvider(1677): WakeLock released by handleMessage(SET_REQUEST, 0, com.android.server.location.GnssLocationProvider$GpsRequest@bf82601)
09-27 04:51:10.164: D/PowerManagerService(1677): acquireWakeLockInternal: lock=35800807, flags=0x1, tag="GCoreFlp", ws=WorkSource{10014 com.google.android.gms}, uid=10014, pid=2263
09-27 04:51:10.164: D/PowerManagerService(1677): updateWakeLockSummaryLocked: mWakefulness=Awake, mWakeLockSummary=0x1
09-27 04:51:10.164: D/PowerManagerService(1677): updateUserActivitySummaryLocked: mWakefulness=Awake, mUserActivitySummary=0x4, nextTimeout=-1 (7509464 ms ago)
09-27 04:51:10.164: D/PowerManagerService(1677): updateDisplayPowerStateLocked: mDisplayReady=true, policy=2, mWakefulness=1, mWakeLockSummary=0x1, mUserActivitySummary=0x4, mBootCompleted=true, mScreenBrightnessBoostInProgress=false, mIsVrModeEnabled= false, sQuiescent=false
09-27 04:51:10.164: D/PowerManagerService(1677): Acquiring suspend blocker "PowerManagerService.WakeLocks".
09-27 04:51:10.164: D/vold(1462): Remounting 10087 as mode write
09-27 04:51:10.165: D/VoldConnector(1677): RCV <- {200 8 Command succeeded}
09-27 04:51:10.166: D/PowerManagerService(1677): acquireWakeLockInternal: lock=61058931, flags=0x1, tag="GnssLocationProvider", ws=null, uid=1000, pid=1677
09-27 04:51:10.166: D/PowerManagerService(1677): updateWakeLockSummaryLocked: mWakefulness=Awake, mWakeLockSummary=0x1
09-27 04:51:10.166: D/PowerManagerService(1677): updateUserActivitySummaryLocked: mWakefulness=Awake, mUserActivitySummary=0x4, nextTimeout=-1 (7509466 ms ago)
09-27 04:51:10.166: D/PowerManagerService(1677): updateDisplayPowerStateLocked: mDisplayReady=true, policy=2, mWakefulness=1, mWakeLockSummary=0x1, mUserActivitySummary=0x4, mBootCompleted=true, mScreenBrightnessBoostInProgress=false, mIsVrModeEnabled= false, sQuiescent=false
09-27 04:51:10.166: I/GnssLocationProvider(1677): WakeLock acquired by sendMessage(SET_REQUEST, 0, com.android.server.location.GnssLocationProvider$GpsRequest@7dcc294)
09-27 04:51:10.168: D/PowerManagerService(1677): releaseWakeLockInternal: lock=35800807 [GCoreFlp], flags=0x0
09-27 04:51:10.168: D/PowerManagerService(1677): updateWakeLockSummaryLocked: mWakefulness=Awake, mWakeLockSummary=0x1
09-27 04:51:10.168: D/PowerManagerService(1677): updateUserActivitySummaryLocked: mWakefulness=Awake, mUserActivitySummary=0x4, nextTimeout=-1 (7509468 ms ago)
09-27 04:51:10.168: D/PowerManagerService(1677): updateDisplayPowerStateLocked: mDisplayReady=true, policy=2, mWakefulness=1, mWakeLockSummary=0x1, mUserActivitySummary=0x4, mBootCompleted=true, mScreenBrightnessBoostInProgress=false, mIsVrModeEnabled= false, sQuiescent=false
09-27 04:51:10.169: D/PowerManagerService(1677): releaseWakeLockInternal: lock=61058931 [GnssLocationProvider], flags=0x0
09-27 04:51:10.171: D/PowerManagerService(1677): updateWakeLockSummaryLocked: mWakefulness=Awake, mWakeLockSummary=0x0
09-27 04:51:10.171: D/PowerManagerService(1677): updateUserActivitySummaryLocked: mWakefulness=Awake, mUserActivitySummary=0x4, nextTimeout=-1 (7509471 ms ago)
09-27 04:51:10.171: D/PowerManagerService(1677): updateDisplayPowerStateLocked: mDisplayReady=true, policy=2, mWakefulness=1, mWakeLockSummary=0x0, mUserActivitySummary=0x4, mBootCompleted=true, mScreenBrightnessBoostInProgress=false, mIsVrModeEnabled= false, sQuiescent=false
09-27 04:51:10.171: D/PowerManagerService(1677): Releasing suspend blocker "PowerManagerService.WakeLocks".
09-27 04:51:10.171: D/PowerManagerService(1677): [ 09-27 04:51:10.171  1546: 1724 E/         ]
09-27 04:51:10.171: D/PowerManagerService(1677): Couldn't opendir /data/app/vmdl1607140294.tmp: No such file or directory
09-27 04:51:10.172: E/installd(1546): Failed to delete /data/app/vmdl1607140294.tmp: No such file or directory
09-27 04:51:10.172: I/GnssLocationProvider(1677): WakeLock released by handleMessage(SET_REQUEST, 0, com.android.server.location.GnssLocationProvider$GpsRequest@7dcc294)
09-27 04:51:10.175: I/Pm(5212): Package com.google.android.apps.mtaas.testloop installed in 383 ms
09-27 04:51:10.176: D/PackageInstaller(1677): Ignoring abandon after commit relinquished control
09-27 04:51:10.177: I/app_process(5212): System.exit called, status: 0
09-27 04:51:10.177: I/AndroidRuntime(5212): VM exiting with result code 0.
09-27 04:51:10.182: D/Avrcp(1785): AvrcpServiceBroadcastReceiver-> Action: android.intent.action.PACKAGE_ADDED
09-27 04:51:10.182: D/Avrcp(1785): AvrcpServiceBroadcastReceiver-> packageName: com.google.android.apps.mtaas.testloop
09-27 04:51:10.182: D/Avrcp(1785): packageName: com.google.android.apps.mtaas.testloop removed: false
09-27 04:51:10.182: W/BroadcastQueue(1677): Background execution not allowed: receiving Intent { act=android.intent.action.PACKAGE_ADDED dat=package:com.google.android.apps.mtaas.testloop flg=0x4000010 (has extras) } to com.android.musicfx/.Compatibility$Receiver
09-27 04:51:10.183: D/ImsResolver(1896): maybeAddedImsService, packageName: com.google.android.apps.mtaas.testloop
09-27 04:51:10.183: D/Avrcp(1785): isBrowsableListUpdated: false
09-27 04:51:10.184: D/BluetoothMapAppObserver(1785): onReceive
09-27 04:51:10.184: D/BluetoothMapAppObserver(1785): The installed package is: com.google.android.apps.mtaas.testloop
09-27 04:51:10.184: D/BluetoothMapAppObserver(1785): Found 0 application(s) with intent android.bluetooth.action.BLUETOOTH_MAP_PROVIDER
09-27 04:51:10.184: D/BluetoothMapAppObserver(1785): Found 0 application(s) with intent android.bluetooth.action.BLUETOOTH_MAP_IM_PROVIDER
09-27 04:51:10.190: I/InputReader(1677): Reconfiguring input devices.  changes=0x00000010
09-27 04:51:10.194: D/CarrierSvcBindHelper(1896): No carrier app for: 0
09-27 04:51:10.195: W/Finsky(4983): [2] com.google.android.finsky.application.impl.a.dw(1487): No account configured on this device.
09-27 04:51:10.198: I/chatty(4983): uid=10028(com.android.vending) identical 2 lines
09-27 04:51:10.200: W/Finsky(4983): [2] com.google.android.finsky.application.impl.a.dw(1487): No account configured on this device.
09-27 04:51:10.201: D/CarrierConfigLoader(1896): mHandler: 9 phoneId: 0
09-27 04:51:10.201: W/Finsky(4983): [2] com.google.android.finsky.application.impl.a.dw(1487): No account configured on this device.
09-27 04:51:10.204: I/chatty(4983): uid=10028(com.android.vending) identical 4 lines
09-27 04:51:10.205: W/Finsky(4983): [2] com.google.android.finsky.application.impl.a.dw(1487): No account configured on this device.
09-27 04:51:10.218: I/Finsky(4983): [2] com.google.android.finsky.wear.WearSupportService.onStartCommand(21): Starting WearSupportService for auto_install
09-27 04:51:10.218: W/BroadcastQueue(1677): Background execution not allowed: receiving Intent { act=android.intent.action.PACKAGE_ADDED dat=package:com.google.android.apps.mtaas.testloop flg=0x4000010 (has extras) } to com.google.android.googlequicksearchbox/com.google.android.apps.gsa.googlequicksearchbox.GelStubAppWatcher
09-27 04:51:10.220: I/Telecom(1677): DefaultDialerCache: Refreshing default dialer for user 0: now com.google.android.dialer: DDC.oR@AI8
09-27 04:51:10.221: I/Finsky(4983): [2] com.google.android.finsky.wear.ar.a(80): Connecting to wearable; initiated by: com.google.android.finsky.wear.WearSupportService
09-27 04:51:10.221: I/Finsky(4983): [2] com.google.android.finsky.wear.WearSupportService.onStartCommand(21): Starting WearSupportService for send_installed_apps
09-27 04:51:10.225: I/Finsky(4983): [2] com.google.android.finsky.externalreferrer.e.a(52): Package state data is missing for com.google.android.apps.mtaas.testloop
09-27 04:51:10.228: I/Auth(2592): [SupervisedAccountIntentOperation] onHandleIntent(): android.intent.action.PACKAGE_ADDED
09-27 04:51:10.228: I/Auth(2592): [SupervisedAccountIntentOperation] This operation is disabled
