09-27 04:51:16.486: W/android.os.Debug(1677): failed to get memory consumption info: -1
09-27 04:51:16.491: E/memtrack(1677): Couldn't load memtrack module
09-27 04:51:16.491: W/android.os.Debug(1677): failed to get memory consumption info: -1
09-27 04:51:16.501: E/memtrack(1677): Couldn't load memtrack module
09-27 04:51:16.501: W/android.os.Debug(1677): failed to get memory consumption info: -1
09-27 04:51:16.502: E/memtrack(1677): Couldn't load memtrack module
09-27 04:51:16.502: W/android.os.Debug(1677): failed to get memory consumption info: -1
09-27 04:51:16.503: E/memtrack(1677): Couldn't load memtrack module
09-27 04:51:16.503: W/android.os.Debug(1677): failed to get memory consumption info: -1
09-27 04:51:16.507: E/memtrack(1677): Couldn't load memtrack module
09-27 04:51:16.507: W/android.os.Debug(1677): failed to get memory consumption info: -1
09-27 04:51:16.520: E/memtrack(1677): Couldn't load memtrack module
09-27 04:51:16.520: W/android.os.Debug(1677): failed to get memory consumption info: -1
09-27 04:51:16.523: E/memtrack(1677): Couldn't load memtrack module
09-27 04:51:16.523: W/android.os.Debug(1677): failed to get memory consumption info: -1
09-27 04:51:16.524: E/memtrack(1677): Couldn't load memtrack module
09-27 04:51:16.524: W/android.os.Debug(1677): failed to get memory consumption info: -1
09-27 04:51:16.525: E/memtrack(1677): Couldn't load memtrack module
09-27 04:51:16.525: W/android.os.Debug(1677): failed to get memory consumption info: -1
09-27 04:51:16.528: E/memtrack(1677): Couldn't load memtrack module
09-27 04:51:16.528: W/android.os.Debug(1677): failed to get memory consumption info: -1
09-27 04:51:16.529: E/memtrack(1677): Couldn't load memtrack module
09-27 04:51:16.529: W/android.os.Debug(1677): failed to get memory consumption info: -1
09-27 04:51:16.530: E/memtrack(1677): Couldn't load memtrack module
09-27 04:51:16.530: W/android.os.Debug(1677): failed to get memory consumption info: -1
09-27 04:51:16.530: E/memtrack(1677): Couldn't load memtrack module
09-27 04:51:16.530: W/android.os.Debug(1677): failed to get memory consumption info: -1
09-27 04:51:16.532: E/memtrack(1677): Couldn't load memtrack module
09-27 04:51:16.532: W/android.os.Debug(1677): failed to get memory consumption info: -1
09-27 04:51:16.533: E/memtrack(1677): Couldn't load memtrack module
09-27 04:51:16.533: W/android.os.Debug(1677): failed to get memory consumption info: -1
09-27 04:51:16.546: E/memtrack(1677): Couldn't load memtrack module
09-27 04:51:16.546: W/android.os.Debug(1677): failed to get memory consumption info: -1
09-27 04:51:16.547: E/memtrack(1677): Couldn't load memtrack module
09-27 04:51:16.547: W/android.os.Debug(1677): failed to get memory consumption info: -1
09-27 04:51:16.550: E/memtrack(1677): Couldn't load memtrack module
09-27 04:51:16.550: W/android.os.Debug(1677): failed to get memory consumption info: -1
09-27 04:51:16.557: E/memtrack(1677): Couldn't load memtrack module
09-27 04:51:16.557: W/android.os.Debug(1677): failed to get memory consumption info: -1
09-27 04:51:17.691: E/memtrack(1677): Couldn't load memtrack module
09-27 04:51:17.691: W/android.os.Debug(1677): failed to get memory consumption info: -1
09-27 04:51:17.972: D/vndksupport(2337): Loading /vendor/lib/hw/android.hardware.graphics.mapper@2.0-impl.so from current namespace instead of sphal namespace.
09-27 04:51:17.973: D/vndksupport(2337): Loading /vendor/lib/hw/gralloc.gce_x86.so from current namespace instead of sphal namespace.
09-27 04:51:17.976: I/GceGrallocRegionRegistry(2337): Mapped gralloc-1535.21 hnd=0xc9d67840 fd=58 base=0xc0a6e000 format=RGBA_8888(0x1) width=1440 height=2560
09-27 04:51:17.976: D/vndksupport(2337): Loading /vendor/lib/hw/gralloc.gce_x86.so from current namespace instead of sphal namespace.
09-27 04:51:18.009: I/Choreographer(2337): Skipped 156 frames!  The application may be doing too much work on its main thread.
09-27 04:51:18.071: D/StatusBar(1831): disable<e i a s b H R c s q >
09-27 04:51:18.071: D/PowerManagerService(1677): acquireWakeLockInternal: lock=58913906, flags=0x1, tag="AudioMix", ws=null, uid=1041, pid=0
09-27 04:51:18.071: D/PowerManagerService(1677): updateWakeLockSummaryLocked: mWakefulness=Awake, mWakeLockSummary=0x1
09-27 04:51:18.071: D/PowerManagerService(1677): updateUserActivitySummaryLocked: mWakefulness=Awake, mUserActivitySummary=0x4, nextTimeout=-1 (7517371 ms ago)
09-27 04:51:18.071: D/PowerManagerService(1677): updateDisplayPowerStateLocked: mDisplayReady=true, policy=2, mWakefulness=1, mWakeLockSummary=0x1, mUserActivitySummary=0x4, mBootCompleted=true, mScreenBrightnessBoostInProgress=false, mIsVrModeEnabled= false, sQuiescent=false
09-27 04:51:18.071: D/PowerManagerService(1677): Acquiring suspend blocker "PowerManagerService.WakeLocks".
09-27 04:51:18.071: D/PowerManagerService(1677): updateWakeLockWorkSourceInternal: lock=58913906 [AudioMix], ws=null
09-27 04:51:18.071: D/StatusBar(1831): disable<e i a s b H R c s q >
09-27 04:51:18.072: W/AudioTrack(1831): AUDIO_OUTPUT_FLAG_FAST denied, rates do not match 44100 Hz, require 48000 Hz
09-27 04:51:18.073: D/StatusBar(1831): disable<e i a s b H R c s q >
09-27 04:51:18.073: I/ActivityManager(1677): Displayed com.android.launcher3/.Launcher: +2h4m24s74ms (total +2h4m24s197ms)
09-27 04:51:18.078: D/PowerManagerService(1677): updateWakeLockWorkSourceInternal: lock=58913906 [AudioMix], ws=WorkSource{10035}
09-27 04:51:18.081: D/PowerManagerService(1677): updateUserActivitySummaryLocked: mWakefulness=Awake, mUserActivitySummary=0x4, nextTimeout=-1 (7517381 ms ago)
09-27 04:51:18.081: D/PowerManagerService(1677): updateDisplayPowerStateLocked: mDisplayReady=true, policy=2, mWakefulness=1, mWakeLockSummary=0x1, mUserActivitySummary=0x4, mBootCompleted=true, mScreenBrightnessBoostInProgress=false, mIsVrModeEnabled= false, sQuiescent=false
09-27 04:51:18.083: I/zygote(1831): Deoptimizing void com.android.systemui.statusbar.stack.ViewState.applyToView(android.view.View) due to JIT inline cache
09-27 04:51:18.093: I/ActivityManager(1677): Start proc 5459:com.google.android.apps.fitness/u0a52 for broadcast com.google.android.apps.fitness/.widget.TodayStatusWidgetProvider
09-27 04:51:18.099: W/zygote(5459): Unexpected CPU variant for X86 using defaults: x86
09-27 04:51:18.117: I/Remoter(1528): Saved screenshot to '/data/screenshots/__pmv__-0066.jpg'
09-27 04:51:18.128: D/vndksupport(1538): Loading /vendor/lib/hw/gralloc.gce_x86.so from current namespace instead of sphal namespace.
09-27 04:51:18.143: I/zygote(5459): The ClassLoaderContext is a special shared library.
09-27 04:51:18.158: I/zygote(1831): Deoptimizing boolean com.android.systemui.statusbar.stack.ViewState.isAnimating(android.view.View, int) due to JIT inline cache
09-27 04:51:18.158: I/zygote(1831): Deoptimizing void com.android.systemui.statusbar.stack.ExpandableViewState.applyToView(android.view.View) due to JIT inline cache
09-27 04:51:18.158: I/zygote(1831): Deoptimizing void com.android.systemui.statusbar.stack.NotificationStackScrollLayout.updateViewShadows() due to JIT inline cache
09-27 04:51:18.249: I/GceGrallocRegionRegistry(2337): Mapped gralloc-1535.20 hnd=0xcb5c90c0 fd=59 base=0xbfc5c000 format=RGBA_8888(0x1) width=1440 height=2560
09-27 04:51:18.312: D/AudioFlinger(1543): mixer(0xe83a3ec0) throttle end: throttle time(10)
09-27 04:51:18.401: I/GceGrallocRegionRegistry(1535): Mapped  hnd=0xf63a3440 fd=7 base=0xf0a22000 format=RGBX_8888(0x2) width=1440 height=2560
09-27 04:51:18.401: D/vndksupport(1538): Loading /vendor/lib/hw/gralloc.gce_x86.so from current namespace instead of sphal namespace.
09-27 04:51:18.401: D/PowerManagerService(1677): updateWakeLockWorkSourceInternal: lock=58913906 [AudioMix], ws=null
09-27 04:51:18.740: I/GceGrallocRegionRegistry(1535): Mapped gralloc-1535.23 hnd=0xf63a34c0 fd=8 base=0xf0929000 format=RGBA_8888(0x1) width=1440 height=168
09-27 04:51:18.740: I/GceGrallocRegionRegistry(1535): Unmapped gralloc-1535.23 hnd=0xf63a34c0 fd=8 base=0xf0929000
09-27 04:51:18.740: I/GceGrallocRegionRegistry(1538): Mapped gralloc-1535.23 hnd=0xedad9800 fd=56 base=0xde807000 format=RGBA_8888(0x1) width=1440 height=168
09-27 04:51:18.740: I/GceGrallocRegionRegistry(1535): Mapped gralloc-1535.24 hnd=0xf63a3480 fd=8 base=0xf0929000 format=RGBA_8888(0x1) width=1440 height=168
09-27 04:51:18.740: I/GceGrallocRegionRegistry(1535): Unmapped gralloc-1535.24 hnd=0xf63a3480 fd=8 base=0xf0929000
09-27 04:51:18.740: I/GceGrallocRegionRegistry(1538): Mapped gralloc-1535.24 hnd=0xedad9840 fd=57 base=0xde70e000 format=RGBA_8888(0x1) width=1440 height=168
09-27 04:51:18.740: I/GceGrallocRegionRegistry(1535): Mapped gralloc-1535.25 hnd=0xf63a34c0 fd=8 base=0xf0929000 format=RGBA_8888(0x1) width=1440 height=168
09-27 04:51:18.740: I/GceGrallocRegionRegistry(1535): Unmapped gralloc-1535.25 hnd=0xf63a34c0 fd=8 base=0xf0929000
09-27 04:51:18.740: I/GceGrallocRegionRegistry(1538): Mapped gralloc-1535.25 hnd=0xedad9c00 fd=58 base=0xd8387000 format=RGBA_8888(0x1) width=1440 height=168
09-27 04:51:18.773: D/StatusBar(1831): disable<e i a s b h!r!c s q >
09-27 04:51:18.776: I/Choreographer(1831): Skipped 41 frames!  The application may be doing too much work on its main thread.
09-27 04:51:18.888: D/AndroidRuntime(5449): >>>>>> START com.android.internal.os.RuntimeInit uid 0 <<<<<<
09-27 04:51:18.893: W/app_process(5449): Could not reserve sentinel fault page
09-27 04:51:18.936: I/GceGrallocRegionRegistry(2337): Mapped gralloc-1535.19 hnd=0xce27fe00 fd=60 base=0xbee4a000 format=RGBA_8888(0x1) width=1440 height=2560
09-27 04:51:18.951: I/Choreographer(2337): Skipped 31 frames!  The application may be doing too much work on its main thread.
09-27 04:51:19.073: I/zygote(2337): Do partial code cache collection, code=30KB, data=27KB
09-27 04:51:19.073: I/zygote(2337): After code cache collection, code=27KB, data=26KB
09-27 04:51:19.073: I/zygote(2337): Increasing code cache capacity to 128KB
09-27 04:51:19.167: I/ActivityManager(1677): Start proc 5477:android.process.acore/u0a2 for content provider com.android.providers.userdictionary/.UserDictionaryProvider
09-27 04:51:19.185: W/zygote(5477): Unexpected CPU variant for X86 using defaults: x86
09-27 04:51:19.292: D/PowerManagerService(1677): acquireWakeLockInternal: lock=517566, flags=0x1, tag="NlpWakeLock", ws=WorkSource{10014 com.google.android.gms}, uid=10014, pid=2263
09-27 04:51:19.292: D/PowerManagerService(1677): updateWakeLockSummaryLocked: mWakefulness=Awake, mWakeLockSummary=0x1
09-27 04:51:19.292: D/PowerManagerService(1677): updateUserActivitySummaryLocked: mWakefulness=Awake, mUserActivitySummary=0x4, nextTimeout=-1 (7518593 ms ago)
09-27 04:51:19.293: D/PowerManagerService(1677): updateDisplayPowerStateLocked: mDisplayReady=true, policy=2, mWakefulness=1, mWakeLockSummary=0x1, mUserActivitySummary=0x4, mBootCompleted=true, mScreenBrightnessBoostInProgress=false, mIsVrModeEnabled= false, sQuiescent=false
09-27 04:51:19.294: D/PowerManagerService(1677): releaseWakeLockInternal: lock=517566 [NlpWakeLock], flags=0x0
09-27 04:51:19.294: D/PowerManagerService(1677): updateWakeLockSummaryLocked: mWakefulness=Awake, mWakeLockSummary=0x1
09-27 04:51:19.294: D/PowerManagerService(1677): updateUserActivitySummaryLocked: mWakefulness=Awake, mUserActivitySummary=0x4, nextTimeout=-1 (7518594 ms ago)
09-27 04:51:19.294: D/PowerManagerService(1677): updateDisplayPowerStateLocked: mDisplayReady=true, policy=2, mWakefulness=1, mWakeLockSummary=0x1, mUserActivitySummary=0x4, mBootCompleted=true, mScreenBrightnessBoostInProgress=false, mIsVrModeEnabled= false, sQuiescent=false
09-27 04:51:19.352: I/GceGrallocRegionRegistry(1538): Unmapped gralloc-1535.25 hnd=0xedad9c00 fd=58 base=0xd8387000
09-27 04:51:19.352: I/GceGrallocRegionRegistry(1535): Mapped gralloc-1535.26 hnd=0xf63a3480 fd=8 base=0xf0929000 format=RGBA_8888(0x1) width=1440 height=168
09-27 04:51:19.352: I/GceGrallocRegionRegistry(1535): Unmapped gralloc-1535.26 hnd=0xf63a3480 fd=8 base=0xf0929000
09-27 04:51:19.352: I/GceGrallocRegionRegistry(1538): Mapped gralloc-1535.26 hnd=0xedad9c00 fd=59 base=0xd8387000 format=RGBA_8888(0x1) width=1440 height=168
09-27 04:51:19.353: I/GceGrallocRegionRegistry(1831): Mapped gralloc-1535.26 hnd=0xc4292cc0 fd=81 base=0xcb78c000 format=RGBA_8888(0x1) width=1440 height=168
09-27 04:51:19.368: I/Choreographer(1831): Skipped 33 frames!  The application may be doing too much work on its main thread.
09-27 04:51:19.376: I/zygote(5477): The ClassLoaderContext is a special shared library.
09-27 04:51:19.499: I/GceGrallocRegionRegistry(1831): Unmapped gralloc-1535.13 hnd=0xc8ce8f40 fd=79 base=0xc55a2000
09-27 04:51:19.500: I/GceGrallocRegionRegistry(1831): Unmapped gralloc-1535.15 hnd=0xc9f44240 fd=78 base=0xc1b6e000
09-27 04:51:19.501: I/GceGrallocRegionRegistry(1831): Unmapped gralloc-1535.22 hnd=0xcbc4ac40 fd=75 base=0xc0d5c000
09-27 04:51:19.580: V/NativeCrypto(2592): SSL shutdown failed: ssl=0xe2a15608: I/O error during system call, Broken pipe
09-27 04:51:19.601: I/GceGrallocRegionRegistry(1535): Mapped gralloc-1535.27 hnd=0xf63a34c0 fd=8 base=0xf0999000 format=RGBA_8888(0x1) width=1440 height=84
09-27 04:51:19.601: I/GceGrallocRegionRegistry(1535): Unmapped gralloc-1535.27 hnd=0xf63a34c0 fd=8 base=0xf0999000
09-27 04:51:19.601: I/GceGrallocRegionRegistry(1538): Mapped gralloc-1535.27 hnd=0xed411100 fd=61 base=0xe0e7d000 format=RGBA_8888(0x1) width=1440 height=84
09-27 04:51:19.603: I/GceGrallocRegionRegistry(1831): Mapped gralloc-1535.27 hnd=0xe1150c00 fd=78 base=0xcb703000 format=RGBA_8888(0x1) width=1440 height=84
09-27 04:51:19.625: W/MDM(2592): [451] acuj.c: enableNfc
09-27 04:51:19.626: W/MDM(2592): [451] acuj.c: EnableNfc flag is true
09-27 04:51:19.642: I/zygote(5477): The ClassLoaderContext is a special shared library.
09-27 04:51:19.657: I/GceGrallocRegionRegistry(1535): Mapped gralloc-1535.28 hnd=0xf63a3480 fd=8 base=0xf0999000 format=RGBA_8888(0x1) width=1440 height=84
09-27 04:51:19.657: I/GceGrallocRegionRegistry(1535): Unmapped gralloc-1535.28 hnd=0xf63a3480 fd=8 base=0xf0999000
09-27 04:51:19.658: I/GceGrallocRegionRegistry(1538): Mapped gralloc-1535.28 hnd=0xedad9c40 fd=62 base=0xd82fe000 format=RGBA_8888(0x1) width=1440 height=84
09-27 04:51:19.658: I/GceGrallocRegionRegistry(1831): Mapped gralloc-1535.28 hnd=0xc8b7d840 fd=79 base=0xcb67a000 format=RGBA_8888(0x1) width=1440 height=84
09-27 04:51:19.665: I/GceGrallocRegionRegistry(1538): Unmapped gralloc-1535.13 hnd=0xedad90c0 fd=20 base=0xdff06000
09-27 04:51:19.684: I/GceGrallocRegionRegistry(1538): Unmapped gralloc-1535.15 hnd=0xedad9100 fd=23 base=0xe1fb3000
09-27 04:51:19.779: I/Remoter(1528): Saved screenshot to '/data/screenshots/__pmv__-0067.jpg'
09-27 04:51:19.782: D/ContactsDatabaseHelper(5477): WAL enabled for contacts2.db: true
09-27 04:51:19.798: I/ContactLocale(5477): AddressBook Labels [[en_US]]: [, A, B, C, D, E, F, G, H, I, J, K, L, M, N, O, P, Q, R, S, T, U, V, W, X, Y, Z, , , , , , , , , , , , , , , , , , , , , , , , , , , , , , , , , , , , , , , , , , , , , , , , , , , , , , , , , , , , , , , , , , , , , , , , , , , , , , , , , , , , , , , , , , , , , , , , , , , , , , , , , , , , , , , , , , , , , , , , , , , , , , , , , , , , , , , , , , , , , , , , , , , , , , , , , , , , , , , , , , , , , , , , , , , , , , , , , , , , , , , , , , , #, ]
09-27 04:51:19.801: I/CastDatabase(2592): Opening the database
09-27 04:51:19.811: D/ContactsDatabaseHelper(5477): WAL enabled for profile.db: false
09-27 04:51:19.821: V/NFC(2592): this device does not have NFC support
09-27 04:51:19.833: I/ContactsPerf(5477): VoicemailContentProvider.onCreate start
09-27 04:51:19.844: I/ContactsPerf(5477): VoicemailContentProvider.onCreate finish
09-27 04:51:19.863: I/zygote(5477): The ClassLoaderContext is a special shared library.
09-27 04:51:19.867: E/memtrack(1677): Couldn't load memtrack module
09-27 04:51:19.867: W/android.os.Debug(1677): failed to get memory consumption info: -1
09-27 04:51:19.897: D/PowerManagerService(1677): acquireWakeLockInternal: lock=51127920, flags=0x1, tag="*net_scheduler*", ws=WorkSource{10014 com.google.android.gms}, uid=10014, pid=2263
09-27 04:51:19.897: D/PowerManagerService(1677): updateWakeLockSummaryLocked: mWakefulness=Awake, mWakeLockSummary=0x1
09-27 04:51:19.897: D/PowerManagerService(1677): updateUserActivitySummaryLocked: mWakefulness=Awake, mUserActivitySummary=0x4, nextTimeout=-1 (7519197 ms ago)
09-27 04:51:19.897: D/PowerManagerService(1677): updateDisplayPowerStateLocked: mDisplayReady=true, policy=2, mWakefulness=1, mWakeLockSummary=0x1, mUserActivitySummary=0x4, mBootCompleted=true, mScreenBrightnessBoostInProgress=false, mIsVrModeEnabled= false, sQuiescent=false
09-27 04:51:19.982: I/SQLiteCastStore(2592): 0 CastNetworkInfo instances loaded, 0 CastDeviceInfo instances loaded, 0 paired guest mode devices loaded.
09-27 04:51:20.010: I/zygote(1831): Background concurrent copying GC freed 119146(4MB) AllocSpace objects, 0(0B) LOS objects, 49% free, 4MB/8MB, paused 78us total 462.574ms
09-27 04:51:20.024: D/PowerManagerService(1677): acquireWakeLockInternal: lock=176336361, flags=0x1, tag="*net_scheduler*", ws=WorkSource{10014 com.google.android.gms}, uid=10014, pid=2263
09-27 04:51:20.024: D/PowerManagerService(1677): updateWakeLockSummaryLocked: mWakefulness=Awake, mWakeLockSummary=0x1
09-27 04:51:20.024: D/PowerManagerService(1677): updateUserActivitySummaryLocked: mWakefulness=Awake, mUserActivitySummary=0x4, nextTimeout=-1 (7519324 ms ago)
09-27 04:51:20.024: D/PowerManagerService(1677): updateDisplayPowerStateLocked: mDisplayReady=true, policy=2, mWakefulness=1, mWakeLockSummary=0x1, mUserActivitySummary=0x4, mBootCompleted=true, mScreenBrightnessBoostInProgress=false, mIsVrModeEnabled= false, sQuiescent=false
09-27 04:51:20.045: W/app_process(5449): Unexpected CPU variant for X86 using defaults: x86
09-27 04:51:20.048: I/app_process(5449): The ClassLoaderContext is a special shared library.
09-27 04:51:20.048: W/nativebridge(5449): Failed to bind-mount /system/lib/x86/cpuinfo as /proc/cpuinfo: No such file or directory
09-27 04:51:20.103: D/AndroidRuntime(5449): Calling main entry com.android.commands.pm.Pm
09-27 04:51:20.151: D/PowerManagerService(1677): releaseWakeLockInternal: lock=51127920 [*net_scheduler*], flags=0x0
09-27 04:51:20.151: D/PowerManagerService(1677): updateWakeLockSummaryLocked: mWakefulness=Awake, mWakeLockSummary=0x1
09-27 04:51:20.151: D/PowerManagerService(1677): updateUserActivitySummaryLocked: mWakefulness=Awake, mUserActivitySummary=0x4, nextTimeout=-1 (7519451 ms ago)
09-27 04:51:20.151: D/PowerManagerService(1677): updateDisplayPowerStateLocked: mDisplayReady=true, policy=2, mWakefulness=1, mWakeLockSummary=0x1, mUserActivitySummary=0x4, mBootCompleted=true, mScreenBrightnessBoostInProgress=false, mIsVrModeEnabled= false, sQuiescent=false
09-27 04:51:20.198: E/memtrack(1677): Couldn't load memtrack module
09-27 04:51:20.198: W/android.os.Debug(1677): failed to get memory consumption info: -1
09-27 04:51:20.279: I/WifiService(1677): getWifiEnabledState uid=10014
09-27 04:51:20.281: I/CastSocket(2592): 27 >= 18. Adding new CastClientAuthKeyManager.
09-27 04:51:20.318: I/WifiService(1677): startScan uid=10014
09-27 04:51:20.346: I/GceGrallocRegionRegistry(1538): Unmapped gralloc-1535.24 hnd=0xedad9840 fd=57 base=0xde70e000
09-27 04:51:20.346: I/GceGrallocRegionRegistry(1535): Mapped gralloc-1535.29 hnd=0xf63a34c0 fd=8 base=0xf0929000 format=RGBA_8888(0x1) width=1440 height=168
09-27 04:51:20.346: I/GceGrallocRegionRegistry(1535): Unmapped gralloc-1535.29 hnd=0xf63a34c0 fd=8 base=0xf0929000
09-27 04:51:20.346: I/GceGrallocRegionRegistry(1538): Mapped gralloc-1535.29 hnd=0xedad9840 fd=24 base=0xe2ccc000 format=RGBA_8888(0x1) width=1440 height=168
09-27 04:51:20.347: I/GceGrallocRegionRegistry(1831): Mapped gralloc-1535.29 hnd=0xccc87b00 fd=80 base=0xcb581000 format=RGBA_8888(0x1) width=1440 height=168
09-27 04:51:20.379: I/GceGrallocRegionRegistry(1538): Unmapped gralloc-1535.23 hnd=0xedad9800 fd=56 base=0xde807000
09-27 04:51:20.379: I/GceGrallocRegionRegistry(1535): Mapped gralloc-1535.30 hnd=0xf63a3480 fd=8 base=0xf0929000 format=RGBA_8888(0x1) width=1440 height=168
09-27 04:51:20.379: I/GceGrallocRegionRegistry(1535): Unmapped gralloc-1535.30 hnd=0xf63a3480 fd=8 base=0xf0929000
09-27 04:51:20.379: I/GceGrallocRegionRegistry(1538): Mapped gralloc-1535.30 hnd=0xedad9800 fd=57 base=0xe2bd3000 format=RGBA_8888(0x1) width=1440 height=168
09-27 04:51:20.380: I/GceGrallocRegionRegistry(1831): Mapped gralloc-1535.30 hnd=0xe1150d00 fd=82 base=0xc62bb000 format=RGBA_8888(0x1) width=1440 height=168
09-27 04:51:20.381: I/DiscoveryManager(2592): WifiGuestModeDeviceScanner enabled.
09-27 04:51:20.389: V/MediaRouter(2592): Adding route: RouteInfo{ name=Phone, description=null, status=null, category=RouteCategory{ name=System types=ROUTE_TYPE_LIVE_AUDIO ROUTE_TYPE_LIVE_VIDEO  groupable=false }, supportedTypes=ROUTE_TYPE_LIVE_AUDIO ROUTE_TYPE_LIVE_VIDEO , presentationDisplay=null }
09-27 04:51:20.392: V/MediaRouter(2592): Selecting route: RouteInfo{ name=Phone, description=null, status=null, category=RouteCategory{ name=System types=ROUTE_TYPE_LIVE_AUDIO ROUTE_TYPE_LIVE_VIDEO  groupable=false }, supportedTypes=ROUTE_TYPE_LIVE_AUDIO ROUTE_TYPE_LIVE_VIDEO , presentationDisplay=null }
09-27 04:51:20.397: I/MediaRouter(2592): Found default route: MediaRouter.RouteInfo{ uniqueId=android/afe:DEFAULT_ROUTE, name=Phone, description=null, iconUri=null, enabled=true, connecting=false, connectionState=0, canDisconnect=false, playbackType=0, playbackStream=3, deviceType=0, volumeHandling=1, volume=5, volumeMax=15, presentationDisplayId=-1, extras=null, settingsIntent=null, providerPackageName=android }
09-27 04:51:20.397: I/MediaRouter(2592): Unselecting the current route because it is no longer selectable: null
09-27 04:51:20.497: V/MediaRouter(2592): Selecting route: RouteInfo{ name=Phone, description=null, status=null, category=RouteCategory{ name=System types=ROUTE_TYPE_LIVE_AUDIO ROUTE_TYPE_LIVE_VIDEO  groupable=false }, supportedTypes=ROUTE_TYPE_LIVE_AUDIO ROUTE_TYPE_LIVE_VIDEO , presentationDisplay=null }
09-27 04:51:20.540: I/WifiService(1677): getWifiEnabledState uid=10014
09-27 04:51:20.544: I/Finsky(4983): [2] com.google.android.finsky.verifier.impl.PackageVerificationReceiver.onReceive(12): Verification requested, id = 10
09-27 04:51:20.546: W/Finsky(4983): [2] com.google.android.finsky.application.impl.a.dw(1487): No account configured on this device.
09-27 04:51:20.549: I/chatty(4983): uid=10028(com.android.vending) identical 3 lines
09-27 04:51:20.550: W/Finsky(4983): [2] com.google.android.finsky.application.impl.a.dw(1487): No account configured on this device.
09-27 04:51:20.563: I/Finsky(4983): [315] com.google.android.finsky.verifier.impl.ci.a(111): Skipping verification. Disabled by user setting
09-27 04:51:20.563: I/Finsky(4983): [315] com.google.android.finsky.verifier.impl.ci.a(119): Skipping anti malware verification due to pre-check failure
09-27 04:51:20.565: I/Finsky(4983): [2] com.google.android.finsky.verifier.impl.dr.c(191): Verifying id=10, result=1
09-27 04:51:20.566: W/Finsky(4983): [2] com.google.android.finsky.application.impl.a.dw(1487): No account configured on this device.
09-27 04:51:20.567: W/Finsky(4983): [2] com.google.android.finsky.application.impl.a.dw(1487): No account configured on this device.
09-27 04:51:20.567: I/Finsky(4983): [2] com.google.android.finsky.verifier.impl.dr.c(208): Verification complete: id=10, package_name=com.google.android.gms.policy_test_support
09-27 04:51:20.573: D/PowerManagerService(1677): acquireWakeLockInternal: lock=226930068, flags=0x1, tag="*dexopt*", ws=WorkSource{-1}, uid=1000, pid=1677
09-27 04:51:20.573: D/PowerManagerService(1677): updateWakeLockSummaryLocked: mWakefulness=Awake, mWakeLockSummary=0x1
09-27 04:51:20.573: D/PowerManagerService(1677): updateUserActivitySummaryLocked: mWakefulness=Awake, mUserActivitySummary=0x4, nextTimeout=-1 (7519873 ms ago)
09-27 04:51:20.573: D/PowerManagerService(1677): updateDisplayPowerStateLocked: mDisplayReady=true, policy=2, mWakefulness=1, mWakeLockSummary=0x1, mUserActivitySummary=0x4, mBootCompleted=true, mScreenBrightnessBoostInProgress=false, mIsVrModeEnabled= false, sQuiescent=false
09-27 04:51:20.580: E/memtrack(1677): Couldn't load memtrack module
09-27 04:51:20.580: W/android.os.Debug(1677): failed to get memory consumption info: -1
09-27 04:51:20.581: I/PackageManager.DexOptimizer(1677): Running dexopt (dexoptNeeded=1) on: /data/app/com.google.android.gms.policy_test_support-FjjTtRK5ImsTyL15-JWGhw==/base.apk pkg=com.google.android.gms.policy_test_support isa=x86 dexoptFlags=boot_complete,public target-filter=quicken oatDir=/data/app/com.google.android.gms.policy_test_support-FjjTtRK5ImsTyL15-JWGhw==/oat sharedLibraries=PCL[]
09-27 04:51:20.684: E/memtrack(1677): Couldn't load memtrack module
09-27 04:51:20.684: W/android.os.Debug(1677): failed to get memory consumption info: -1
09-27 04:51:20.689: W/dex2oat(5520): Unexpected CPU variant for X86 using defaults: x86
09-27 04:51:20.689: W/dex2oat(5520): Mismatch between dex2oat instruction set features (ISA: X86 Feature string: -ssse3,-sse4.1,-sse4.2,-avx,-avx2,-popcnt) and those of dex2oat executable (ISA: X86 Feature string: ssse3,-sse4.1,-sse4.2,-avx,-avx2,-popcnt) for the command line:
09-27 04:51:20.689: W/dex2oat(5520): /system/bin/dex2oat --zip-fd=7 --zip-location=base.apk --input-vdex-fd=-1 --output-vdex-fd=9 --oat-fd=8 --oat-location=/data/app/com.google.android.gms.policy_test_support-FjjTtRK5ImsTyL15-JWGhw==/oat/x86/base.odex --instruction-set=x86 --instruction-set-variant=x86 --instruction-set-features=default --runtime-arg -Xms64m --runtime-arg -Xmx512m --compiler-filter=quicken --swap-fd=10 --classpath-dir=/data/app/com.google.android.gms.policy_test_support-FjjTtRK5ImsTyL15-JWGhw== --class-loader-context=PCL[]
09-27 04:51:20.690: I/dex2oat(5520): /system/bin/dex2oat --input-vdex-fd=-1 --output-vdex-fd=9 --compiler-filter=quicken --classpath-dir=/data/app/com.google.android.gms.policy_test_support-FjjTtRK5ImsTyL15-JWGhw== --class-loader-context=PCL[]
09-27 04:51:20.742: E/memtrack(1677): Couldn't load memtrack module
09-27 04:51:20.742: W/android.os.Debug(1677): failed to get memory consumption info: -1
09-27 04:51:20.949: D/PowerManagerService(1677): acquireWakeLockInternal: lock=264215941, flags=0x1, tag="*alarm*", ws=WorkSource{10028}, uid=1000, pid=1677
09-27 04:51:20.949: D/PowerManagerService(1677): updateWakeLockSummaryLocked: mWakefulness=Awake, mWakeLockSummary=0x1
09-27 04:51:20.949: D/PowerManagerService(1677): updateUserActivitySummaryLocked: mWakefulness=Awake, mUserActivitySummary=0x4, nextTimeout=-1 (7520249 ms ago)
09-27 04:51:20.949: D/PowerManagerService(1677): updateDisplayPowerStateLocked: mDisplayReady=true, policy=2, mWakefulness=1, mWakeLockSummary=0x1, mUserActivitySummary=0x4, mBootCompleted=true, mScreenBrightnessBoostInProgress=false, mIsVrModeEnabled= false, sQuiescent=false
09-27 04:51:20.952: D/PowerManagerService(1677): updateWakeLockWorkSourceInternal: lock=264215941 [*alarm*], ws=WorkSource{1001}
09-27 04:51:20.955: D/PowerManagerService(1677): releaseWakeLockInternal: lock=264215941 [*alarm*], flags=0x0
09-27 04:51:20.955: D/PowerManagerService(1677): updateWakeLockSummaryLocked: mWakefulness=Awake, mWakeLockSummary=0x1
09-27 04:51:20.955: D/PowerManagerService(1677): updateUserActivitySummaryLocked: mWakefulness=Awake, mUserActivitySummary=0x4, nextTimeout=-1 (7520255 ms ago)
09-27 04:51:20.955: D/PowerManagerService(1677): updateDisplayPowerStateLocked: mDisplayReady=true, policy=2, mWakefulness=1, mWakeLockSummary=0x1, mUserActivitySummary=0x4, mBootCompleted=true, mScreenBrightnessBoostInProgress=false, mIsVrModeEnabled= false, sQuiescent=false
09-27 04:51:20.955: D/PowerManagerService(1677): acquireWakeLockInternal: lock=131420890, flags=0x1, tag="*job*/com.android.vending/com.google.android.finsky.scheduler.JobSchedulerEngine$PhoneskyJobSchedulerJobService", ws=WorkSource{10028}, uid=1000, pid=1677
09-27 04:51:20.955: D/PowerManagerService(1677): updateWakeLockSummaryLocked: mWakefulness=Awake, mWakeLockSummary=0x1
09-27 04:51:20.955: D/PowerManagerService(1677): updateUserActivitySummaryLocked: mWakefulness=Awake, mUserActivitySummary=0x4, nextTimeout=-1 (7520255 ms ago)
09-27 04:51:20.955: D/PowerManagerService(1677): updateDisplayPowerStateLocked: mDisplayReady=true, policy=2, mWakefulness=1, mWakeLockSummary=0x1, mUserActivitySummary=0x4, mBootCompleted=true, mScreenBrightnessBoostInProgress=false, mIsVrModeEnabled= false, sQuiescent=false
09-27 04:51:20.956: I/Finsky(4983): [2] com.google.android.finsky.scheduler.JobSchedulerEngine$PhoneskyJobSchedulerJobService.onStartJob(9): onJobSchedulerWakeup
09-27 04:51:20.957: I/Finsky(4983): [2] com.google.android.finsky.scheduler.p.a(22): Scheduling fallback in 43199999 (absolute: 50720255)
09-27 04:51:20.958: I/Finsky(4983): [2] com.google.android.finsky.scheduler.p.a(22): Scheduling fallback in 64799999 (absolute: 72320256)
09-27 04:51:20.958: W/Finsky(4983): [2] com.google.android.finsky.application.impl.a.dw(1487): No account configured on this device.
09-27 04:51:20.969: I/chatty(4983): uid=10028(com.android.vending) identical 5 lines
09-27 04:51:20.970: W/Finsky(4983): [2] com.google.android.finsky.application.impl.a.dw(1487): No account configured on this device.
09-27 04:51:20.974: I/Finsky(4983): [2] com.google.android.finsky.scheduler.w.handleMessage(32): DeviceState: DeviceState{currentTime=1538049080969, isCharging=true, isIdle=false, netAny=true, netNotRoaming=true, netUnmetered=false}
09-27 04:51:20.974: W/Finsky(4983): [2] com.google.android.finsky.application.impl.a.dw(1487): No account configured on this device.
09-27 04:51:20.975: W/Finsky(4983): [2] com.google.android.finsky.application.impl.a.dw(1487): No account configured on this device.
09-27 04:51:21.018: E/NetworkScheduler(2263): Invalid component specified.
09-27 04:51:21.019: D/PowerManagerService(1677): releaseWakeLockInternal: lock=176336361 [*net_scheduler*], flags=0x0
09-27 04:51:21.019: D/PowerManagerService(1677): updateWakeLockSummaryLocked: mWakefulness=Awake, mWakeLockSummary=0x1
09-27 04:51:21.019: D/PowerManagerService(1677): updateUserActivitySummaryLocked: mWakefulness=Awake, mUserActivitySummary=0x4, nextTimeout=-1 (7520319 ms ago)
09-27 04:51:21.019: D/PowerManagerService(1677): updateDisplayPowerStateLocked: mDisplayReady=true, policy=2, mWakefulness=1, mWakeLockSummary=0x1, mUserActivitySummary=0x4, mBootCompleted=true, mScreenBrightnessBoostInProgress=false, mIsVrModeEnabled= false, sQuiescent=false
09-27 04:51:21.022: W/Finsky(4983): [2] com.google.android.finsky.application.impl.a.dw(1487): No account configured on this device.
09-27 04:51:21.022: W/Finsky(4983): [2] com.google.android.finsky.application.impl.a.dw(1487): No account configured on this device.
09-27 04:51:21.024: I/Finsky(4983): [2] com.google.android.finsky.scheduler.r.a(88): Running job: 1 (12)
09-27 04:51:21.025: W/Finsky(4983): [310] com.google.android.finsky.application.impl.a.dw(1487): No account configured on this device.
09-27 04:51:21.062: W/Finsky(4983): [2] com.google.android.finsky.application.impl.a.dw(1487): No account configured on this device.
09-27 04:51:21.063: W/Finsky(4983): [2] com.google.android.finsky.application.impl.a.dw(1487): No account configured on this device.
09-27 04:51:21.063: I/Finsky(4983): [2] com.google.android.finsky.ai.c.a(41): ContentSyncJob started
09-27 04:51:21.064: I/Finsky(4983): [2] com.google.android.finsky.scheduler.r.a(160): RunningQueue size: 1
09-27 04:51:21.064: I/Finsky(4983): [2] com.google.android.finsky.scheduler.r.a(161): PendingQueue size: 0
09-27 04:51:21.066: W/Finsky(4983): [292] com.google.android.finsky.application.impl.a.dw(1487): No account configured on this device.
09-27 04:51:21.101: W/Finsky(4983): [330] com.google.android.finsky.application.impl.a.dw(1487): No account configured on this device.
09-27 04:51:21.104: W/Finsky(4983): [2] com.google.android.finsky.application.impl.a.dw(1487): No account configured on this device.
09-27 04:51:21.104: W/Finsky(4983): [2] com.google.android.finsky.application.impl.a.dw(1487): No account configured on this device.
09-27 04:51:21.162: W/Finsky(4983): [292] com.google.android.finsky.application.impl.a.dw(1487): No account configured on this device.
09-27 04:51:21.164: I/Remoter(1528): Saved screenshot to '/data/screenshots/__pmv__-0068.jpg'
09-27 04:51:21.240: I/chatty(4983): uid=10028(com.android.vending) libraries-threa identical 30 lines
09-27 04:51:21.240: W/Finsky(4983): [292] com.google.android.finsky.application.impl.a.dw(1487): No account configured on this device.
09-27 04:51:21.240: E/memtrack(1677): Couldn't load memtrack module
09-27 04:51:21.240: W/android.os.Debug(1677): failed to get memory consumption info: -1
09-27 04:51:21.242: W/Finsky(4983): [292] com.google.android.finsky.application.impl.a.dw(1487): No account configured on this device.
09-27 04:51:21.325: I/chatty(4983): uid=10028(com.android.vending) libraries-threa identical 32 lines
09-27 04:51:21.342: W/Finsky(4983): [292] com.google.android.finsky.application.impl.a.dw(1487): No account configured on this device.
09-27 04:51:21.375: I/Choreographer(2337): Skipped 32 frames!  The application may be doing too much work on its main thread.
09-27 04:51:21.393: D/PowerManagerService(1677): releaseWakeLockInternal: lock=58913906 [AudioMix], flags=0x0
09-27 04:51:21.393: D/PowerManagerService(1677): updateWakeLockSummaryLocked: mWakefulness=Awake, mWakeLockSummary=0x1
09-27 04:51:21.393: D/PowerManagerService(1677): updateUserActivitySummaryLocked: mWakefulness=Awake, mUserActivitySummary=0x4, nextTimeout=-1 (7520693 ms ago)
09-27 04:51:21.393: D/PowerManagerService(1677): updateDisplayPowerStateLocked: mDisplayReady=true, policy=2, mWakefulness=1, mWakeLockSummary=0x1, mUserActivitySummary=0x4, mBootCompleted=true, mScreenBrightnessBoostInProgress=false, mIsVrModeEnabled= false, sQuiescent=false
09-27 04:51:21.398: W/Finsky(4983): [292] com.google.android.finsky.application.impl.a.dw(1487): No account configured on this device.
09-27 04:51:21.412: I/chatty(4983): uid=10028(com.android.vending) libraries-threa identical 19 lines
09-27 04:51:21.413: W/Finsky(4983): [292] com.google.android.finsky.application.impl.a.dw(1487): No account configured on this device.
09-27 04:51:21.420: E/memtrack(1677): Couldn't load memtrack module
09-27 04:51:21.420: W/android.os.Debug(1677): failed to get memory consumption info: -1
09-27 04:51:21.422: W/Finsky(4983): [292] com.google.android.finsky.application.impl.a.dw(1487): No account configured on this device.
09-27 04:51:21.508: I/chatty(4983): uid=10028(com.android.vending) libraries-threa identical 66 lines
09-27 04:51:21.508: W/Finsky(4983): [292] com.google.android.finsky.application.impl.a.dw(1487): No account configured on this device.
09-27 04:51:21.509: E/memtrack(1677): Couldn't load memtrack module
09-27 04:51:21.527: W/android.os.Debug(1677): failed to get memory consumption info: -1
09-27 04:51:21.529: W/Finsky(4983): [292] com.google.android.finsky.application.impl.a.dw(1487): No account configured on this device.
09-27 04:51:21.775: I/chatty(4983): uid=10028(com.android.vending) libraries-threa identical 96 lines
09-27 04:51:21.775: W/Finsky(4983): [292] com.google.android.finsky.application.impl.a.dw(1487): No account configured on this device.
09-27 04:51:21.783: E/memtrack(1677): Couldn't load memtrack module
09-27 04:51:21.783: W/android.os.Debug(1677): failed to get memory consumption info: -1
09-27 04:51:21.792: W/Finsky(4983): [292] com.google.android.finsky.application.impl.a.dw(1487): No account configured on this device.
09-27 04:51:21.812: E/memtrack(1677): Couldn't load memtrack module
09-27 04:51:21.812: W/android.os.Debug(1677): failed to get memory consumption info: -1
09-27 04:51:21.829: W/Finsky(4983): [292] com.google.android.finsky.application.impl.a.dw(1487): No account configured on this device.
09-27 04:51:22.663: I/Remoter(1528): Saved screenshot to '/data/screenshots/__pmv__-0069.jpg'
09-27 04:51:22.614: I/chatty(4983): uid=10028(com.android.vending) libraries-threa identical 61 lines
09-27 04:51:22.615: W/Finsky(4983): [292] com.google.android.finsky.application.impl.a.dw(1487): No account configured on this device.
09-27 04:51:22.666: W/dex2oat(5520): Verification of void lg.c(lp) took 146.323ms
09-27 04:51:22.677: W/Finsky(4983): [292] com.google.android.finsky.application.impl.a.dw(1487): No account configured on this device.
09-27 04:51:22.759: I/chatty(4983): uid=10028(com.android.vending) libraries-threa identical 29 lines
09-27 04:51:22.759: W/Finsky(4983): [292] com.google.android.finsky.application.impl.a.dw(1487): No account configured on this device.
09-27 04:51:22.813: W/dex2oat(5520): Verification of void pc.onMeasure(int, int) took 123.174ms
09-27 04:51:22.817: I/Finsky(4983): [292] com.google.android.finsky.n.c.a(25): Completed 0 account content syncs with 0 successful.
09-27 04:51:22.817: I/Finsky(4983): [2] com.google.android.finsky.ai.c.a(5): Installation state replication succeeded.
09-27 04:51:22.817: I/Finsky(4983): [2] com.google.android.finsky.scheduler.aq.b(12): jobFinished: 1 12
09-27 04:51:22.818: W/Finsky(4983): [2] com.google.android.finsky.application.impl.a.dw(1487): No account configured on this device.
09-27 04:51:22.831: W/Finsky(4983): [2] com.google.android.finsky.application.impl.a.dw(1487): No account configured on this device.
09-27 04:51:22.832: I/Finsky(4983): [2] com.google.android.finsky.scheduler.r.a(185): Job 1 (12) finished
09-27 04:51:22.832: I/Finsky(4983): [2] com.google.android.finsky.scheduler.r.a(160): RunningQueue size: 0
09-27 04:51:22.832: I/Finsky(4983): [2] com.google.android.finsky.scheduler.r.a(161): PendingQueue size: 0
09-27 04:51:22.832: I/Finsky(4983): [2] com.google.android.finsky.scheduler.w.handleMessage(216): Executor finished
09-27 04:51:22.835: W/Finsky(4983): [2] com.google.android.finsky.application.impl.a.dw(1487): No account configured on this device.
09-27 04:51:22.835: W/Finsky(4983): [2] com.google.android.finsky.application.impl.a.dw(1487): No account configured on this device.
09-27 04:51:22.836: W/Finsky(4983): [330] com.google.android.finsky.application.impl.a.dw(1487): No account configured on this device.
09-27 04:51:22.838: W/Finsky(4983): [2] com.google.android.finsky.application.impl.a.dw(1487): No account configured on this device.
09-27 04:51:22.841: D/PowerManagerService(1677): releaseWakeLockInternal: lock=131420890 [*job*/com.android.vending/com.google.android.finsky.scheduler.JobSchedulerEngine$PhoneskyJobSchedulerJobService], flags=0x0
09-27 04:51:22.841: D/PowerManagerService(1677): updateWakeLockSummaryLocked: mWakefulness=Awake, mWakeLockSummary=0x1
09-27 04:51:22.841: D/PowerManagerService(1677): updateUserActivitySummaryLocked: mWakefulness=Awake, mUserActivitySummary=0x4, nextTimeout=-1 (7522141 ms ago)
09-27 04:51:22.841: D/PowerManagerService(1677): updateDisplayPowerStateLocked: mDisplayReady=true, policy=2, mWakefulness=1, mWakeLockSummary=0x1, mUserActivitySummary=0x4, mBootCompleted=true, mScreenBrightnessBoostInProgress=false, mIsVrModeEnabled= false, sQuiescent=false
09-27 04:51:22.839: I/chatty(4983): uid=10028(com.android.vending) identical 4 lines
09-27 04:51:22.840: W/Finsky(4983): [2] com.google.android.finsky.application.impl.a.dw(1487): No account configured on this device.
09-27 04:51:22.843: W/Finsky(4983): [310] com.google.android.finsky.application.impl.a.dw(1487): No account configured on this device.
09-27 04:51:22.872: W/Finsky(4983): [2] com.google.android.finsky.application.impl.a.dw(1487): No account configured on this device.
09-27 04:51:23.946: I/Remoter(1528): Saved screenshot to '/data/screenshots/__pmv__-0070.jpg'
09-27 04:51:24.023: I/chatty(4983): uid=10028(com.android.vending) identical 4 lines
09-27 04:51:24.024: W/Finsky(4983): [2] com.google.android.finsky.application.impl.a.dw(1487): No account configured on this device.
09-27 04:51:24.292: I/dex2oat(5520): dex2oat took 3.602s (671.580ms cpu) (threads: 2) arena alloc=12KB (12448B) java alloc=1503KB (1539576B) native alloc=2MB (2402848B) free=1749KB (1791456B)
09-27 04:51:24.375: D/PowerManagerService(1677): releaseWakeLockInternal: lock=226930068 [*dexopt*], flags=0x0
09-27 04:51:24.375: D/PowerManagerService(1677): updateWakeLockSummaryLocked: mWakefulness=Awake, mWakeLockSummary=0x0
09-27 04:51:24.375: D/PowerManagerService(1677): updateUserActivitySummaryLocked: mWakefulness=Awake, mUserActivitySummary=0x4, nextTimeout=-1 (7523675 ms ago)
09-27 04:51:24.375: D/PowerManagerService(1677): updateDisplayPowerStateLocked: mDisplayReady=true, policy=2, mWakefulness=1, mWakeLockSummary=0x0, mUserActivitySummary=0x4, mBootCompleted=true, mScreenBrightnessBoostInProgress=false, mIsVrModeEnabled= false, sQuiescent=false
09-27 04:51:24.390: D/PowerManagerService(1677): Releasing suspend blocker "PowerManagerService.WakeLocks".
09-27 04:51:24.543: V/BackupManagerService(1677): restoreAtInstall pkg=com.google.android.gms.policy_test_support token=b restoreSet=0
09-27 04:51:24.543: V/BackupManagerService(1677): Finishing install immediately
09-27 04:51:24.543: V/BackupManagerService(1677): [ 09-27 04:51:24.556  1546: 1724 E/         ]
09-27 04:51:24.543: V/BackupManagerService(1677): Couldn't opendir /data/app/vmdl1893227338.tmp: No such file or directory
09-27 04:51:24.556: E/installd(1546): Failed to delete /data/app/vmdl1893227338.tmp: No such file or directory
09-27 04:51:24.558: I/Pm(5449): Package com.google.android.gms.policy_test_support installed in 4452 ms
09-27 04:51:24.559: D/PackageInstaller(1677): Ignoring abandon after commit relinquished control
09-27 04:51:24.577: I/app_process(5449): System.exit called, status: 0
09-27 04:51:24.577: I/AndroidRuntime(5449): VM exiting with result code 0.
09-27 04:51:24.681: D/Avrcp(1785): AvrcpServiceBroadcastReceiver-> Action: android.intent.action.PACKAGE_ADDED
09-27 04:51:24.681: D/Avrcp(1785): AvrcpServiceBroadcastReceiver-> packageName: com.google.android.gms.policy_test_support
09-27 04:51:24.681: D/Avrcp(1785): packageName: com.google.android.gms.policy_test_support removed: false
09-27 04:51:24.687: I/InputReader(1677): Reconfiguring input devices.  changes=0x00000010
09-27 04:51:24.688: D/Avrcp(1785): isBrowsableListUpdated: false
09-27 04:51:24.688: D/BluetoothMapAppObserver(1785): onReceive
09-27 04:51:24.688: D/BluetoothMapAppObserver(1785): The installed package is: com.google.android.gms.policy_test_support
09-27 04:51:24.688: D/BluetoothMapAppObserver(1785): Found 0 application(s) with intent android.bluetooth.action.BLUETOOTH_MAP_PROVIDER
09-27 04:51:24.691: D/BluetoothMapAppObserver(1785): Found 0 application(s) with intent android.bluetooth.action.BLUETOOTH_MAP_IM_PROVIDER
09-27 04:51:24.692: I/Telecom(1677): DefaultDialerCache: Refreshing default dialer for user 0: now com.google.android.dialer: DDC.oR@AKQ
09-27 04:51:24.739: W/BroadcastQueue(1677): Background execution not allowed: receiving Intent { act=android.intent.action.PACKAGE_ADDED dat=package:com.google.android.gms.policy_test_support flg=0x4000010 (has extras) } to com.android.musicfx/.Compatibility$Receiver
09-27 04:51:24.742: W/Finsky(4983): [2] com.google.android.finsky.application.impl.a.dw(1487): No account configured on this device.
09-27 04:51:24.749: I/chatty(4983): uid=10028(com.android.vending) identical 8 lines
09-27 04:51:24.749: W/Finsky(4983): [2] com.google.android.finsky.application.impl.a.dw(1487): No account configured on this device.
09-27 04:51:24.752: D/CarrierSvcBindHelper(1896): No carrier app for: 0
09-27 04:51:24.753: D/ImsResolver(1896): maybeAddedImsService, packageName: com.google.android.gms.policy_test_support
09-27 04:51:24.754: D/CarrierConfigLoader(1896): mHandler: 9 phoneId: 0
09-27 04:51:24.812: I/Finsky(4983): [2] com.google.android.finsky.wear.WearSupportService.onStartCommand(21): Starting WearSupportService for auto_install
09-27 04:51:24.813: I/Finsky(4983): [2] com.google.android.finsky.wear.ar.a(80): Connecting to wearable; initiated by: com.google.android.finsky.wear.WearSupportService
09-27 04:51:24.819: I/Finsky(4983): [2] com.google.android.finsky.wear.WearSupportService.onStartCommand(21): Starting WearSupportService for send_installed_apps
09-27 04:51:24.820: I/Finsky(4983): [2] com.google.android.finsky.externalreferrer.e.a(52): Package state data is missing for com.google.android.gms.policy_test_support
09-27 04:51:24.820: W/Finsky(4983): [2] com.google.android.finsky.application.impl.a.dw(1487): No account configured on this device.
09-27 04:51:24.821: I/chatty(4983): uid=10028(com.android.vending) identical 1 line
09-27 04:51:24.830: W/Finsky(4983): [2] com.google.android.finsky.application.impl.a.dw(1487): No account configured on this device.
09-27 04:51:24.832: W/Finsky(4983): [310] com.google.android.finsky.application.impl.a.dw(1487): No account configured on this device.
09-27 04:51:24.859: I/zygote(2592): Deoptimizing boolean beql.a(java.util.Collection, java.util.Iterator) due to JIT inline cache
09-27 04:51:24.884: W/Finsky(4983): [2] com.google.android.finsky.application.impl.a.dw(1487): No account configured on this device.
09-27 04:51:24.888: I/chatty(4983): uid=10028(com.android.vending) identical 7 lines
09-27 04:51:24.889: W/Finsky(4983): [2] com.google.android.finsky.application.impl.a.dw(1487): No account configured on this device.
09-27 04:51:24.890: I/Finsky(4983): [2] com.google.android.finsky.scheduler.JobSchedulerEngine.a(61): Scheduling job with id: 9000
09-27 04:51:24.891: W/Finsky(4983): [2] com.google.android.finsky.application.impl.a.dw(1487): No account configured on this device.
09-27 04:51:24.975: W/BroadcastQueue(1677): Background execution not allowed: receiving Intent { act=android.intent.action.PACKAGE_ADDED dat=package:com.google.android.gms.policy_test_support flg=0x4000010 (has extras) } to com.google.android.googlequicksearchbox/com.google.android.apps.gsa.googlequicksearchbox.GelStubAppWatcher
09-27 04:51:24.977: I/Wear_Controller(2263): Wear requires a companion app to be installed.
09-27 04:51:24.977: I/WearableService(2263): onCreate: Wearable Services not starting. Wear is not available on this device.
09-27 04:51:24.986: W/WearableService(2263): onGetService: Wear is not available on this device.
09-27 04:51:24.988: E/Finsky(4983): [2] com.google.android.finsky.wear.au.a(3): onConnectionFailed: ConnectionResult{statusCode=API_UNAVAILABLE, resolution=null, message=null}
09-27 04:51:24.988: W/Finsky(4983): [2] com.google.android.finsky.wear.cd.run(12): Dropping command=auto_install due to Gms not connected
09-27 04:51:24.988: I/Finsky(4983): [2] com.google.android.finsky.wear.WearSupportService.b(67): Stopping WearSupportService
09-27 04:51:24.989: W/Finsky(4983): [2] com.google.android.finsky.wear.cd.run(12): Dropping command=send_installed_apps due to Gms not connected
09-27 04:51:24.989: I/Finsky(4983): [2] com.google.android.finsky.wear.WearSupportService.b(67): Stopping WearSupportService
09-27 04:51:25.088: W/zygote(1677): Long monitor contention with owner Binder:1677_4 (1959) at boolean com.android.server.am.ActivityManagerService.unbindService(android.app.IServiceConnection)(ActivityManagerService.java:18403) waiters=2 in int com.android.server.am.ActivityManagerService.broadcastIntent(android.app.IApplicationThread, android.content.Intent, java.lang.String, android.content.IIntentReceiver, int, java.lang.String, android.os.Bundle, java.lang.String[], int, android.os.Bundle, boolean, boolean, int) for 115ms
09-27 04:51:25.167: D/AutofillUI(1677): destroySaveUiUiThread(): already destroyed
09-27 04:51:25.503: I/zygote(2592): Deoptimizing boolean dmp.a(java.util.Collection, boolean) due to JIT inline cache
09-27 04:51:25.511: E/memtrack(1677): Couldn't load memtrack module
09-27 04:51:25.511: W/android.os.Debug(1677): failed to get memory consumption info: -1
09-27 04:51:25.533: I/Remoter(1528): Saved screenshot to '/data/screenshots/__pmv__-0071.jpg'
09-27 04:51:25.641: W/zygote(2592): Suspending all threads took: 104.596ms
09-27 04:51:25.691: I/zygote(2263): Background concurrent copying GC freed 91933(6MB) AllocSpace objects, 8(416KB) LOS objects, 50% free, 6MB/12MB, paused 81us total 847.620ms
09-27 04:51:25.698: I/zygote(1677): Background concurrent copying GC freed 73396(3MB) AllocSpace objects, 28(1272KB) LOS objects, 42% free, 11MB/20MB, paused 94us total 1.152s
09-27 04:51:25.845: I/zygote(2592): Do full code cache collection, code=1011KB, data=681KB
09-27 04:51:25.871: I/zygote(2592): After code cache collection, code=816KB, data=502KB
09-27 04:51:26.615: I/zygote(2592): Deoptimizing void bmjm.a(java.lang.Object, java.lang.Object, long) due to JIT inline cache
09-27 04:51:27.071: I/Remoter(1528): Saved screenshot to '/data/screenshots/__pmv__-0072.jpg'
09-27 04:51:27.137: I/zygote(2592): Deoptimizing void bmmj.f(int, int) due to JIT inline cache
09-27 04:51:27.162: E/DowngradeHelper(2592): isModuleDowngradeRequired false
09-27 04:51:27.162: E/ConfigFileUtils(2592): Failed to read config file: /data/user_de/0/com.google.android.gms/app_chimera/current_modules_init.pb (No such file or directory)
09-27 04:51:27.491: W/zygote(2592): Unsupported class loader
09-27 04:51:27.492: W/zygote(2592): Skipping duplicate class check due to unsupported classloader
09-27 04:51:27.515: I/Auth(2592): [SupervisedAccountIntentOperation] onHandleIntent(): android.intent.action.PACKAGE_ADDED
09-27 04:51:27.515: I/Auth(2592): [SupervisedAccountIntentOperation] This operation is disabled
