09-27 04:51:31.355: D/PowerManagerService(1677): updateDisplayPowerStateLocked: mDisplayReady=true, policy=2, mWakefulness=1, mWakeLockSummary=0x1, mUserActivitySummary=0x4, mBootCompleted=true, mScreenBrightnessBoostInProgress=false, mIsVrModeEnabled= false, sQuiescent=false
09-27 04:51:31.359: I/NetRec(2263): [330] afog.b: onConfigChanged()
09-27 04:51:31.364: I/GCoreUlr(2263): Starting service, intent=Intent { act=com.google.android.location.reporting.ACTION_UPDATE_WORLD cmp=com.google.android.gms/com.google.android.location.reporting.service.DispatchingService (has extras) }, extras=Bundle[{receiverAction=com.google.gservices.intent.action.GSERVICES_CHANGED}]
09-27 04:51:31.386: D/PowerManagerService(1677): acquireWakeLockInternal: lock=211123359, flags=0x1, tag="IntentOp:.reminders.notification.RefreshNotificationsIntentOperation", ws=WorkSource{10014 com.google.android.gms}, uid=10014, pid=2592
09-27 04:51:31.386: D/PowerManagerService(1677): updateWakeLockSummaryLocked: mWakefulness=Awake, mWakeLockSummary=0x1
09-27 04:51:31.386: D/PowerManagerService(1677): updateUserActivitySummaryLocked: mWakefulness=Awake, mUserActivitySummary=0x4, nextTimeout=-1 (7530686 ms ago)
09-27 04:51:31.386: D/PowerManagerService(1677): updateDisplayPowerStateLocked: mDisplayReady=true, policy=2, mWakefulness=1, mWakeLockSummary=0x1, mUserActivitySummary=0x4, mBootCompleted=true, mScreenBrightnessBoostInProgress=false, mIsVrModeEnabled= false, sQuiescent=false
09-27 04:51:31.400: D/PowerManagerService(1677): releaseWakeLockInternal: lock=75599748 [Icing], flags=0x0
09-27 04:51:31.400: D/PowerManagerService(1677): updateWakeLockSummaryLocked: mWakefulness=Awake, mWakeLockSummary=0x1
09-27 04:51:31.400: D/PowerManagerService(1677): updateUserActivitySummaryLocked: mWakefulness=Awake, mUserActivitySummary=0x4, nextTimeout=-1 (7530700 ms ago)
09-27 04:51:31.400: D/PowerManagerService(1677): updateDisplayPowerStateLocked: mDisplayReady=true, policy=2, mWakefulness=1, mWakeLockSummary=0x1, mUserActivitySummary=0x4, mBootCompleted=true, mScreenBrightnessBoostInProgress=false, mIsVrModeEnabled= false, sQuiescent=false
09-27 04:51:31.421: I/TSDRIVER(5592): CommandService onHandleIntent()
09-27 04:51:31.421: I/TSDRIVER(5592): Got command: PACKAGE
09-27 04:51:31.423: I/TSDRIVER(5592): flag package: Eitjb20uZ29vZ2xlLmFuZHJvaWQuZ21zLmF1dGguYXBpLmNyZWRlbnRpYWxzGg4KCmlzX2VuYWJsZWQYABoeChpTYXZlU3RyYXRlZ3lfX2VuYWJsZVNhdmluZxgA
09-27 04:51:31.423: I/TSDRIVER(5592): flag package: com.google.android.gms.auth.api.credentials
09-27 04:51:31.462: D/PowerManagerService(1677): releaseWakeLockInternal: lock=11848946 [IntentOp:com.google.android.gms/.chimera.GmsIntentOperationService], flags=0x0
09-27 04:51:31.462: D/PowerManagerService(1677): updateWakeLockSummaryLocked: mWakefulness=Awake, mWakeLockSummary=0x1
09-27 04:51:31.462: D/PowerManagerService(1677): updateUserActivitySummaryLocked: mWakefulness=Awake, mUserActivitySummary=0x4, nextTimeout=-1 (7530762 ms ago)
09-27 04:51:31.462: D/PowerManagerService(1677): updateDisplayPowerStateLocked: mDisplayReady=true, policy=2, mWakefulness=1, mWakeLockSummary=0x1, mUserActivitySummary=0x4, mBootCompleted=true, mScreenBrightnessBoostInProgress=false, mIsVrModeEnabled= false, sQuiescent=false
09-27 04:51:31.467: I/GeofencerStateMachine(2263): sendQueryLocationOptIn
09-27 04:51:31.468: D/PowerManagerService(1677): acquireWakeLockInternal: lock=260448779, flags=0x1, tag="Wakeful StateMachine: GeofencerStateMachine", ws=WorkSource{10014 com.google.android.gms}, uid=10014, pid=2263
09-27 04:51:31.468: D/PowerManagerService(1677): updateWakeLockSummaryLocked: mWakefulness=Awake, mWakeLockSummary=0x1
09-27 04:51:31.468: D/PowerManagerService(1677): updateUserActivitySummaryLocked: mWakefulness=Awake, mUserActivitySummary=0x4, nextTimeout=-1 (7530768 ms ago)
09-27 04:51:31.468: D/PowerManagerService(1677): updateDisplayPowerStateLocked: mDisplayReady=true, policy=2, mWakefulness=1, mWakeLockSummary=0x1, mUserActivitySummary=0x4, mBootCompleted=true, mScreenBrightnessBoostInProgress=false, mIsVrModeEnabled= false, sQuiescent=false
09-27 04:51:31.469: D/PowerManagerService(1677): releaseWakeLockInternal: lock=60623712 [CMWakeLock], flags=0x0
09-27 04:51:31.469: D/PowerManagerService(1677): updateWakeLockSummaryLocked: mWakefulness=Awake, mWakeLockSummary=0x1
09-27 04:51:31.469: D/PowerManagerService(1677): updateUserActivitySummaryLocked: mWakefulness=Awake, mUserActivitySummary=0x4, nextTimeout=-1 (7530769 ms ago)
09-27 04:51:31.469: D/PowerManagerService(1677): updateDisplayPowerStateLocked: mDisplayReady=true, policy=2, mWakefulness=1, mWakeLockSummary=0x1, mUserActivitySummary=0x4, mBootCompleted=true, mScreenBrightnessBoostInProgress=false, mIsVrModeEnabled= false, sQuiescent=false
09-27 04:51:31.470: D/PowerManagerService(1677): acquireWakeLockInternal: lock=260448779, flags=0x1, tag="Wakeful StateMachine: GeofencerStateMachine", ws=WorkSource{10014 com.google.android.gms}, uid=10014, pid=2263
09-27 04:51:31.470: D/PowerManagerService(1677): updateWakeLockSummaryLocked: mWakefulness=Awake, mWakeLockSummary=0x1
09-27 04:51:31.470: D/PowerManagerService(1677): updateUserActivitySummaryLocked: mWakefulness=Awake, mUserActivitySummary=0x4, nextTimeout=-1 (7530770 ms ago)
09-27 04:51:31.470: D/PowerManagerService(1677): updateDisplayPowerStateLocked: mDisplayReady=true, policy=2, mWakefulness=1, mWakeLockSummary=0x1, mUserActivitySummary=0x4, mBootCompleted=true, mScreenBrightnessBoostInProgress=false, mIsVrModeEnabled= false, sQuiescent=false
09-27 04:51:31.470: D/PowerManagerService(1677): acquireWakeLockInternal: lock=260448779, flags=0x1, tag="Wakeful StateMachine: GeofencerStateMachine", ws=WorkSource{10014 com.google.android.gms}, uid=10014, pid=2263
09-27 04:51:31.470: D/PowerManagerService(1677): updateWakeLockSummaryLocked: mWakefulness=Awake, mWakeLockSummary=0x1
09-27 04:51:31.470: D/PowerManagerService(1677): updateUserActivitySummaryLocked: mWakefulness=Awake, mUserActivitySummary=0x4, nextTimeout=-1 (7530770 ms ago)
09-27 04:51:31.470: D/PowerManagerService(1677): updateDisplayPowerStateLocked: mDisplayReady=true, policy=2, mWakefulness=1, mWakeLockSummary=0x1, mUserActivitySummary=0x4, mBootCompleted=true, mScreenBrightnessBoostInProgress=false, mIsVrModeEnabled= false, sQuiescent=false
09-27 04:51:31.471: D/PowerManagerService(1677): acquireWakeLockInternal: lock=260448779, flags=0x1, tag="Wakeful StateMachine: GeofencerStateMachine", ws=WorkSource{10014 com.google.android.gms}, uid=10014, pid=2263
09-27 04:51:31.471: D/PowerManagerService(1677): updateWakeLockSummaryLocked: mWakefulness=Awake, mWakeLockSummary=0x1
09-27 04:51:31.471: D/PowerManagerService(1677): updateUserActivitySummaryLocked: mWakefulness=Awake, mUserActivitySummary=0x4, nextTimeout=-1 (7530771 ms ago)
09-27 04:51:31.471: D/PowerManagerService(1677): updateDisplayPowerStateLocked: mDisplayReady=true, policy=2, mWakefulness=1, mWakeLockSummary=0x1, mUserActivitySummary=0x4, mBootCompleted=true, mScreenBrightnessBoostInProgress=false, mIsVrModeEnabled= false, sQuiescent=false
09-27 04:51:31.471: D/PowerManagerService(1677): acquireWakeLockInternal: lock=260448779, flags=0x1, tag="Wakeful StateMachine: GeofencerStateMachine", ws=WorkSource{10014 com.google.android.gms}, uid=10014, pid=2263
09-27 04:51:31.471: D/PowerManagerService(1677): updateWakeLockSummaryLocked: mWakefulness=Awake, mWakeLockSummary=0x1
09-27 04:51:31.471: D/PowerManagerService(1677): updateUserActivitySummaryLocked: mWakefulness=Awake, mUserActivitySummary=0x4, nextTimeout=-1 (7530771 ms ago)
09-27 04:51:31.471: D/PowerManagerService(1677): updateDisplayPowerStateLocked: mDisplayReady=true, policy=2, mWakefulness=1, mWakeLockSummary=0x1, mUserActivitySummary=0x4, mBootCompleted=true, mScreenBrightnessBoostInProgress=false, mIsVrModeEnabled= false, sQuiescent=false
09-27 04:51:31.472: D/PowerManagerService(1677): acquireWakeLockInternal: lock=260448779, flags=0x1, tag="Wakeful StateMachine: GeofencerStateMachine", ws=WorkSource{10014 com.google.android.gms}, uid=10014, pid=2263
09-27 04:51:31.472: D/PowerManagerService(1677): updateWakeLockSummaryLocked: mWakefulness=Awake, mWakeLockSummary=0x1
09-27 04:51:31.472: D/PowerManagerService(1677): updateUserActivitySummaryLocked: mWakefulness=Awake, mUserActivitySummary=0x4, nextTimeout=-1 (7530772 ms ago)
09-27 04:51:31.472: D/PowerManagerService(1677): updateDisplayPowerStateLocked: mDisplayReady=true, policy=2, mWakefulness=1, mWakeLockSummary=0x1, mUserActivitySummary=0x4, mBootCompleted=true, mScreenBrightnessBoostInProgress=false, mIsVrModeEnabled= false, sQuiescent=false
09-27 04:51:31.472: D/PowerManagerService(1677): acquireWakeLockInternal: lock=260448779, flags=0x1, tag="Wakeful StateMachine: GeofencerStateMachine", ws=WorkSource{10014 com.google.android.gms}, uid=10014, pid=2263
09-27 04:51:31.472: D/PowerManagerService(1677): updateWakeLockSummaryLocked: mWakefulness=Awake, mWakeLockSummary=0x1
09-27 04:51:31.472: D/PowerManagerService(1677): updateUserActivitySummaryLocked: mWakefulness=Awake, mUserActivitySummary=0x4, nextTimeout=-1 (7530772 ms ago)
09-27 04:51:31.472: D/PowerManagerService(1677): updateDisplayPowerStateLocked: mDisplayReady=true, policy=2, mWakefulness=1, mWakeLockSummary=0x1, mUserActivitySummary=0x4, mBootCompleted=true, mScreenBrightnessBoostInProgress=false, mIsVrModeEnabled= false, sQuiescent=false
09-27 04:51:31.474: D/PowerManagerService(1677): acquireWakeLockInternal: lock=260448779, flags=0x1, tag="Wakeful StateMachine: GeofencerStateMachine", ws=WorkSource{10014 com.google.android.gms}, uid=10014, pid=2263
09-27 04:51:31.474: D/PowerManagerService(1677): updateWakeLockSummaryLocked: mWakefulness=Awake, mWakeLockSummary=0x1
09-27 04:51:31.474: D/PowerManagerService(1677): updateUserActivitySummaryLocked: mWakefulness=Awake, mUserActivitySummary=0x4, nextTimeout=-1 (7530774 ms ago)
09-27 04:51:31.474: D/PowerManagerService(1677): updateDisplayPowerStateLocked: mDisplayReady=true, policy=2, mWakefulness=1, mWakeLockSummary=0x1, mUserActivitySummary=0x4, mBootCompleted=true, mScreenBrightnessBoostInProgress=false, mIsVrModeEnabled= false, sQuiescent=false
09-27 04:51:31.477: D/PowerManagerService(1677): releaseWakeLockInternal: lock=260448779 [Wakeful StateMachine: GeofencerStateMachine], flags=0x0
09-27 04:51:31.477: D/PowerManagerService(1677): updateWakeLockSummaryLocked: mWakefulness=Awake, mWakeLockSummary=0x1
09-27 04:51:31.477: D/PowerManagerService(1677): updateUserActivitySummaryLocked: mWakefulness=Awake, mUserActivitySummary=0x4, nextTimeout=-1 (7530777 ms ago)
09-27 04:51:31.477: D/PowerManagerService(1677): updateDisplayPowerStateLocked: mDisplayReady=true, policy=2, mWakefulness=1, mWakeLockSummary=0x1, mUserActivitySummary=0x4, mBootCompleted=true, mScreenBrightnessBoostInProgress=false, mIsVrModeEnabled= false, sQuiescent=false
09-27 04:51:31.472: I/chatty(2263): uid=10014 com.google.android.gms.persistent identical 6 lines
09-27 04:51:31.474: I/GeofencerStateMachine(2263): sendQueryLocationOptIn
09-27 04:51:31.477: I/TestSupport(2592): SetOverrideOperation: gms:phenotype:phenotype_flag:debug_bypass_phenotype = false
09-27 04:51:31.482: D/PowerManagerService(1677): acquireWakeLockInternal: lock=213238843, flags=0x1, tag="*net_scheduler*", ws=WorkSource{10014 com.google.android.gms}, uid=10014, pid=2263
09-27 04:51:31.482: D/PowerManagerService(1677): updateWakeLockSummaryLocked: mWakefulness=Awake, mWakeLockSummary=0x1
09-27 04:51:31.482: D/PowerManagerService(1677): updateUserActivitySummaryLocked: mWakefulness=Awake, mUserActivitySummary=0x4, nextTimeout=-1 (7530782 ms ago)
09-27 04:51:31.482: D/PowerManagerService(1677): updateDisplayPowerStateLocked: mDisplayReady=true, policy=2, mWakefulness=1, mWakeLockSummary=0x1, mUserActivitySummary=0x4, mBootCompleted=true, mScreenBrightnessBoostInProgress=false, mIsVrModeEnabled= false, sQuiescent=false
09-27 04:51:31.511: D/PowerManagerService(1677): acquireWakeLockInternal: lock=89419571, flags=0x1, tag="IntentOp:.reminders.notification.ScheduleLocationRemindersIntentOperation", ws=WorkSource{10014 com.google.android.gms}, uid=10014, pid=2592
09-27 04:51:31.511: D/PowerManagerService(1677): updateWakeLockSummaryLocked: mWakefulness=Awake, mWakeLockSummary=0x1
09-27 04:51:31.511: D/PowerManagerService(1677): updateUserActivitySummaryLocked: mWakefulness=Awake, mUserActivitySummary=0x4, nextTimeout=-1 (7530811 ms ago)
09-27 04:51:31.511: D/PowerManagerService(1677): updateDisplayPowerStateLocked: mDisplayReady=true, policy=2, mWakefulness=1, mWakeLockSummary=0x1, mUserActivitySummary=0x4, mBootCompleted=true, mScreenBrightnessBoostInProgress=false, mIsVrModeEnabled= false, sQuiescent=false
09-27 04:51:31.529: D/PowerManagerService(1677): acquireWakeLockInternal: lock=54989552, flags=0x1, tag="UlrDispSvcFastWL", ws=WorkSource{10014 com.google.android.gms}, uid=10014, pid=2263
09-27 04:51:31.529: D/PowerManagerService(1677): updateWakeLockSummaryLocked: mWakefulness=Awake, mWakeLockSummary=0x1
09-27 04:51:31.529: D/PowerManagerService(1677): updateUserActivitySummaryLocked: mWakefulness=Awake, mUserActivitySummary=0x4, nextTimeout=-1 (7530829 ms ago)
09-27 04:51:31.529: D/PowerManagerService(1677): updateDisplayPowerStateLocked: mDisplayReady=true, policy=2, mWakefulness=1, mWakeLockSummary=0x1, mUserActivitySummary=0x4, mBootCompleted=true, mScreenBrightnessBoostInProgress=false, mIsVrModeEnabled= false, sQuiescent=false
09-27 04:51:31.530: D/PowerManagerService(1677): releaseWakeLockInternal: lock=188629859 [IntentOp:.reminders.notification.RefreshNotificationsIntentOperation], flags=0x0
09-27 04:51:31.530: D/PowerManagerService(1677): updateWakeLockSummaryLocked: mWakefulness=Awake, mWakeLockSummary=0x1
09-27 04:51:31.530: D/PowerManagerService(1677): updateUserActivitySummaryLocked: mWakefulness=Awake, mUserActivitySummary=0x4, nextTimeout=-1 (7530830 ms ago)
09-27 04:51:31.530: D/PowerManagerService(1677): updateDisplayPowerStateLocked: mDisplayReady=true, policy=2, mWakefulness=1, mWakeLockSummary=0x1, mUserActivitySummary=0x4, mBootCompleted=true, mScreenBrightnessBoostInProgress=false, mIsVrModeEnabled= false, sQuiescent=false
09-27 04:51:31.534: D/PowerManagerService(1677): releaseWakeLockInternal: lock=89419571 [IntentOp:.reminders.notification.ScheduleLocationRemindersIntentOperation], flags=0x0
09-27 04:51:31.534: D/PowerManagerService(1677): updateWakeLockSummaryLocked: mWakefulness=Awake, mWakeLockSummary=0x1
09-27 04:51:31.534: D/PowerManagerService(1677): updateUserActivitySummaryLocked: mWakefulness=Awake, mUserActivitySummary=0x4, nextTimeout=-1 (7530834 ms ago)
09-27 04:51:31.534: D/PowerManagerService(1677): updateDisplayPowerStateLocked: mDisplayReady=true, policy=2, mWakefulness=1, mWakeLockSummary=0x1, mUserActivitySummary=0x4, mBootCompleted=true, mScreenBrightnessBoostInProgress=false, mIsVrModeEnabled= false, sQuiescent=false
09-27 04:51:31.538: I/CmaSystemUpdateService(2592): StartServiceIntentOperation: Intent { act=com.google.gservices.intent.action.GSERVICES_CHANGED flg=0x1000010 cmp=com.google.android.gms/.chimera.GmsIntentOperationService$PersistentInternalReceiver }
09-27 04:51:31.538: I/CmaSystemUpdateService(2592): receiver: Intent { act=com.google.gservices.intent.action.GSERVICES_CHANGED flg=0x1000010 cmp=com.google.android.gms/.chimera.GmsIntentOperationService$PersistentInternalReceiver }
09-27 04:51:31.538: D/PowerManagerService(1677): acquireWakeLockInternal: lock=265615330, flags=0x1, tag="CmaSystemUpdateService", ws=WorkSource{10014 com.google.android.gms}, uid=10014, pid=2592
09-27 04:51:31.538: D/PowerManagerService(1677): updateWakeLockSummaryLocked: mWakefulness=Awake, mWakeLockSummary=0x1
09-27 04:51:31.538: D/PowerManagerService(1677): updateUserActivitySummaryLocked: mWakefulness=Awake, mUserActivitySummary=0x4, nextTimeout=-1 (7530838 ms ago)
09-27 04:51:31.538: D/PowerManagerService(1677): updateDisplayPowerStateLocked: mDisplayReady=true, policy=2, mWakefulness=1, mWakeLockSummary=0x1, mUserActivitySummary=0x4, mBootCompleted=true, mScreenBrightnessBoostInProgress=false, mIsVrModeEnabled= false, sQuiescent=false
09-27 04:51:31.540: I/SystemUpdate(2592): [Installation,ReceiverIntentOperation] Received intent: Intent { act=com.google.gservices.intent.action.GSERVICES_CHANGED flg=0x1000010 cmp=com.google.android.gms/.chimera.GmsIntentOperationService$PersistentInternalReceiver }.
09-27 04:51:31.553: D/PowerManagerService(1677): updateWakeLockWorkSourceInternal: lock=54989552 [UlrDispSvcFastWL], ws=null
09-27 04:51:31.556: V/EmulatedCamera_Factory(1544): getCameraInfo: id = 0
09-27 04:51:31.556: V/EmulatedCamera_Camera(1544): getCameraInfo
09-27 04:51:31.556: V/EmulatedCamera_BaseCamera(1544): getCameraInfo
09-27 04:51:31.557: I/OcrModelUpStIntentOp(2592): Updating ocr activity enabled=true (phenotypeFlag=true, lowRamDevice=false, prereqCheck=true)
09-27 04:51:31.557: I/MobileDataHub(2592): Scheduling periodic tasks
09-27 04:51:31.558: D/PowerManagerService(1677): releaseWakeLockInternal: lock=265615330 [CmaSystemUpdateService], flags=0x0
09-27 04:51:31.558: D/PowerManagerService(1677): updateWakeLockSummaryLocked: mWakefulness=Awake, mWakeLockSummary=0x1
09-27 04:51:31.558: D/PowerManagerService(1677): updateUserActivitySummaryLocked: mWakefulness=Awake, mUserActivitySummary=0x4, nextTimeout=-1 (7530858 ms ago)
09-27 04:51:31.558: D/PowerManagerService(1677): updateDisplayPowerStateLocked: mDisplayReady=true, policy=2, mWakefulness=1, mWakeLockSummary=0x1, mUserActivitySummary=0x4, mBootCompleted=true, mScreenBrightnessBoostInProgress=false, mIsVrModeEnabled= false, sQuiescent=false
09-27 04:51:31.558: W/MobileDataHub(2592): [Service] appsupload-periodic periodic task disabled
09-27 04:51:31.559: I/SystemUpdate(2592): [Execution,InstallationEventIntentOperation] Handling event of type 2.
09-27 04:51:31.564: I/GCoreUlr(2263): WorldUpdater received intent Intent { act=com.google.android.location.reporting.ACTION_UPDATE_WORLD cmp=com.google.android.gms/com.google.android.location.reporting.service.DispatchingService (has extras) } with receiverAction com.google.gservices.intent.action.GSERVICES_CHANGED
09-27 04:51:31.564: I/SystemUpdate(2592): [Execution,InstallationIntentOperation] Received intent: Intent { act=com.google.android.gms.update.INSTALL_UPDATE cat=[targeted_intent_op_prefix:.update.execution.InstallationIntentOperation] cmp=com.google.android.gms/.chimera.GmsIntentOperationService }.
09-27 04:51:31.566: I/SystemUpdate(2592): [Execution,ExecutionManager] Action finished-execution executed for 0.00 seconds.
09-27 04:51:31.577: E/NetworkScheduler(2263): Invalid component specified.
09-27 04:51:31.620: I/GCoreUlr(2263): WorldUpdater:com.google.gservices.intent.action.GSERVICES_CHANGED: Ensuring that reporting is stopped because of reasons: (no Google accounts)
09-27 04:51:31.625: E/NetworkScheduler(2263): Invalid component specified.
09-27 04:51:31.639: I/CheckinUtil(2263): Classify the device as Phone.
09-27 04:51:31.641: E/NetworkScheduler(2263): Invalid component specified.
09-27 04:51:31.651: D/PowerManagerService(1677): acquireWakeLockInternal: lock=167643368, flags=0x1, tag="GCoreFlp", ws=WorkSource{10014 com.google.android.gms}, uid=10014, pid=2263
09-27 04:51:31.651: D/PowerManagerService(1677): updateWakeLockSummaryLocked: mWakefulness=Awake, mWakeLockSummary=0x1
09-27 04:51:31.651: D/PowerManagerService(1677): updateUserActivitySummaryLocked: mWakefulness=Awake, mUserActivitySummary=0x4, nextTimeout=-1 (7530951 ms ago)
09-27 04:51:31.651: D/PowerManagerService(1677): updateDisplayPowerStateLocked: mDisplayReady=true, policy=2, mWakefulness=1, mWakeLockSummary=0x1, mUserActivitySummary=0x4, mBootCompleted=true, mScreenBrightnessBoostInProgress=false, mIsVrModeEnabled= false, sQuiescent=false
09-27 04:51:31.652: D/PowerManagerService(1677): releaseWakeLockInternal: lock=167643368 [GCoreFlp], flags=0x0
09-27 04:51:31.652: D/PowerManagerService(1677): updateWakeLockSummaryLocked: mWakefulness=Awake, mWakeLockSummary=0x1
09-27 04:51:31.652: D/PowerManagerService(1677): updateUserActivitySummaryLocked: mWakefulness=Awake, mUserActivitySummary=0x4, nextTimeout=-1 (7530952 ms ago)
09-27 04:51:31.652: D/PowerManagerService(1677): updateDisplayPowerStateLocked: mDisplayReady=true, policy=2, mWakefulness=1, mWakeLockSummary=0x1, mUserActivitySummary=0x4, mBootCompleted=true, mScreenBrightnessBoostInProgress=false, mIsVrModeEnabled= false, sQuiescent=false
09-27 04:51:31.653: D/PowerManagerService(1677): releaseWakeLockInternal: lock=213238843 [*net_scheduler*], flags=0x0
09-27 04:51:31.653: D/PowerManagerService(1677): updateWakeLockSummaryLocked: mWakefulness=Awake, mWakeLockSummary=0x1
09-27 04:51:31.653: D/PowerManagerService(1677): updateUserActivitySummaryLocked: mWakefulness=Awake, mUserActivitySummary=0x4, nextTimeout=-1 (7530953 ms ago)
09-27 04:51:31.653: D/PowerManagerService(1677): updateDisplayPowerStateLocked: mDisplayReady=true, policy=2, mWakefulness=1, mWakeLockSummary=0x1, mUserActivitySummary=0x4, mBootCompleted=true, mScreenBrightnessBoostInProgress=false, mIsVrModeEnabled= false, sQuiescent=false
09-27 04:51:31.665: D/PowerManagerService(1677): acquireWakeLockInternal: lock=259183591, flags=0x1, tag="NlpWakeLock", ws=WorkSource{10014 com.google.android.gms}, uid=10014, pid=2263
09-27 04:51:31.665: D/PowerManagerService(1677): updateWakeLockSummaryLocked: mWakefulness=Awake, mWakeLockSummary=0x1
09-27 04:51:31.665: D/PowerManagerService(1677): updateUserActivitySummaryLocked: mWakefulness=Awake, mUserActivitySummary=0x4, nextTimeout=-1 (7530965 ms ago)
09-27 04:51:31.665: D/PowerManagerService(1677): updateDisplayPowerStateLocked: mDisplayReady=true, policy=2, mWakefulness=1, mWakeLockSummary=0x1, mUserActivitySummary=0x4, mBootCompleted=true, mScreenBrightnessBoostInProgress=false, mIsVrModeEnabled= false, sQuiescent=false
09-27 04:51:31.666: D/PowerManagerService(1677): releaseWakeLockInternal: lock=259183591 [NlpWakeLock], flags=0x0
09-27 04:51:31.666: D/PowerManagerService(1677): updateWakeLockSummaryLocked: mWakefulness=Awake, mWakeLockSummary=0x1
09-27 04:51:31.666: D/PowerManagerService(1677): updateUserActivitySummaryLocked: mWakefulness=Awake, mUserActivitySummary=0x4, nextTimeout=-1 (7530967 ms ago)
09-27 04:51:31.667: D/PowerManagerService(1677): updateDisplayPowerStateLocked: mDisplayReady=true, policy=2, mWakefulness=1, mWakeLockSummary=0x1, mUserActivitySummary=0x4, mBootCompleted=true, mScreenBrightnessBoostInProgress=false, mIsVrModeEnabled= false, sQuiescent=false
09-27 04:51:31.657: I/chatty(2263): uid=10014(com.google.android.gms) lowpool[18] identical 2 lines
09-27 04:51:31.658: E/NetworkScheduler(2263): Invalid component specified.
09-27 04:51:31.670: I/GCoreUlr(2263): Unbound from all signal providers.
09-27 04:51:31.675: D/PowerManagerService(1677): acquireWakeLockInternal: lock=213238843, flags=0x1, tag="*net_scheduler*", ws=WorkSource{10014 com.google.android.gms}, uid=10014, pid=2263
09-27 04:51:31.675: D/PowerManagerService(1677): updateWakeLockSummaryLocked: mWakefulness=Awake, mWakeLockSummary=0x1
09-27 04:51:31.675: D/PowerManagerService(1677): updateUserActivitySummaryLocked: mWakefulness=Awake, mUserActivitySummary=0x4, nextTimeout=-1 (7530975 ms ago)
09-27 04:51:31.675: D/PowerManagerService(1677): updateDisplayPowerStateLocked: mDisplayReady=true, policy=2, mWakefulness=1, mWakeLockSummary=0x1, mUserActivitySummary=0x4, mBootCompleted=true, mScreenBrightnessBoostInProgress=false, mIsVrModeEnabled= false, sQuiescent=false
09-27 04:51:31.681: I/OcrModelUpStIntentOp(2592): Downloading text recognizer
09-27 04:51:31.685: W/Conscrypt(2263): Could not set socket write timeout: java.lang.reflect.InvocationTargetException
09-27 04:51:31.685: W/Conscrypt(2263): 	at java.lang.reflect.Method.invoke(Native Method)
09-27 04:51:31.686: W/Conscrypt(2263): 	at com.google.android.gms.org.conscrypt.Platform.setSocketWriteTimeout(:com.google.android.gms@13280022@13.2.80 (040700-211705629):13)
09-27 04:51:31.686: W/Conscrypt(2263): Caused by: android.system.ErrnoException: setsockopt failed: EBADF (Bad file descriptor)
09-27 04:51:31.686: W/Conscrypt(2263): 	at libcore.io.Linux.setsockoptTimeval(Native Method)
09-27 04:51:31.686: W/Conscrypt(2263): 	at libcore.io.ForwardingOs.setsockoptTimeval(ForwardingOs.java:175)
09-27 04:51:31.702: D/PowerManagerService(1677): releaseWakeLockInternal: lock=54989552 [UlrDispSvcFastWL], flags=0x0
09-27 04:51:31.702: D/PowerManagerService(1677): updateWakeLockSummaryLocked: mWakefulness=Awake, mWakeLockSummary=0x1
09-27 04:51:31.702: D/PowerManagerService(1677): updateUserActivitySummaryLocked: mWakefulness=Awake, mUserActivitySummary=0x4, nextTimeout=-1 (7531002 ms ago)
09-27 04:51:31.702: D/PowerManagerService(1677): updateDisplayPowerStateLocked: mDisplayReady=true, policy=2, mWakefulness=1, mWakeLockSummary=0x1, mUserActivitySummary=0x4, mBootCompleted=true, mScreenBrightnessBoostInProgress=false, mIsVrModeEnabled= false, sQuiescent=false
09-27 04:51:31.705: D/PowerManagerService(1677): acquireWakeLockInternal: lock=167643368, flags=0x1, tag="GCoreFlp", ws=WorkSource{10014 com.google.android.gms}, uid=10014, pid=2263
09-27 04:51:31.705: D/PowerManagerService(1677): updateWakeLockSummaryLocked: mWakefulness=Awake, mWakeLockSummary=0x1
09-27 04:51:31.705: D/PowerManagerService(1677): updateUserActivitySummaryLocked: mWakefulness=Awake, mUserActivitySummary=0x4, nextTimeout=-1 (7531005 ms ago)
09-27 04:51:31.705: D/PowerManagerService(1677): updateDisplayPowerStateLocked: mDisplayReady=true, policy=2, mWakefulness=1, mWakeLockSummary=0x1, mUserActivitySummary=0x4, mBootCompleted=true, mScreenBrightnessBoostInProgress=false, mIsVrModeEnabled= false, sQuiescent=false
09-27 04:51:31.706: I/GCoreUlr(2263): Unbound from all signal providers.
09-27 04:51:31.706: I/GCoreUlr(2263): Stopping handler for UlrDispSvcFast
09-27 04:51:31.708: D/PowerManagerService(1677): releaseWakeLockInternal: lock=167643368 [GCoreFlp], flags=0x0
09-27 04:51:31.708: D/PowerManagerService(1677): updateWakeLockSummaryLocked: mWakefulness=Awake, mWakeLockSummary=0x1
09-27 04:51:31.708: D/PowerManagerService(1677): updateUserActivitySummaryLocked: mWakefulness=Awake, mUserActivitySummary=0x4, nextTimeout=-1 (7531008 ms ago)
09-27 04:51:31.708: D/PowerManagerService(1677): updateDisplayPowerStateLocked: mDisplayReady=true, policy=2, mWakefulness=1, mWakeLockSummary=0x1, mUserActivitySummary=0x4, mBootCompleted=true, mScreenBrightnessBoostInProgress=false, mIsVrModeEnabled= false, sQuiescent=false
09-27 04:51:31.714: D/PowerManagerService(1677): acquireWakeLockInternal: lock=259183591, flags=0x1, tag="NlpWakeLock", ws=WorkSource{10014 com.google.android.gms}, uid=10014, pid=2263
09-27 04:51:31.714: D/PowerManagerService(1677): updateWakeLockSummaryLocked: mWakefulness=Awake, mWakeLockSummary=0x1
09-27 04:51:31.714: D/PowerManagerService(1677): updateUserActivitySummaryLocked: mWakefulness=Awake, mUserActivitySummary=0x4, nextTimeout=-1 (7531014 ms ago)
09-27 04:51:31.714: D/PowerManagerService(1677): updateDisplayPowerStateLocked: mDisplayReady=true, policy=2, mWakefulness=1, mWakeLockSummary=0x1, mUserActivitySummary=0x4, mBootCompleted=true, mScreenBrightnessBoostInProgress=false, mIsVrModeEnabled= false, sQuiescent=false
09-27 04:51:31.722: I/GservicesProvider(2278): override update completed
09-27 04:51:31.740: W/Conscrypt(2263): Could not set socket write timeout: java.lang.reflect.InvocationTargetException
09-27 04:51:31.740: W/Conscrypt(2263): 	at java.lang.reflect.Method.invoke(Native Method)
09-27 04:51:31.740: W/Conscrypt(2263): 	at com.google.android.gms.org.conscrypt.Platform.setSocketWriteTimeout(:com.google.android.gms@13280022@13.2.80 (040700-211705629):13)
09-27 04:51:31.740: W/Conscrypt(2263): Caused by: android.system.ErrnoException: setsockopt failed: EBADF (Bad file descriptor)
09-27 04:51:31.740: W/Conscrypt(2263): 	at libcore.io.Linux.setsockoptTimeval(Native Method)
09-27 04:51:31.740: W/Conscrypt(2263): 	at libcore.io.ForwardingOs.setsockoptTimeval(ForwardingOs.java:175)
09-27 04:51:31.754: I/zygote(1677): Background concurrent copying GC freed 31685(1849KB) AllocSpace objects, 2(40KB) LOS objects, 42% free, 10MB/18MB, paused 115us total 234.650ms
09-27 04:51:31.762: I/Telecom(1677): PhoneAccountRegistrar: SimCallManager queried, returning: null: TSI.gSCM@ALI
09-27 04:51:31.763: I/Babel_telephony(4732): TeleModule.updateConnectionManagerRegistration, registration preference changed from false to false
09-27 04:51:31.763: W/Babel_AcctMgr(4732): gBA: invalid account id: -1
09-27 04:51:31.763: W/Babel_AcctMgr(4732): gBA: invalid account id: -1
09-27 04:51:31.763: I/Babel_telephony(4732): TeleModule.updateIncomingCallRegistration, preferred account for incoming calls changed from: null to null
09-27 04:51:31.770: I/Vision(2592): Details: ocr_x86.zip, ff3dcfd5e3828224849fbeffe1ed2e71a7ad3400
09-27 04:51:31.780: I/Vision(2592): Engine already satisfied by existing download for ocr
09-27 04:51:31.782: D/PowerManagerService(1677): acquireWakeLockInternal: lock=176448228, flags=0x1, tag="Babel_ConcService", ws=null, uid=10062, pid=4732
09-27 04:51:31.782: D/PowerManagerService(1677): updateWakeLockSummaryLocked: mWakefulness=Awake, mWakeLockSummary=0x1
09-27 04:51:31.782: D/PowerManagerService(1677): updateUserActivitySummaryLocked: mWakefulness=Awake, mUserActivitySummary=0x4, nextTimeout=-1 (7531082 ms ago)
09-27 04:51:31.782: D/PowerManagerService(1677): updateDisplayPowerStateLocked: mDisplayReady=true, policy=2, mWakefulness=1, mWakeLockSummary=0x1, mUserActivitySummary=0x4, mBootCompleted=true, mScreenBrightnessBoostInProgress=false, mIsVrModeEnabled= false, sQuiescent=false
09-27 04:51:31.782: I/Babel_ConcService(4732): Acquired partial wake lock to keep ConcurrentService alive
09-27 04:51:31.783: D/PowerManagerService(1677): releaseWakeLockInternal: lock=176448228 [Babel_ConcService], flags=0x0
09-27 04:51:31.783: D/PowerManagerService(1677): updateWakeLockSummaryLocked: mWakefulness=Awake, mWakeLockSummary=0x1
09-27 04:51:31.783: D/PowerManagerService(1677): updateUserActivitySummaryLocked: mWakefulness=Awake, mUserActivitySummary=0x4, nextTimeout=-1 (7531083 ms ago)
09-27 04:51:31.783: D/PowerManagerService(1677): updateDisplayPowerStateLocked: mDisplayReady=true, policy=2, mWakefulness=1, mWakeLockSummary=0x1, mUserActivitySummary=0x4, mBootCompleted=true, mScreenBrightnessBoostInProgress=false, mIsVrModeEnabled= false, sQuiescent=false
09-27 04:51:31.783: I/Babel_ConcService(4732): Released partial wake lock as ConcurrentService became idle
09-27 04:51:31.796: W/ActivityManager(1677): Unable to start service Intent { cmp=com.google.android.gms/.analytics.service.RefreshEnabledStateService } U=0: not found
09-27 04:51:31.800: W/ChimeraUtils(2592): Non Chimera context
09-27 04:51:31.800: W/ChimeraUtils(2592): Non Chimera context
09-27 04:51:31.803: D/CAR.SETUP(2592): Received GService flag change intent.
09-27 04:51:31.805: I/ChromeSync(2592): [Sync,SyncIntentOperation] Handling the intent: Intent { act=com.google.gservices.intent.action.GSERVICES_CHANGED flg=0x1000010 cmp=com.google.android.gms/.chimera.GmsIntentOperationService$PersistentInternalReceiver }.
09-27 04:51:31.835: I/zygote(2263): Background concurrent copying GC freed 59816(3MB) AllocSpace objects, 7(272KB) LOS objects, 49% free, 8MB/16MB, paused 81us total 528.580ms
09-27 04:51:31.846: E/NetworkScheduler(2263): Invalid component specified.
09-27 04:51:31.855: D/PowerManagerService(1677): releaseWakeLockInternal: lock=259183591 [NlpWakeLock], flags=0x0
09-27 04:51:31.855: D/PowerManagerService(1677): updateWakeLockSummaryLocked: mWakefulness=Awake, mWakeLockSummary=0x1
09-27 04:51:31.855: D/PowerManagerService(1677): updateUserActivitySummaryLocked: mWakefulness=Awake, mUserActivitySummary=0x4, nextTimeout=-1 (7531155 ms ago)
09-27 04:51:31.855: D/PowerManagerService(1677): updateDisplayPowerStateLocked: mDisplayReady=true, policy=2, mWakefulness=1, mWakeLockSummary=0x1, mUserActivitySummary=0x4, mBootCompleted=true, mScreenBrightnessBoostInProgress=false, mIsVrModeEnabled= false, sQuiescent=false
09-27 04:51:31.871: I/zygote(2263): Do full code cache collection, code=1004KB, data=619KB
09-27 04:51:31.872: I/zygote(2263): After code cache collection, code=960KB, data=554KB
09-27 04:51:31.896: I/MS_Utils(2592): version of com.google.android.apps.maps = 956702333
09-27 04:51:31.947: I/TestSupport(2592): Broadcast sent: gms:phenotype:phenotype_flag:debug_bypass_phenotype
09-27 04:51:31.947: I/TestSupport(2592): GServices override confirmed: gms:phenotype:phenotype_flag:debug_bypass_phenotype=false
09-27 04:51:31.959: D/PowerManagerService(1677): acquireWakeLockInternal: lock=143068933, flags=0x1, tag="Icing", ws=WorkSource{10014 com.google.android.gms}, uid=10014, pid=2592
09-27 04:51:31.959: D/PowerManagerService(1677): updateWakeLockSummaryLocked: mWakefulness=Awake, mWakeLockSummary=0x1
09-27 04:51:31.959: D/PowerManagerService(1677): updateUserActivitySummaryLocked: mWakefulness=Awake, mUserActivitySummary=0x4, nextTimeout=-1 (7531259 ms ago)
09-27 04:51:31.959: D/PowerManagerService(1677): updateDisplayPowerStateLocked: mDisplayReady=true, policy=2, mWakefulness=1, mWakeLockSummary=0x1, mUserActivitySummary=0x4, mBootCompleted=true, mScreenBrightnessBoostInProgress=false, mIsVrModeEnabled= false, sQuiescent=false
09-27 04:51:31.962: I/TestSupport(2592): SetFlagOverridesOperation: com.google.android.gms.auth.api.credentials, '', [Flag(is_enabled, false, 2, 0)]
09-27 04:51:31.980: W/zygote(2263): Long monitor contention with owner netscheduler-queue-handler (2937) at void xno.a(xnk, xla)(:com.google.android.gms@13280022@13.2.80 (040700-211705629):113) waiters=0 in int xno.d(xlr) for 109ms
09-27 04:51:32.006: D/PowerManagerService(1677): releaseWakeLockInternal: lock=211123359 [IntentOp:.reminders.notification.RefreshNotificationsIntentOperation], flags=0x0
09-27 04:51:32.006: D/PowerManagerService(1677): updateWakeLockSummaryLocked: mWakefulness=Awake, mWakeLockSummary=0x1
09-27 04:51:32.006: D/PowerManagerService(1677): updateUserActivitySummaryLocked: mWakefulness=Awake, mUserActivitySummary=0x4, nextTimeout=-1 (7531306 ms ago)
09-27 04:51:32.006: D/PowerManagerService(1677): updateDisplayPowerStateLocked: mDisplayReady=true, policy=2, mWakefulness=1, mWakeLockSummary=0x1, mUserActivitySummary=0x4, mBootCompleted=true, mScreenBrightnessBoostInProgress=false, mIsVrModeEnabled= false, sQuiescent=false
09-27 04:51:32.009: I/CmaSystemUpdateService(2592): StartServiceIntentOperation: Intent { act=com.google.gservices.intent.action.GSERVICES_CHANGED flg=0x1000010 cmp=com.google.android.gms/.chimera.GmsIntentOperationService$PersistentInternalReceiver }
09-27 04:51:32.009: I/CmaSystemUpdateService(2592): receiver: Intent { act=com.google.gservices.intent.action.GSERVICES_CHANGED flg=0x1000010 cmp=com.google.android.gms/.chimera.GmsIntentOperationService$PersistentInternalReceiver }
09-27 04:51:32.009: D/PowerManagerService(1677): acquireWakeLockInternal: lock=265615330, flags=0x1, tag="CmaSystemUpdateService", ws=WorkSource{10014 com.google.android.gms}, uid=10014, pid=2592
09-27 04:51:32.009: D/PowerManagerService(1677): updateWakeLockSummaryLocked: mWakefulness=Awake, mWakeLockSummary=0x1
09-27 04:51:32.009: D/PowerManagerService(1677): updateUserActivitySummaryLocked: mWakefulness=Awake, mUserActivitySummary=0x4, nextTimeout=-1 (7531310 ms ago)
09-27 04:51:32.010: D/PowerManagerService(1677): updateDisplayPowerStateLocked: mDisplayReady=true, policy=2, mWakefulness=1, mWakeLockSummary=0x1, mUserActivitySummary=0x4, mBootCompleted=true, mScreenBrightnessBoostInProgress=false, mIsVrModeEnabled= false, sQuiescent=false
09-27 04:51:32.011: I/SystemUpdate(2592): [Installation,ReceiverIntentOperation] Received intent: Intent { act=com.google.gservices.intent.action.GSERVICES_CHANGED flg=0x1000010 cmp=com.google.android.gms/.chimera.GmsIntentOperationService$PersistentInternalReceiver }.
09-27 04:51:32.028: D/PowerManagerService(1677): acquireWakeLockInternal: lock=188191526, flags=0x1, tag="IntentOp:.reminders.notification.ScheduleLocationRemindersIntentOperation", ws=WorkSource{10014 com.google.android.gms}, uid=10014, pid=2592
09-27 04:51:32.028: D/PowerManagerService(1677): updateWakeLockSummaryLocked: mWakefulness=Awake, mWakeLockSummary=0x1
09-27 04:51:32.028: D/PowerManagerService(1677): updateUserActivitySummaryLocked: mWakefulness=Awake, mUserActivitySummary=0x4, nextTimeout=-1 (7531328 ms ago)
09-27 04:51:32.028: D/PowerManagerService(1677): updateDisplayPowerStateLocked: mDisplayReady=true, policy=2, mWakefulness=1, mWakeLockSummary=0x1, mUserActivitySummary=0x4, mBootCompleted=true, mScreenBrightnessBoostInProgress=false, mIsVrModeEnabled= false, sQuiescent=false
09-27 04:51:32.031: D/PowerManagerService(1677): acquireWakeLockInternal: lock=182676327, flags=0x1, tag="IntentOp:com.google.android.gms/.chimera.GmsIntentOperationService", ws=WorkSource{10014 com.google.android.gms}, uid=10014, pid=2263
09-27 04:51:32.031: D/PowerManagerService(1677): updateWakeLockSummaryLocked: mWakefulness=Awake, mWakeLockSummary=0x1
09-27 04:51:32.032: D/PowerManagerService(1677): updateUserActivitySummaryLocked: mWakefulness=Awake, mUserActivitySummary=0x4, nextTimeout=-1 (7531332 ms ago)
09-27 04:51:32.032: D/PowerManagerService(1677): updateDisplayPowerStateLocked: mDisplayReady=true, policy=2, mWakefulness=1, mWakeLockSummary=0x1, mUserActivitySummary=0x4, mBootCompleted=true, mScreenBrightnessBoostInProgress=false, mIsVrModeEnabled= false, sQuiescent=false
09-27 04:51:32.036: I/NetRec(2263): [329] afog.b: onConfigChanged()
09-27 04:51:32.040: I/Vision(2592): Details: ocr_x86.zip, ff3dcfd5e3828224849fbeffe1ed2e71a7ad3400
09-27 04:51:32.043: I/Vision(2592): Engine already satisfied by existing download for ocr
09-27 04:51:32.045: D/PowerManagerService(1677): acquireWakeLockInternal: lock=104353044, flags=0x1, tag="CMWakeLock", ws=WorkSource{10014 com.google.android.gms}, uid=10014, pid=2263
09-27 04:51:32.045: D/PowerManagerService(1677): updateWakeLockSummaryLocked: mWakefulness=Awake, mWakeLockSummary=0x1
09-27 04:51:32.045: D/PowerManagerService(1677): updateUserActivitySummaryLocked: mWakefulness=Awake, mUserActivitySummary=0x4, nextTimeout=-1 (7531345 ms ago)
09-27 04:51:32.045: D/PowerManagerService(1677): updateDisplayPowerStateLocked: mDisplayReady=true, policy=2, mWakefulness=1, mWakeLockSummary=0x1, mUserActivitySummary=0x4, mBootCompleted=true, mScreenBrightnessBoostInProgress=false, mIsVrModeEnabled= false, sQuiescent=false
09-27 04:51:32.046: I/GCoreUlr(2263): Starting service, intent=Intent { act=com.google.android.location.reporting.ACTION_UPDATE_WORLD cmp=com.google.android.gms/com.google.android.location.reporting.service.DispatchingService (has extras) }, extras=Bundle[{receiverAction=com.google.gservices.intent.action.GSERVICES_CHANGED}]
09-27 04:51:32.060: D/PowerManagerService(1677): releaseWakeLockInternal: lock=213238843 [*net_scheduler*], flags=0x0
09-27 04:51:32.060: D/PowerManagerService(1677): updateWakeLockSummaryLocked: mWakefulness=Awake, mWakeLockSummary=0x1
09-27 04:51:32.060: D/PowerManagerService(1677): updateUserActivitySummaryLocked: mWakefulness=Awake, mUserActivitySummary=0x4, nextTimeout=-1 (7531360 ms ago)
09-27 04:51:32.060: D/PowerManagerService(1677): updateDisplayPowerStateLocked: mDisplayReady=true, policy=2, mWakefulness=1, mWakeLockSummary=0x1, mUserActivitySummary=0x4, mBootCompleted=true, mScreenBrightnessBoostInProgress=false, mIsVrModeEnabled= false, sQuiescent=false
09-27 04:51:32.061: D/PowerManagerService(1677): acquireWakeLockInternal: lock=213238843, flags=0x1, tag="*net_scheduler*", ws=WorkSource{10014 com.google.android.gms}, uid=10014, pid=2263
09-27 04:51:32.061: D/PowerManagerService(1677): updateWakeLockSummaryLocked: mWakefulness=Awake, mWakeLockSummary=0x1
09-27 04:51:32.061: D/PowerManagerService(1677): updateUserActivitySummaryLocked: mWakefulness=Awake, mUserActivitySummary=0x4, nextTimeout=-1 (7531361 ms ago)
09-27 04:51:32.061: D/PowerManagerService(1677): updateDisplayPowerStateLocked: mDisplayReady=true, policy=2, mWakefulness=1, mWakeLockSummary=0x1, mUserActivitySummary=0x4, mBootCompleted=true, mScreenBrightnessBoostInProgress=false, mIsVrModeEnabled= false, sQuiescent=false
09-27 04:51:32.077: D/PowerManagerService(1677): releaseWakeLockInternal: lock=188191526 [IntentOp:.reminders.notification.ScheduleLocationRemindersIntentOperation], flags=0x0
09-27 04:51:32.077: D/PowerManagerService(1677): updateWakeLockSummaryLocked: mWakefulness=Awake, mWakeLockSummary=0x1
09-27 04:51:32.077: D/PowerManagerService(1677): updateUserActivitySummaryLocked: mWakefulness=Awake, mUserActivitySummary=0x4, nextTimeout=-1 (7531377 ms ago)
09-27 04:51:32.077: D/PowerManagerService(1677): updateDisplayPowerStateLocked: mDisplayReady=true, policy=2, mWakefulness=1, mWakeLockSummary=0x1, mUserActivitySummary=0x4, mBootCompleted=true, mScreenBrightnessBoostInProgress=false, mIsVrModeEnabled= false, sQuiescent=false
09-27 04:51:32.078: D/PowerManagerService(1677): releaseWakeLockInternal: lock=265615330 [CmaSystemUpdateService], flags=0x0
09-27 04:51:32.078: D/PowerManagerService(1677): updateWakeLockSummaryLocked: mWakefulness=Awake, mWakeLockSummary=0x1
09-27 04:51:32.078: D/PowerManagerService(1677): updateUserActivitySummaryLocked: mWakefulness=Awake, mUserActivitySummary=0x4, nextTimeout=-1 (7531378 ms ago)
09-27 04:51:32.078: D/PowerManagerService(1677): updateDisplayPowerStateLocked: mDisplayReady=true, policy=2, mWakefulness=1, mWakeLockSummary=0x1, mUserActivitySummary=0x4, mBootCompleted=true, mScreenBrightnessBoostInProgress=false, mIsVrModeEnabled= false, sQuiescent=false
09-27 04:51:32.080: I/SystemUpdate(2592): [Execution,InstallationEventIntentOperation] Handling event of type 2.
09-27 04:51:32.088: I/Remoter(1528): Saved screenshot to '/data/screenshots/__pmv__-0076.jpg'
09-27 04:51:32.114: D/PowerManagerService(1677): acquireWakeLockInternal: lock=72783033, flags=0x1, tag="IntentOp:.reminders.notification.RefreshNotificationsIntentOperation", ws=WorkSource{10014 com.google.android.gms}, uid=10014, pid=2592
09-27 04:51:32.114: D/PowerManagerService(1677): updateWakeLockSummaryLocked: mWakefulness=Awake, mWakeLockSummary=0x1
09-27 04:51:32.114: D/PowerManagerService(1677): updateUserActivitySummaryLocked: mWakefulness=Awake, mUserActivitySummary=0x4, nextTimeout=-1 (7531414 ms ago)
09-27 04:51:32.114: D/PowerManagerService(1677): updateDisplayPowerStateLocked: mDisplayReady=true, policy=2, mWakefulness=1, mWakeLockSummary=0x1, mUserActivitySummary=0x4, mBootCompleted=true, mScreenBrightnessBoostInProgress=false, mIsVrModeEnabled= false, sQuiescent=false
09-27 04:51:32.117: I/SystemUpdate(2592): [Execution,InstallationIntentOperation] Received intent: Intent { act=com.google.android.gms.update.INSTALL_UPDATE cat=[targeted_intent_op_prefix:.update.execution.InstallationIntentOperation] cmp=com.google.android.gms/.chimera.GmsIntentOperationService }.
09-27 04:51:32.118: I/SystemUpdate(2592): [Execution,ExecutionManager] Action finished-execution executed for 0.00 seconds.
09-27 04:51:32.121: D/PowerManagerService(1677): releaseWakeLockInternal: lock=182676327 [IntentOp:com.google.android.gms/.chimera.GmsIntentOperationService], flags=0x0
09-27 04:51:32.121: D/PowerManagerService(1677): updateWakeLockSummaryLocked: mWakefulness=Awake, mWakeLockSummary=0x1
09-27 04:51:32.121: D/PowerManagerService(1677): updateUserActivitySummaryLocked: mWakefulness=Awake, mUserActivitySummary=0x4, nextTimeout=-1 (7531421 ms ago)
09-27 04:51:32.121: D/PowerManagerService(1677): updateDisplayPowerStateLocked: mDisplayReady=true, policy=2, mWakefulness=1, mWakeLockSummary=0x1, mUserActivitySummary=0x4, mBootCompleted=true, mScreenBrightnessBoostInProgress=false, mIsVrModeEnabled= false, sQuiescent=false
09-27 04:51:32.124: D/PowerManagerService(1677): acquireWakeLockInternal: lock=65226136, flags=0x1, tag="UlrDispSvcFastWL", ws=WorkSource{10014 com.google.android.gms}, uid=10014, pid=2263
09-27 04:51:32.124: D/PowerManagerService(1677): updateWakeLockSummaryLocked: mWakefulness=Awake, mWakeLockSummary=0x1
09-27 04:51:32.124: D/PowerManagerService(1677): updateUserActivitySummaryLocked: mWakefulness=Awake, mUserActivitySummary=0x4, nextTimeout=-1 (7531424 ms ago)
09-27 04:51:32.124: D/PowerManagerService(1677): updateDisplayPowerStateLocked: mDisplayReady=true, policy=2, mWakefulness=1, mWakeLockSummary=0x1, mUserActivitySummary=0x4, mBootCompleted=true, mScreenBrightnessBoostInProgress=false, mIsVrModeEnabled= false, sQuiescent=false
09-27 04:51:32.124: D/PowerManagerService(1677): updateWakeLockWorkSourceInternal: lock=65226136 [UlrDispSvcFastWL], ws=null
09-27 04:51:32.125: I/GCoreUlr(2263): WorldUpdater received intent Intent { act=com.google.android.location.reporting.ACTION_UPDATE_WORLD cmp=com.google.android.gms/com.google.android.location.reporting.service.DispatchingService (has extras) } with receiverAction com.google.gservices.intent.action.GSERVICES_CHANGED
09-27 04:51:32.134: I/GeofencerStateMachine(2263): sendQueryLocationOptIn
09-27 04:51:32.134: D/PowerManagerService(1677): acquireWakeLockInternal: lock=160637764, flags=0x1, tag="Wakeful StateMachine: GeofencerStateMachine", ws=WorkSource{10014 com.google.android.gms}, uid=10014, pid=2263
09-27 04:51:32.134: D/PowerManagerService(1677): updateWakeLockSummaryLocked: mWakefulness=Awake, mWakeLockSummary=0x1
09-27 04:51:32.134: D/PowerManagerService(1677): updateUserActivitySummaryLocked: mWakefulness=Awake, mUserActivitySummary=0x4, nextTimeout=-1 (7531434 ms ago)
09-27 04:51:32.134: D/PowerManagerService(1677): updateDisplayPowerStateLocked: mDisplayReady=true, policy=2, mWakefulness=1, mWakeLockSummary=0x1, mUserActivitySummary=0x4, mBootCompleted=true, mScreenBrightnessBoostInProgress=false, mIsVrModeEnabled= false, sQuiescent=false
09-27 04:51:32.138: D/PowerManagerService(1677): acquireWakeLockInternal: lock=160637764, flags=0x1, tag="Wakeful StateMachine: GeofencerStateMachine", ws=WorkSource{10014 com.google.android.gms}, uid=10014, pid=2263
09-27 04:51:32.138: D/PowerManagerService(1677): updateWakeLockSummaryLocked: mWakefulness=Awake, mWakeLockSummary=0x1
09-27 04:51:32.138: D/PowerManagerService(1677): updateUserActivitySummaryLocked: mWakefulness=Awake, mUserActivitySummary=0x4, nextTimeout=-1 (7531438 ms ago)
09-27 04:51:32.138: D/PowerManagerService(1677): updateDisplayPowerStateLocked: mDisplayReady=true, policy=2, mWakefulness=1, mWakeLockSummary=0x1, mUserActivitySummary=0x4, mBootCompleted=true, mScreenBrightnessBoostInProgress=false, mIsVrModeEnabled= false, sQuiescent=false
09-27 04:51:32.140: D/PowerManagerService(1677): acquireWakeLockInternal: lock=160637764, flags=0x1, tag="Wakeful StateMachine: GeofencerStateMachine", ws=WorkSource{10014 com.google.android.gms}, uid=10014, pid=2263
09-27 04:51:32.140: D/PowerManagerService(1677): updateWakeLockSummaryLocked: mWakefulness=Awake, mWakeLockSummary=0x1
09-27 04:51:32.140: D/PowerManagerService(1677): updateUserActivitySummaryLocked: mWakefulness=Awake, mUserActivitySummary=0x4, nextTimeout=-1 (7531440 ms ago)
09-27 04:51:32.140: D/PowerManagerService(1677): updateDisplayPowerStateLocked: mDisplayReady=true, policy=2, mWakefulness=1, mWakeLockSummary=0x1, mUserActivitySummary=0x4, mBootCompleted=true, mScreenBrightnessBoostInProgress=false, mIsVrModeEnabled= false, sQuiescent=false
09-27 04:51:32.145: D/PowerManagerService(1677): acquireWakeLockInternal: lock=160637764, flags=0x1, tag="Wakeful StateMachine: GeofencerStateMachine", ws=WorkSource{10014 com.google.android.gms}, uid=10014, pid=2263
09-27 04:51:32.145: D/PowerManagerService(1677): updateWakeLockSummaryLocked: mWakefulness=Awake, mWakeLockSummary=0x1
09-27 04:51:32.145: D/PowerManagerService(1677): updateUserActivitySummaryLocked: mWakefulness=Awake, mUserActivitySummary=0x4, nextTimeout=-1 (7531445 ms ago)
09-27 04:51:32.145: D/PowerManagerService(1677): updateDisplayPowerStateLocked: mDisplayReady=true, policy=2, mWakefulness=1, mWakeLockSummary=0x1, mUserActivitySummary=0x4, mBootCompleted=true, mScreenBrightnessBoostInProgress=false, mIsVrModeEnabled= false, sQuiescent=false
09-27 04:51:32.147: D/PowerManagerService(1677): acquireWakeLockInternal: lock=160637764, flags=0x1, tag="Wakeful StateMachine: GeofencerStateMachine", ws=WorkSource{10014 com.google.android.gms}, uid=10014, pid=2263
09-27 04:51:32.147: D/PowerManagerService(1677): updateWakeLockSummaryLocked: mWakefulness=Awake, mWakeLockSummary=0x1
09-27 04:51:32.147: D/PowerManagerService(1677): updateUserActivitySummaryLocked: mWakefulness=Awake, mUserActivitySummary=0x4, nextTimeout=-1 (7531447 ms ago)
09-27 04:51:32.148: D/PowerManagerService(1677): updateDisplayPowerStateLocked: mDisplayReady=true, policy=2, mWakefulness=1, mWakeLockSummary=0x1, mUserActivitySummary=0x4, mBootCompleted=true, mScreenBrightnessBoostInProgress=false, mIsVrModeEnabled= false, sQuiescent=false
09-27 04:51:32.153: D/PowerManagerService(1677): acquireWakeLockInternal: lock=160637764, flags=0x1, tag="Wakeful StateMachine: GeofencerStateMachine", ws=WorkSource{10014 com.google.android.gms}, uid=10014, pid=2263
09-27 04:51:32.153: D/PowerManagerService(1677): updateWakeLockSummaryLocked: mWakefulness=Awake, mWakeLockSummary=0x1
09-27 04:51:32.153: D/PowerManagerService(1677): updateUserActivitySummaryLocked: mWakefulness=Awake, mUserActivitySummary=0x4, nextTimeout=-1 (7531453 ms ago)
09-27 04:51:32.153: D/PowerManagerService(1677): updateDisplayPowerStateLocked: mDisplayReady=true, policy=2, mWakefulness=1, mWakeLockSummary=0x1, mUserActivitySummary=0x4, mBootCompleted=true, mScreenBrightnessBoostInProgress=false, mIsVrModeEnabled= false, sQuiescent=false
